Archive member included to satisfy reference by file (symbol)

lib/acados/acados/libacados.a(ocp_nlp_common.c.obj)
                              CMakeFiles/ITB_Nucleo_configuration.elf.dir/C_/Users/Mario_Bertelli/Desktop/TVTest/TVTests/c_generated_code/acados_solver_dt_model.c.obj (ocp_nlp_dims_set_opt_vars)
lib/acados/acados/libacados.a(ocp_nlp_constraints_common.c.obj)
                              lib/acados/acados/libacados.a(ocp_nlp_common.c.obj) (ocp_nlp_constraints_config_calculate_size)
lib/acados/acados/libacados.a(ocp_nlp_cost_common.c.obj)
                              lib/acados/acados/libacados.a(ocp_nlp_common.c.obj) (ocp_nlp_cost_config_calculate_size)
lib/acados/acados/libacados.a(ocp_nlp_dynamics_common.c.obj)
                              lib/acados/acados/libacados.a(ocp_nlp_common.c.obj) (ocp_nlp_dynamics_config_calculate_size)
lib/acados/acados/libacados.a(ocp_nlp_reg_common.c.obj)
                              lib/acados/acados/libacados.a(ocp_nlp_common.c.obj) (ocp_nlp_reg_config_calculate_size)
lib/acados/acados/libacados.a(ocp_qp_common.c.obj)
                              lib/acados/acados/libacados.a(ocp_nlp_common.c.obj) (ocp_qp_in_calculate_size)
lib/acados/acados/libacados.a(ocp_qp_xcond_solver.c.obj)
                              lib/acados/acados/libacados.a(ocp_nlp_common.c.obj) (ocp_qp_xcond_solver_config_calculate_size)
lib/acados/acados/libacados.a(sim_common.c.obj)
                              lib/acados/acados/libacados.a(ocp_nlp_dynamics_common.c.obj) (sim_config_calculate_size)
lib/acados/acados/libacados.a(math.c.obj)
                              lib/acados/acados/libacados.a(ocp_nlp_reg_common.c.obj) (acados_eigen_decomposition)
lib/acados/acados/libacados.a(mem.c.obj)
                              lib/acados/acados/libacados.a(ocp_nlp_common.c.obj) (make_int_multiple_of)
lib/acados/acados/libacados.a(timing.c.obj)
                              lib/acados/acados/libacados.a(ocp_qp_xcond_solver.c.obj) (acados_tic)
lib/acados/acados/libacados.a(external_function_interface.c.obj)
                              CMakeFiles/ITB_Nucleo_configuration.elf.dir/C_/Users/Mario_Bertelli/Desktop/TVTest/TVTests/c_generated_code/acados_solver_dt_model.c.obj (external_function_param_casadi_create)
lib/acados/acados/libacados.a(ocp_nlp_interface.c.obj)
                              CMakeFiles/ITB_Nucleo_configuration.elf.dir/C_/Users/Mario_Bertelli/Desktop/TVTest/TVTests/c_generated_code/acados_solver_dt_model.c.obj (ocp_nlp_plan_create)
lib/acados/acados/libacados.a(ocp_qp_interface.c.obj)
                              lib/acados/acados/libacados.a(ocp_nlp_interface.c.obj) (ocp_qp_xcond_solver_config_initialize_from_plan)
lib/acados/acados/libacados.a(dense_qp_hpipm.c.obj)
                              lib/acados/acados/libacados.a(ocp_qp_interface.c.obj) (dense_qp_hpipm_config_initialize_default)
lib/acados/acados/libacados.a(ocp_nlp_constraints_bgh.c.obj)
                              lib/acados/acados/libacados.a(ocp_nlp_interface.c.obj) (ocp_nlp_constraints_bgh_config_initialize_default)
lib/acados/acados/libacados.a(ocp_nlp_constraints_bgp.c.obj)
                              lib/acados/acados/libacados.a(ocp_nlp_interface.c.obj) (ocp_nlp_constraints_bgp_config_initialize_default)
lib/acados/acados/libacados.a(ocp_nlp_cost_external.c.obj)
                              lib/acados/acados/libacados.a(ocp_nlp_interface.c.obj) (ocp_nlp_cost_external_config_initialize_default)
lib/acados/acados/libacados.a(ocp_nlp_cost_ls.c.obj)
                              lib/acados/acados/libacados.a(ocp_nlp_interface.c.obj) (ocp_nlp_cost_ls_config_initialize_default)
lib/acados/acados/libacados.a(ocp_nlp_cost_nls.c.obj)
                              lib/acados/acados/libacados.a(ocp_nlp_interface.c.obj) (ocp_nlp_cost_nls_config_initialize_default)
lib/acados/acados/libacados.a(ocp_nlp_dynamics_cont.c.obj)
                              lib/acados/acados/libacados.a(ocp_nlp_interface.c.obj) (ocp_nlp_dynamics_cont_config_initialize_default)
lib/acados/acados/libacados.a(ocp_nlp_dynamics_disc.c.obj)
                              lib/acados/acados/libacados.a(ocp_nlp_interface.c.obj) (ocp_nlp_dynamics_disc_config_initialize_default)
lib/acados/acados/libacados.a(ocp_nlp_reg_convexify.c.obj)
                              lib/acados/acados/libacados.a(ocp_nlp_interface.c.obj) (ocp_nlp_reg_convexify_config_initialize_default)
lib/acados/acados/libacados.a(ocp_nlp_reg_mirror.c.obj)
                              lib/acados/acados/libacados.a(ocp_nlp_interface.c.obj) (ocp_nlp_reg_mirror_config_initialize_default)
lib/acados/acados/libacados.a(ocp_nlp_reg_noreg.c.obj)
                              lib/acados/acados/libacados.a(ocp_nlp_interface.c.obj) (ocp_nlp_reg_noreg_config_initialize_default)
lib/acados/acados/libacados.a(ocp_nlp_reg_project.c.obj)
                              lib/acados/acados/libacados.a(ocp_nlp_interface.c.obj) (ocp_nlp_reg_project_config_initialize_default)
[...]
Memory Configuration

Name             Origin             Length             Attributes
RAM              0x20000000         0x00080000         xrw
RAMEXT           0xc0000000         0x01000000         rw
FLASH            0x08000000         0x00200000         xr
*default*        0x00000000         0xffffffff

Linker script and memory map

LOAD c:/users/mariob~1/scoop/apps/gcc-ar~1/current/bin/../lib/gcc/arm-none-eabi/10.3.1/thumb/v7e-m+dp/hard/crti.o
LOAD c:/users/mariob~1/scoop/apps/gcc-ar~1/current/bin/../lib/gcc/arm-none-eabi/10.3.1/thumb/v7e-m+dp/hard/crtbegin.o
LOAD c:/users/mariob~1/scoop/apps/gcc-ar~1/current/bin/../lib/gcc/arm-none-eabi/10.3.1/../../../../arm-none-eabi/lib/thumb/v7e-m+dp/hard/crt0.o
LOAD CMakeFiles/ITB_Nucleo_configuration.elf.dir/C_/Users/Mario_Bertelli/Desktop/TVTest/TVTests/c_generated_code/acados_solver_dt_model.c.obj
LOAD CMakeFiles/ITB_Nucleo_configuration.elf.dir/C_/Users/Mario_Bertelli/Desktop/TVTest/TVTests/c_generated_code/dt_model_model/dt_model_expl_ode_fun.c.obj
LOAD CMakeFiles/ITB_Nucleo_configuration.elf.dir/C_/Users/Mario_Bertelli/Desktop/TVTest/TVTests/c_generated_code/dt_model_model/dt_model_expl_ode_hess.c.obj
LOAD CMakeFiles/ITB_Nucleo_configuration.elf.dir/C_/Users/Mario_Bertelli/Desktop/TVTest/TVTests/c_generated_code/dt_model_model/dt_model_expl_vde_adj.c.obj
LOAD CMakeFiles/ITB_Nucleo_configuration.elf.dir/C_/Users/Mario_Bertelli/Desktop/TVTest/TVTests/c_generated_code/dt_model_model/dt_model_expl_vde_forw.c.obj
LOAD CMakeFiles/ITB_Nucleo_configuration.elf.dir/C_Code_Sources/Src/TVModel.c.obj
LOAD CMakeFiles/ITB_Nucleo_configuration.elf.dir/C_Code_Sources/Src/TVModel_data.c.obj
LOAD CMakeFiles/ITB_Nucleo_configuration.elf.dir/Drivers/STM32F7xx_HAL_Driver/Src/stm32f7xx_hal.c.obj
LOAD CMakeFiles/ITB_Nucleo_configuration.elf.dir/Drivers/STM32F7xx_HAL_Driver/Src/stm32f7xx_hal_cortex.c.obj
LOAD CMakeFiles/ITB_Nucleo_configuration.elf.dir/Drivers/STM32F7xx_HAL_Driver/Src/stm32f7xx_hal_dma.c.obj
LOAD CMakeFiles/ITB_Nucleo_configuration.elf.dir/Drivers/STM32F7xx_HAL_Driver/Src/stm32f7xx_hal_dma_ex.c.obj
LOAD CMakeFiles/ITB_Nucleo_configuration.elf.dir/Drivers/STM32F7xx_HAL_Driver/Src/stm32f7xx_hal_exti.c.obj
LOAD CMakeFiles/ITB_Nucleo_configuration.elf.dir/Drivers/STM32F7xx_HAL_Driver/Src/stm32f7xx_hal_flash.c.obj
LOAD CMakeFiles/ITB_Nucleo_configuration.elf.dir/Drivers/STM32F7xx_HAL_Driver/Src/stm32f7xx_hal_flash_ex.c.obj
LOAD CMakeFiles/ITB_Nucleo_configuration.elf.dir/Drivers/STM32F7xx_HAL_Driver/Src/stm32f7xx_hal_gpio.c.obj
LOAD CMakeFiles/ITB_Nucleo_configuration.elf.dir/Drivers/STM32F7xx_HAL_Driver/Src/stm32f7xx_hal_i2c.c.obj
LOAD CMakeFiles/ITB_Nucleo_configuration.elf.dir/Drivers/STM32F7xx_HAL_Driver/Src/stm32f7xx_hal_i2c_ex.c.obj
LOAD CMakeFiles/ITB_Nucleo_configuration.elf.dir/Drivers/STM32F7xx_HAL_Driver/Src/stm32f7xx_hal_pwr.c.obj
LOAD CMakeFiles/ITB_Nucleo_configuration.elf.dir/Drivers/STM32F7xx_HAL_Driver/Src/stm32f7xx_hal_pwr_ex.c.obj
LOAD CMakeFiles/ITB_Nucleo_configuration.elf.dir/Drivers/STM32F7xx_HAL_Driver/Src/stm32f7xx_hal_rcc.c.obj
LOAD CMakeFiles/ITB_Nucleo_configuration.elf.dir/Drivers/STM32F7xx_HAL_Driver/Src/stm32f7xx_hal_rcc_ex.c.obj
LOAD CMakeFiles/ITB_Nucleo_configuration.elf.dir/Drivers/STM32F7xx_HAL_Driver/Src/stm32f7xx_hal_sdram.c.obj
LOAD CMakeFiles/ITB_Nucleo_configuration.elf.dir/Drivers/STM32F7xx_HAL_Driver/Src/stm32f7xx_hal_tim.c.obj
LOAD CMakeFiles/ITB_Nucleo_configuration.elf.dir/Drivers/STM32F7xx_HAL_Driver/Src/stm32f7xx_hal_tim_ex.c.obj
LOAD CMakeFiles/ITB_Nucleo_configuration.elf.dir/Drivers/STM32F7xx_HAL_Driver/Src/stm32f7xx_hal_uart.c.obj
LOAD CMakeFiles/ITB_Nucleo_configuration.elf.dir/Drivers/STM32F7xx_HAL_Driver/Src/stm32f7xx_hal_uart_ex.c.obj
LOAD CMakeFiles/ITB_Nucleo_configuration.elf.dir/Drivers/STM32F7xx_HAL_Driver/Src/stm32f7xx_ll_fmc.c.obj
LOAD CMakeFiles/ITB_Nucleo_configuration.elf.dir/Src/acados_wrapper.c.obj
LOAD CMakeFiles/ITB_Nucleo_configuration.elf.dir/Src/dma.c.obj
LOAD CMakeFiles/ITB_Nucleo_configuration.elf.dir/Src/fmc.c.obj
LOAD CMakeFiles/ITB_Nucleo_configuration.elf.dir/Src/gpio.c.obj
LOAD CMakeFiles/ITB_Nucleo_configuration.elf.dir/Src/main.c.obj
LOAD CMakeFiles/ITB_Nucleo_configuration.elf.dir/Src/stm32f7xx_hal_msp.c.obj
LOAD CMakeFiles/ITB_Nucleo_configuration.elf.dir/Src/stm32f7xx_hal_timebase_tim.c.obj
LOAD CMakeFiles/ITB_Nucleo_configuration.elf.dir/Src/stm32f7xx_it.c.obj
LOAD CMakeFiles/ITB_Nucleo_configuration.elf.dir/Src/syscalls.c.obj
LOAD CMakeFiles/ITB_Nucleo_configuration.elf.dir/Src/sysmem.c.obj
LOAD CMakeFiles/ITB_Nucleo_configuration.elf.dir/Src/system_stm32f7xx.c.obj
LOAD CMakeFiles/ITB_Nucleo_configuration.elf.dir/Src/tim.c.obj
LOAD CMakeFiles/ITB_Nucleo_configuration.elf.dir/Src/usart.c.obj
LOAD CMakeFiles/ITB_Nucleo_configuration.elf.dir/Src/usartFcnLib.c.obj
LOAD CMakeFiles/ITB_Nucleo_configuration.elf.dir/Startup/startup_stm32f765bitx.s.obj
LOAD lib/acados/acados/libacados.a
LOAD lib/acados/external/blasfeo/libblasfeo.a
LOAD lib/acados/external/hpipm/libhpipm.a
LOAD lib/acados/external/blasfeo/libblasfeo.a
LOAD c:/users/mariob~1/scoop/apps/gcc-ar~1/current/bin/../lib/gcc/arm-none-eabi/10.3.1/../../../../arm-none-eabi/lib/thumb/v7e-m+dp/hard\libm.a
START GROUP
LOAD c:/users/mariob~1/scoop/apps/gcc-ar~1/current/bin/../lib/gcc/arm-none-eabi/10.3.1/thumb/v7e-m+dp/hard\libgcc.a
LOAD c:/users/mariob~1/scoop/apps/gcc-ar~1/current/bin/../lib/gcc/arm-none-eabi/10.3.1/../../../../arm-none-eabi/lib/thumb/v7e-m+dp/hard\libg.a
LOAD c:/users/mariob~1/scoop/apps/gcc-ar~1/current/bin/../lib/gcc/arm-none-eabi/10.3.1/../../../../arm-none-eabi/lib/thumb/v7e-m+dp/hard\libc.a
END GROUP
LOAD c:/users/mariob~1/scoop/apps/gcc-ar~1/current/bin/../lib/gcc/arm-none-eabi/10.3.1/thumb/v7e-m+dp/hard/crtend.o
LOAD c:/users/mariob~1/scoop/apps/gcc-ar~1/current/bin/../lib/gcc/arm-none-eabi/10.3.1/thumb/v7e-m+dp/hard/crtn.o
                0x20080000                _estack = (ORIGIN (RAM) + LENGTH (RAM))
                0xc1000000                _estack_ = (ORIGIN (RAMEXT) + LENGTH (RAMEXT))
                0x00004000                _Min_Heap_Size = 0x4000
                0x00004000                _Min_Stack_Size = 0x4000

.isr_vector     0x08000000      0x1f8
                0x08000000                . = ALIGN (0x4)
 *(.isr_vector)
 .isr_vector    0x08000000      0x1f8 CMakeFiles/ITB_Nucleo_configuration.elf.dir/Startup/startup_stm32f765bitx.s.obj
                0x08000000                g_pfnVectors
                0x080001f8                . = ALIGN (0x4)

.text           0x08000200    0x73ec4
                0x08000200                . = ALIGN (0x4)
 *(.text)
 .text          0x08000200       0x40 c:/users/mariob~1/scoop/apps/gcc-ar~1/current/bin/../lib/gcc/arm-none-eabi/10.3.1/thumb/v7e-m+dp/hard/crtbegin.o
 .text          0x08000240       0x30 c:/users/mariob~1/scoop/apps/gcc-ar~1/current/bin/../lib/gcc/arm-none-eabi/10.3.1/thumb/v7e-m+dp/hard\libgcc.a(_aeabi_uldivmod.o)
                0x08000240                __aeabi_uldivmod
 .text          0x08000270      0x2d0 c:/users/mariob~1/scoop/apps/gcc-ar~1/current/bin/../lib/gcc/arm-none-eabi/10.3.1/thumb/v7e-m+dp/hard\libgcc.a(_udivmoddi4.o)
                0x08000270                __udivmoddi4
 .text          0x08000540        0x4 c:/users/mariob~1/scoop/apps/gcc-ar~1/current/bin/../lib/gcc/arm-none-eabi/10.3.1/thumb/v7e-m+dp/hard\libgcc.a(_dvmd_tls.o)
                0x08000540                __aeabi_idiv0
                0x08000540                __aeabi_ldiv0
 .text          0x08000544      0x134 c:/users/mariob~1/scoop/apps/gcc-ar~1/current/bin/../lib/gcc/arm-none-eabi/10.3.1/../../../../arm-none-eabi/lib/thumb/v7e-m+dp/hard\libg.a(lib_a-memcpy.o)
                0x08000544                memcpy
 *fill*         0x08000678        0x8 
 .text          0x08000680      0x2dc c:/users/mariob~1/scoop/apps/gcc-ar~1/current/bin/../lib/gcc/arm-none-eabi/10.3.1/../../../../arm-none-eabi/lib/thumb/v7e-m+dp/hard\libg.a(lib_a-strcmp.o)
                0x08000688                strcmp
 *fill*         0x0800095c       0x24 
 .text          0x08000980       0xdc c:/users/mariob~1/scoop/apps/gcc-ar~1/current/bin/../lib/gcc/arm-none-eabi/10.3.1/../../../../arm-none-eabi/lib/thumb/v7e-m+dp/hard\libg.a(lib_a-strlen.o)
                0x08000980                strlen
 *fill*         0x08000a5c        0x4 
 .text          0x08000a60       0xa0 c:/users/mariob~1/scoop/apps/gcc-ar~1/current/bin/../lib/gcc/arm-none-eabi/10.3.1/../../../../arm-none-eabi/lib/thumb/v7e-m+dp/hard\libg.a(lib_a-memchr.o)
                0x08000a60                memchr
 *(.text*)
 .text.dt_model_acados_create_capsule
                0x08000b00        0x8 CMakeFiles/ITB_Nucleo_configuration.elf.dir/C_/Users/Mario_Bertelli/Desktop/TVTest/TVTests/c_generated_code/acados_solver_dt_model.c.obj
                0x08000b00                dt_model_acados_create_capsule
 .text.dt_model_acados_update_time_steps
                0x08000b08       0x84 CMakeFiles/ITB_Nucleo_configuration.elf.dir/C_/Users/Mario_Bertelli/Desktop/TVTest/TVTests/c_generated_code/acados_solver_dt_model.c.obj
                0x08000b08                dt_model_acados_update_time_steps
 .text.dt_model_acados_update_params
                0x08000b8c       0x48 CMakeFiles/ITB_Nucleo_configuration.elf.dir/C_/Users/Mario_Bertelli/Desktop/TVTest/TVTests/c_generated_code/acados_solver_dt_model.c.obj
                0x08000b8c                dt_model_acados_update_params
 *fill*         0x08000bd4        0x4 
 .text.dt_model_acados_create_with_discretization.part.0
                0x08000bd8     0x1028 CMakeFiles/ITB_Nucleo_configuration.elf.dir/C_/Users/Mario_Bertelli/Desktop/TVTest/TVTests/c_generated_code/acados_solver_dt_model.c.obj
 .text.dt_model_acados_create
                0x08001c00        0x8 CMakeFiles/ITB_Nucleo_configuration.elf.dir/C_/Users/Mario_Bertelli/Desktop/TVTest/TVTests/c_generated_code/acados_solver_dt_model.c.obj
                0x08001c00                dt_model_acados_create
 .text.dt_model_acados_solve
                0x08001c08        0xc CMakeFiles/ITB_Nucleo_configuration.elf.dir/C_/Users/Mario_Bertelli/Desktop/TVTest/TVTests/c_generated_code/acados_solver_dt_model.c.obj
                0x08001c08                dt_model_acados_solve
 .text.dt_model_acados_get_nlp_in
                0x08001c14        0x4 CMakeFiles/ITB_Nucleo_configuration.elf.dir/C_/Users/Mario_Bertelli/Desktop/TVTest/TVTests/c_generated_code/acados_solver_dt_model.c.obj
                0x08001c14                dt_model_acados_get_nlp_in
 .text.dt_model_acados_get_nlp_out
                0x08001c18        0x4 CMakeFiles/ITB_Nucleo_configuration.elf.dir/C_/Users/Mario_Bertelli/Desktop/TVTest/TVTests/c_generated_code/acados_solver_dt_model.c.obj
                0x08001c18                dt_model_acados_get_nlp_out
 .text.dt_model_acados_get_nlp_config
                0x08001c1c        0x4 CMakeFiles/ITB_Nucleo_configuration.elf.dir/C_/Users/Mario_Bertelli/Desktop/TVTest/TVTests/c_generated_code/acados_solver_dt_model.c.obj
                0x08001c1c                dt_model_acados_get_nlp_config
 .text.dt_model_acados_get_nlp_dims
                0x08001c20        0x4 CMakeFiles/ITB_Nucleo_configuration.elf.dir/C_/Users/Mario_Bertelli/Desktop/TVTest/TVTests/c_generated_code/acados_solver_dt_model.c.obj
                0x08001c20                dt_model_acados_get_nlp_dims
 *fill*         0x08001c24        0x4 
 .text.dt_model_expl_ode_fun
                0x08001c28      0xed8 CMakeFiles/ITB_Nucleo_configuration.elf.dir/C_/Users/Mario_Bertelli/Desktop/TVTest/TVTests/c_generated_code/dt_model_model/dt_model_expl_ode_fun.c.obj
                0x08001c28                dt_model_expl_ode_fun
 .text.dt_model_expl_ode_fun_n_in
                0x08002b00        0x4 CMakeFiles/ITB_Nucleo_configuration.elf.dir/C_/Users/Mario_Bertelli/Desktop/TVTest/TVTests/c_generated_code/dt_model_model/dt_model_expl_ode_fun.c.obj
                0x08002b00                dt_model_expl_ode_fun_n_in
 .text.dt_model_expl_ode_fun_n_out
                0x08002b04        0x4 CMakeFiles/ITB_Nucleo_configuration.elf.dir/C_/Users/Mario_Bertelli/Desktop/TVTest/TVTests/c_generated_code/dt_model_model/dt_model_expl_ode_fun.c.obj
                0x08002b04                dt_model_expl_ode_fun_n_out
 .text.dt_model_expl_ode_fun_sparsity_in
                0x08002b08       0x14 CMakeFiles/ITB_Nucleo_configuration.elf.dir/C_/Users/Mario_Bertelli/Desktop/TVTest/TVTests/c_generated_code/dt_model_model/dt_model_expl_ode_fun.c.obj
                0x08002b08                dt_model_expl_ode_fun_sparsity_in
 .text.dt_model_expl_ode_fun_sparsity_out
                0x08002b1c       0x10 CMakeFiles/ITB_Nucleo_configuration.elf.dir/C_/Users/Mario_Bertelli/Desktop/TVTest/TVTests/c_generated_code/dt_model_model/dt_model_expl_ode_fun.c.obj
                0x08002b1c                dt_model_expl_ode_fun_sparsity_out
 .text.dt_model_expl_ode_fun_work
                0x08002b2c       0x38 CMakeFiles/ITB_Nucleo_configuration.elf.dir/C_/Users/Mario_Bertelli/Desktop/TVTest/TVTests/c_generated_code/dt_model_model/dt_model_expl_ode_fun.c.obj
                0x08002b2c                dt_model_expl_ode_fun_work
 .text.dt_model_expl_vde_forw_densify.part.0
                0x08002b64       0xec CMakeFiles/ITB_Nucleo_configuration.elf.dir/C_/Users/Mario_Bertelli/Desktop/TVTest/TVTests/c_generated_code/dt_model_model/dt_model_expl_vde_forw.c.obj
 .text.dt_model_expl_vde_forw_trans
                0x08002c50       0x64 CMakeFiles/ITB_Nucleo_configuration.elf.dir/C_/Users/Mario_Bertelli/Desktop/TVTest/TVTests/c_generated_code/dt_model_model/dt_model_expl_vde_forw.c.obj
                0x08002c50                dt_model_expl_vde_forw_trans
 *fill*         0x08002cb4        0x4 
 .text.dt_model_expl_vde_forw
                0x08002cb8     0x7ad4 CMakeFiles/ITB_Nucleo_configuration.elf.dir/C_/Users/Mario_Bertelli/Desktop/TVTest/TVTests/c_generated_code/dt_model_model/dt_model_expl_vde_forw.c.obj
                0x08002cb8                dt_model_expl_vde_forw
 .text.dt_model_expl_vde_forw_n_in
                0x0800a78c        0x4 CMakeFiles/ITB_Nucleo_configuration.elf.dir/C_/Users/Mario_Bertelli/Desktop/TVTest/TVTests/c_generated_code/dt_model_model/dt_model_expl_vde_forw.c.obj
                0x0800a78c                dt_model_expl_vde_forw_n_in
 .text.dt_model_expl_vde_forw_n_out
                0x0800a790        0x4 CMakeFiles/ITB_Nucleo_configuration.elf.dir/C_/Users/Mario_Bertelli/Desktop/TVTest/TVTests/c_generated_code/dt_model_model/dt_model_expl_vde_forw.c.obj
                0x0800a790                dt_model_expl_vde_forw_n_out
 .text.dt_model_expl_vde_forw_sparsity_in
                0x0800a794       0x14 CMakeFiles/ITB_Nucleo_configuration.elf.dir/C_/Users/Mario_Bertelli/Desktop/TVTest/TVTests/c_generated_code/dt_model_model/dt_model_expl_vde_forw.c.obj
                0x0800a794                dt_model_expl_vde_forw_sparsity_in
 .text.dt_model_expl_vde_forw_sparsity_out
                0x0800a7a8       0x14 CMakeFiles/ITB_Nucleo_configuration.elf.dir/C_/Users/Mario_Bertelli/Desktop/TVTest/TVTests/c_generated_code/dt_model_model/dt_model_expl_vde_forw.c.obj
                0x0800a7a8                dt_model_expl_vde_forw_sparsity_out
 .text.dt_model_expl_vde_forw_work
                0x0800a7bc       0x3c CMakeFiles/ITB_Nucleo_configuration.elf.dir/C_/Users/Mario_Bertelli/Desktop/TVTest/TVTests/c_generated_code/dt_model_model/dt_model_expl_vde_forw.c.obj
                0x0800a7bc                dt_model_expl_vde_forw_work
 .text.look2_binlx
                0x0800a7f8      0x18c CMakeFiles/ITB_Nucleo_configuration.elf.dir/C_Code_Sources/Src/TVModel.c.obj
 .text.look1_binlx
                0x0800a984       0xbc CMakeFiles/ITB_Nucleo_configuration.elf.dir/C_Code_Sources/Src/TVModel.c.obj
 .text.plook_binc
                0x0800aa40       0x98 CMakeFiles/ITB_Nucleo_configuration.elf.dir/C_Code_Sources/Src/TVModel.c.obj
 .text.intrp2d_l.constprop.0
                0x0800aad8       0x5c CMakeFiles/ITB_Nucleo_configuration.elf.dir/C_Code_Sources/Src/TVModel.c.obj
 *fill*         0x0800ab34        0x4 
 .text.rt_atan2d_snf
                0x0800ab38      0x108 CMakeFiles/ITB_Nucleo_configuration.elf.dir/C_Code_Sources/Src/TVModel.c.obj
                0x0800ab38                rt_atan2d_snf
 .text.rt_powd_snf
                0x0800ac40      0x150 CMakeFiles/ITB_Nucleo_configuration.elf.dir/C_Code_Sources/Src/TVModel.c.obj
                0x0800ac40                rt_powd_snf
 .text.TV       0x0800ad90     0x1be8 CMakeFiles/ITB_Nucleo_configuration.elf.dir/C_Code_Sources/Src/TVModel.c.obj
                0x0800ad90                TV
 .text.TVModel_initialize
                0x0800c978       0xb8 CMakeFiles/ITB_Nucleo_configuration.elf.dir/C_Code_Sources/Src/TVModel.c.obj
                0x0800c978                TVModel_initialize
 .text.HAL_Init
                0x0800ca30       0x2c CMakeFiles/ITB_Nucleo_configuration.elf.dir/Drivers/STM32F7xx_HAL_Driver/Src/stm32f7xx_hal.c.obj
                0x0800ca30                HAL_Init
 .text.HAL_IncTick
                0x0800ca5c       0x18 CMakeFiles/ITB_Nucleo_configuration.elf.dir/Drivers/STM32F7xx_HAL_Driver/Src/stm32f7xx_hal.c.obj
                0x0800ca5c                HAL_IncTick
 .text.HAL_GetTick
                0x0800ca74        0xc CMakeFiles/ITB_Nucleo_configuration.elf.dir/Drivers/STM32F7xx_HAL_Driver/Src/stm32f7xx_hal.c.obj
                0x0800ca74                HAL_GetTick
 .text.HAL_Delay
                0x0800ca80       0x24 CMakeFiles/ITB_Nucleo_configuration.elf.dir/Drivers/STM32F7xx_HAL_Driver/Src/stm32f7xx_hal.c.obj
                0x0800ca80                HAL_Delay
 .text.HAL_NVIC_SetPriorityGrouping
                0x0800caa4       0x24 CMakeFiles/ITB_Nucleo_configuration.elf.dir/Drivers/STM32F7xx_HAL_Driver/Src/stm32f7xx_hal_cortex.c.obj
                0x0800caa4                HAL_NVIC_SetPriorityGrouping
 .text.HAL_NVIC_SetPriority
                0x0800cac8       0x7c CMakeFiles/ITB_Nucleo_configuration.elf.dir/Drivers/STM32F7xx_HAL_Driver/Src/stm32f7xx_hal_cortex.c.obj
                0x0800cac8                HAL_NVIC_SetPriority
 .text.HAL_NVIC_EnableIRQ
                0x0800cb44       0x1c CMakeFiles/ITB_Nucleo_configuration.elf.dir/Drivers/STM32F7xx_HAL_Driver/Src/stm32f7xx_hal_cortex.c.obj
                0x0800cb44                HAL_NVIC_EnableIRQ
 .text.HAL_DMA_Init
                0x0800cb60      0x138 CMakeFiles/ITB_Nucleo_configuration.elf.dir/Drivers/STM32F7xx_HAL_Driver/Src/stm32f7xx_hal_dma.c.obj
                0x0800cb60                HAL_DMA_Init
 .text.HAL_DMA_Abort_IT
                0x0800cc98       0x28 CMakeFiles/ITB_Nucleo_configuration.elf.dir/Drivers/STM32F7xx_HAL_Driver/Src/stm32f7xx_hal_dma.c.obj
                0x0800cc98                HAL_DMA_Abort_IT
 .text.HAL_DMA_IRQHandler
                0x0800ccc0      0x1e0 CMakeFiles/ITB_Nucleo_configuration.elf.dir/Drivers/STM32F7xx_HAL_Driver/Src/stm32f7xx_hal_dma.c.obj
                0x0800ccc0                HAL_DMA_IRQHandler
 .text.HAL_GPIO_Init
                0x0800cea0      0x28c CMakeFiles/ITB_Nucleo_configuration.elf.dir/Drivers/STM32F7xx_HAL_Driver/Src/stm32f7xx_hal_gpio.c.obj
                0x0800cea0                HAL_GPIO_Init
 .text.HAL_GPIO_WritePin
                0x0800d12c        0x8 CMakeFiles/ITB_Nucleo_configuration.elf.dir/Drivers/STM32F7xx_HAL_Driver/Src/stm32f7xx_hal_gpio.c.obj
                0x0800d12c                HAL_GPIO_WritePin
 .text.HAL_GPIO_EXTI_Callback
                0x0800d134        0x4 CMakeFiles/ITB_Nucleo_configuration.elf.dir/Drivers/STM32F7xx_HAL_Driver/Src/stm32f7xx_hal_gpio.c.obj
                0x0800d134                HAL_GPIO_EXTI_Callback
 .text.HAL_GPIO_EXTI_IRQHandler
                0x0800d138       0x18 CMakeFiles/ITB_Nucleo_configuration.elf.dir/Drivers/STM32F7xx_HAL_Driver/Src/stm32f7xx_hal_gpio.c.obj
                0x0800d138                HAL_GPIO_EXTI_IRQHandler
 .text.HAL_PWREx_EnableOverDrive
                0x0800d150       0x74 CMakeFiles/ITB_Nucleo_configuration.elf.dir/Drivers/STM32F7xx_HAL_Driver/Src/stm32f7xx_hal_pwr_ex.c.obj
                0x0800d150                HAL_PWREx_EnableOverDrive
 .text.HAL_RCC_OscConfig
                0x0800d1c4      0x3ec CMakeFiles/ITB_Nucleo_configuration.elf.dir/Drivers/STM32F7xx_HAL_Driver/Src/stm32f7xx_hal_rcc.c.obj
                0x0800d1c4                HAL_RCC_OscConfig
 .text.HAL_RCC_GetSysClockFreq
                0x0800d5b0       0x68 CMakeFiles/ITB_Nucleo_configuration.elf.dir/Drivers/STM32F7xx_HAL_Driver/Src/stm32f7xx_hal_rcc.c.obj
                0x0800d5b0                HAL_RCC_GetSysClockFreq
 .text.HAL_RCC_ClockConfig
                0x0800d618      0x140 CMakeFiles/ITB_Nucleo_configuration.elf.dir/Drivers/STM32F7xx_HAL_Driver/Src/stm32f7xx_hal_rcc.c.obj
                0x0800d618                HAL_RCC_ClockConfig
 .text.HAL_RCC_GetPCLK1Freq
                0x0800d758       0x20 CMakeFiles/ITB_Nucleo_configuration.elf.dir/Drivers/STM32F7xx_HAL_Driver/Src/stm32f7xx_hal_rcc.c.obj
                0x0800d758                HAL_RCC_GetPCLK1Freq
 .text.HAL_RCC_GetPCLK2Freq
                0x0800d778       0x20 CMakeFiles/ITB_Nucleo_configuration.elf.dir/Drivers/STM32F7xx_HAL_Driver/Src/stm32f7xx_hal_rcc.c.obj
                0x0800d778                HAL_RCC_GetPCLK2Freq
 .text.HAL_RCC_GetClockConfig
                0x0800d798       0x44 CMakeFiles/ITB_Nucleo_configuration.elf.dir/Drivers/STM32F7xx_HAL_Driver/Src/stm32f7xx_hal_rcc.c.obj
                0x0800d798                HAL_RCC_GetClockConfig
 .text.HAL_RCCEx_PeriphCLKConfig
                0x0800d7dc      0x53c CMakeFiles/ITB_Nucleo_configuration.elf.dir/Drivers/STM32F7xx_HAL_Driver/Src/stm32f7xx_hal_rcc_ex.c.obj
                0x0800d7dc                HAL_RCCEx_PeriphCLKConfig
 .text.HAL_SDRAM_Init
                0x0800dd18       0x44 CMakeFiles/ITB_Nucleo_configuration.elf.dir/Drivers/STM32F7xx_HAL_Driver/Src/stm32f7xx_hal_sdram.c.obj
                0x0800dd18                HAL_SDRAM_Init
 .text.HAL_SDRAM_SendCommand
                0x0800dd5c       0x30 CMakeFiles/ITB_Nucleo_configuration.elf.dir/Drivers/STM32F7xx_HAL_Driver/Src/stm32f7xx_hal_sdram.c.obj
                0x0800dd5c                HAL_SDRAM_SendCommand
 .text.HAL_SDRAM_ProgramRefreshRate
                0x0800dd8c       0x28 CMakeFiles/ITB_Nucleo_configuration.elf.dir/Drivers/STM32F7xx_HAL_Driver/Src/stm32f7xx_hal_sdram.c.obj
                0x0800dd8c                HAL_SDRAM_ProgramRefreshRate
 .text.TIM_OC1_SetConfig
                0x0800ddb4       0x64 CMakeFiles/ITB_Nucleo_configuration.elf.dir/Drivers/STM32F7xx_HAL_Driver/Src/stm32f7xx_hal_tim.c.obj
 .text.TIM_OC3_SetConfig
                0x0800de18       0x68 CMakeFiles/ITB_Nucleo_configuration.elf.dir/Drivers/STM32F7xx_HAL_Driver/Src/stm32f7xx_hal_tim.c.obj
 .text.TIM_OC4_SetConfig
                0x0800de80       0x54 CMakeFiles/ITB_Nucleo_configuration.elf.dir/Drivers/STM32F7xx_HAL_Driver/Src/stm32f7xx_hal_tim.c.obj
 .text.TIM_OC5_SetConfig
                0x0800ded4       0x54 CMakeFiles/ITB_Nucleo_configuration.elf.dir/Drivers/STM32F7xx_HAL_Driver/Src/stm32f7xx_hal_tim.c.obj
 .text.TIM_OC6_SetConfig
                0x0800df28       0x54 CMakeFiles/ITB_Nucleo_configuration.elf.dir/Drivers/STM32F7xx_HAL_Driver/Src/stm32f7xx_hal_tim.c.obj
 .text.HAL_TIM_Base_Start_IT
                0x0800df7c       0x2c CMakeFiles/ITB_Nucleo_configuration.elf.dir/Drivers/STM32F7xx_HAL_Driver/Src/stm32f7xx_hal_tim.c.obj
                0x0800df7c                HAL_TIM_Base_Start_IT
 .text.HAL_TIM_OC_DelayElapsedCallback
                0x0800dfa8        0x4 CMakeFiles/ITB_Nucleo_configuration.elf.dir/Drivers/STM32F7xx_HAL_Driver/Src/stm32f7xx_hal_tim.c.obj
                0x0800dfa8                HAL_TIM_OC_DelayElapsedCallback
 .text.HAL_TIM_IC_CaptureCallback
                0x0800dfac        0x4 CMakeFiles/ITB_Nucleo_configuration.elf.dir/Drivers/STM32F7xx_HAL_Driver/Src/stm32f7xx_hal_tim.c.obj
                0x0800dfac                HAL_TIM_IC_CaptureCallback
 .text.HAL_TIM_PWM_PulseFinishedCallback
                0x0800dfb0        0x4 CMakeFiles/ITB_Nucleo_configuration.elf.dir/Drivers/STM32F7xx_HAL_Driver/Src/stm32f7xx_hal_tim.c.obj
                0x0800dfb0                HAL_TIM_PWM_PulseFinishedCallback
 .text.HAL_TIM_TriggerCallback
                0x0800dfb4        0x4 CMakeFiles/ITB_Nucleo_configuration.elf.dir/Drivers/STM32F7xx_HAL_Driver/Src/stm32f7xx_hal_tim.c.obj
                0x0800dfb4                HAL_TIM_TriggerCallback
 .text.HAL_TIM_IRQHandler
                0x0800dfb8      0x170 CMakeFiles/ITB_Nucleo_configuration.elf.dir/Drivers/STM32F7xx_HAL_Driver/Src/stm32f7xx_hal_tim.c.obj
                0x0800dfb8                HAL_TIM_IRQHandler
 .text.TIM_Base_SetConfig
                0x0800e128      0x118 CMakeFiles/ITB_Nucleo_configuration.elf.dir/Drivers/STM32F7xx_HAL_Driver/Src/stm32f7xx_hal_tim.c.obj
                0x0800e128                TIM_Base_SetConfig
 .text.HAL_TIM_Base_Init
                0x0800e240       0x38 CMakeFiles/ITB_Nucleo_configuration.elf.dir/Drivers/STM32F7xx_HAL_Driver/Src/stm32f7xx_hal_tim.c.obj
                0x0800e240                HAL_TIM_Base_Init
 .text.HAL_TIM_PWM_Init
                0x0800e278       0x38 CMakeFiles/ITB_Nucleo_configuration.elf.dir/Drivers/STM32F7xx_HAL_Driver/Src/stm32f7xx_hal_tim.c.obj
                0x0800e278                HAL_TIM_PWM_Init
 .text.TIM_OC2_SetConfig
                0x0800e2b0       0x68 CMakeFiles/ITB_Nucleo_configuration.elf.dir/Drivers/STM32F7xx_HAL_Driver/Src/stm32f7xx_hal_tim.c.obj
                0x0800e2b0                TIM_OC2_SetConfig
 .text.HAL_TIM_PWM_ConfigChannel
                0x0800e318      0x12c CMakeFiles/ITB_Nucleo_configuration.elf.dir/Drivers/STM32F7xx_HAL_Driver/Src/stm32f7xx_hal_tim.c.obj
                0x0800e318                HAL_TIM_PWM_ConfigChannel
 .text.HAL_TIMEx_MasterConfigSynchronization
                0x0800e444       0xb4 CMakeFiles/ITB_Nucleo_configuration.elf.dir/Drivers/STM32F7xx_HAL_Driver/Src/stm32f7xx_hal_tim_ex.c.obj
                0x0800e444                HAL_TIMEx_MasterConfigSynchronization
 .text.HAL_TIMEx_ConfigBreakDeadTime
                0x0800e4f8       0x8c CMakeFiles/ITB_Nucleo_configuration.elf.dir/Drivers/STM32F7xx_HAL_Driver/Src/stm32f7xx_hal_tim_ex.c.obj
                0x0800e4f8                HAL_TIMEx_ConfigBreakDeadTime
 .text.HAL_TIMEx_CommutCallback
                0x0800e584        0x4 CMakeFiles/ITB_Nucleo_configuration.elf.dir/Drivers/STM32F7xx_HAL_Driver/Src/stm32f7xx_hal_tim_ex.c.obj
                0x0800e584                HAL_TIMEx_CommutCallback
 .text.HAL_TIMEx_BreakCallback
                0x0800e588        0x4 CMakeFiles/ITB_Nucleo_configuration.elf.dir/Drivers/STM32F7xx_HAL_Driver/Src/stm32f7xx_hal_tim_ex.c.obj
                0x0800e588                HAL_TIMEx_BreakCallback
 .text.HAL_TIMEx_Break2Callback
                0x0800e58c        0x4 CMakeFiles/ITB_Nucleo_configuration.elf.dir/Drivers/STM32F7xx_HAL_Driver/Src/stm32f7xx_hal_tim_ex.c.obj
                0x0800e58c                HAL_TIMEx_Break2Callback
 .text.UART_TxISR_8BIT
                0x0800e590       0x40 CMakeFiles/ITB_Nucleo_configuration.elf.dir/Drivers/STM32F7xx_HAL_Driver/Src/stm32f7xx_hal_uart.c.obj
 .text.UART_TxISR_16BIT
                0x0800e5d0       0x44 CMakeFiles/ITB_Nucleo_configuration.elf.dir/Drivers/STM32F7xx_HAL_Driver/Src/stm32f7xx_hal_uart.c.obj
 .text.HAL_UART_Transmit_IT
                0x0800e614       0x70 CMakeFiles/ITB_Nucleo_configuration.elf.dir/Drivers/STM32F7xx_HAL_Driver/Src/stm32f7xx_hal_uart.c.obj
                0x0800e614                HAL_UART_Transmit_IT
 .text.HAL_UART_Receive_IT
                0x0800e684       0xe0 CMakeFiles/ITB_Nucleo_configuration.elf.dir/Drivers/STM32F7xx_HAL_Driver/Src/stm32f7xx_hal_uart.c.obj
                0x0800e684                HAL_UART_Receive_IT
 .text.HAL_UART_TxCpltCallback
                0x0800e764        0x4 CMakeFiles/ITB_Nucleo_configuration.elf.dir/Drivers/STM32F7xx_HAL_Driver/Src/stm32f7xx_hal_uart.c.obj
                0x0800e764                HAL_UART_TxCpltCallback
 .text.HAL_UART_RxCpltCallback
                0x0800e768        0x4 CMakeFiles/ITB_Nucleo_configuration.elf.dir/Drivers/STM32F7xx_HAL_Driver/Src/stm32f7xx_hal_uart.c.obj
                0x0800e768                HAL_UART_RxCpltCallback
 .text.UART_RxISR_8BIT
                0x0800e76c       0x5c CMakeFiles/ITB_Nucleo_configuration.elf.dir/Drivers/STM32F7xx_HAL_Driver/Src/stm32f7xx_hal_uart.c.obj
 .text.UART_RxISR_16BIT
                0x0800e7c8       0x5c CMakeFiles/ITB_Nucleo_configuration.elf.dir/Drivers/STM32F7xx_HAL_Driver/Src/stm32f7xx_hal_uart.c.obj
 .text.HAL_UART_ErrorCallback
                0x0800e824        0x4 CMakeFiles/ITB_Nucleo_configuration.elf.dir/Drivers/STM32F7xx_HAL_Driver/Src/stm32f7xx_hal_uart.c.obj
                0x0800e824                HAL_UART_ErrorCallback
 .text.UART_DMAAbortOnError
                0x0800e828       0x14 CMakeFiles/ITB_Nucleo_configuration.elf.dir/Drivers/STM32F7xx_HAL_Driver/Src/stm32f7xx_hal_uart.c.obj
 .text.HAL_UARTEx_WakeupCallback
                0x0800e83c        0x4 CMakeFiles/ITB_Nucleo_configuration.elf.dir/Drivers/STM32F7xx_HAL_Driver/Src/stm32f7xx_hal_uart.c.obj
                0x0800e83c                HAL_UARTEx_WakeupCallback
 .text.HAL_UART_IRQHandler
                0x0800e840      0x178 CMakeFiles/ITB_Nucleo_configuration.elf.dir/Drivers/STM32F7xx_HAL_Driver/Src/stm32f7xx_hal_uart.c.obj
                0x0800e840                HAL_UART_IRQHandler
 .text.UART_SetConfig
                0x0800e9b8      0x31c CMakeFiles/ITB_Nucleo_configuration.elf.dir/Drivers/STM32F7xx_HAL_Driver/Src/stm32f7xx_hal_uart.c.obj
                0x0800e9b8                UART_SetConfig
 .text.UART_AdvFeatureConfig
                0x0800ecd4       0xb0 CMakeFiles/ITB_Nucleo_configuration.elf.dir/Drivers/STM32F7xx_HAL_Driver/Src/stm32f7xx_hal_uart.c.obj
                0x0800ecd4                UART_AdvFeatureConfig
 .text.UART_WaitOnFlagUntilTimeout
                0x0800ed84       0xb4 CMakeFiles/ITB_Nucleo_configuration.elf.dir/Drivers/STM32F7xx_HAL_Driver/Src/stm32f7xx_hal_uart.c.obj
                0x0800ed84                UART_WaitOnFlagUntilTimeout
 .text.UART_CheckIdleState
                0x0800ee38       0x6c CMakeFiles/ITB_Nucleo_configuration.elf.dir/Drivers/STM32F7xx_HAL_Driver/Src/stm32f7xx_hal_uart.c.obj
                0x0800ee38                UART_CheckIdleState
 .text.HAL_UART_Init
                0x0800eea4       0x64 CMakeFiles/ITB_Nucleo_configuration.elf.dir/Drivers/STM32F7xx_HAL_Driver/Src/stm32f7xx_hal_uart.c.obj
                0x0800eea4                HAL_UART_Init
 .text.FMC_SDRAM_Init
                0x0800ef08       0x78 CMakeFiles/ITB_Nucleo_configuration.elf.dir/Drivers/STM32F7xx_HAL_Driver/Src/stm32f7xx_ll_fmc.c.obj
                0x0800ef08                FMC_SDRAM_Init
 .text.FMC_SDRAM_Timing_Init
                0x0800ef80       0x9c CMakeFiles/ITB_Nucleo_configuration.elf.dir/Drivers/STM32F7xx_HAL_Driver/Src/stm32f7xx_ll_fmc.c.obj
                0x0800ef80                FMC_SDRAM_Timing_Init
 .text.FMC_SDRAM_SendCommand
                0x0800f01c       0x30 CMakeFiles/ITB_Nucleo_configuration.elf.dir/Drivers/STM32F7xx_HAL_Driver/Src/stm32f7xx_ll_fmc.c.obj
                0x0800f01c                FMC_SDRAM_SendCommand
 .text.FMC_SDRAM_ProgramRefreshRate
                0x0800f04c       0x10 CMakeFiles/ITB_Nucleo_configuration.elf.dir/Drivers/STM32F7xx_HAL_Driver/Src/stm32f7xx_ll_fmc.c.obj
                0x0800f04c                FMC_SDRAM_ProgramRefreshRate
 .text.Acados_Caller
                0x0800f05c      0x1d4 CMakeFiles/ITB_Nucleo_configuration.elf.dir/Src/acados_wrapper.c.obj
                0x0800f05c                Acados_Caller
 .text.Acados_Caller_wrapper
                0x0800f230       0x2c CMakeFiles/ITB_Nucleo_configuration.elf.dir/Src/acados_wrapper.c.obj
                0x0800f230                Acados_Caller_wrapper
 .text.MX_DMA_Init
                0x0800f25c       0x34 CMakeFiles/ITB_Nucleo_configuration.elf.dir/Src/dma.c.obj
                0x0800f25c                MX_DMA_Init
 .text.MX_FMC_Init
                0x0800f290       0x64 CMakeFiles/ITB_Nucleo_configuration.elf.dir/Src/fmc.c.obj
                0x0800f290                MX_FMC_Init
 .text.HAL_SDRAM_MspInit
                0x0800f2f4       0xe8 CMakeFiles/ITB_Nucleo_configuration.elf.dir/Src/fmc.c.obj
                0x0800f2f4                HAL_SDRAM_MspInit
 .text.MX_GPIO_Init
                0x0800f3dc      0x2d4 CMakeFiles/ITB_Nucleo_configuration.elf.dir/Src/gpio.c.obj
                0x0800f3dc                MX_GPIO_Init
 .text.SystemClock_Config
                0x0800f6b0       0xac CMakeFiles/ITB_Nucleo_configuration.elf.dir/Src/main.c.obj
                0x0800f6b0                SystemClock_Config
 .text.MX_SDRAM_InitEx
                0x0800f75c       0x98 CMakeFiles/ITB_Nucleo_configuration.elf.dir/Src/main.c.obj
                0x0800f75c                MX_SDRAM_InitEx
 .text.startup.main
                0x0800f7f4       0xf0 CMakeFiles/ITB_Nucleo_configuration.elf.dir/Src/main.c.obj
                0x0800f7f4                main
 .text.HAL_TIM_PeriodElapsedCallback
                0x0800f8e4       0x2c CMakeFiles/ITB_Nucleo_configuration.elf.dir/Src/main.c.obj
                0x0800f8e4                HAL_TIM_PeriodElapsedCallback
 .text.Error_Handler
                0x0800f910        0x4 CMakeFiles/ITB_Nucleo_configuration.elf.dir/Src/main.c.obj
                0x0800f910                Error_Handler
 .text.HAL_MspInit
                0x0800f914       0x30 CMakeFiles/ITB_Nucleo_configuration.elf.dir/Src/stm32f7xx_hal_msp.c.obj
                0x0800f914                HAL_MspInit
 .text.HAL_InitTick
                0x0800f944       0x7c CMakeFiles/ITB_Nucleo_configuration.elf.dir/Src/stm32f7xx_hal_timebase_tim.c.obj
                0x0800f944                HAL_InitTick
 .text.NMI_Handler
                0x0800f9c0        0x4 CMakeFiles/ITB_Nucleo_configuration.elf.dir/Src/stm32f7xx_it.c.obj
                0x0800f9c0                NMI_Handler
 .text.HardFault_Handler
                0x0800f9c4        0x4 CMakeFiles/ITB_Nucleo_configuration.elf.dir/Src/stm32f7xx_it.c.obj
                0x0800f9c4                HardFault_Handler
 .text.MemManage_Handler
                0x0800f9c8        0x4 CMakeFiles/ITB_Nucleo_configuration.elf.dir/Src/stm32f7xx_it.c.obj
                0x0800f9c8                MemManage_Handler
 .text.BusFault_Handler
                0x0800f9cc        0x4 CMakeFiles/ITB_Nucleo_configuration.elf.dir/Src/stm32f7xx_it.c.obj
                0x0800f9cc                BusFault_Handler
 .text.UsageFault_Handler
                0x0800f9d0        0x4 CMakeFiles/ITB_Nucleo_configuration.elf.dir/Src/stm32f7xx_it.c.obj
                0x0800f9d0                UsageFault_Handler
 .text.SVC_Handler
                0x0800f9d4        0x4 CMakeFiles/ITB_Nucleo_configuration.elf.dir/Src/stm32f7xx_it.c.obj
                0x0800f9d4                SVC_Handler
 .text.DebugMon_Handler
                0x0800f9d8        0x4 CMakeFiles/ITB_Nucleo_configuration.elf.dir/Src/stm32f7xx_it.c.obj
                0x0800f9d8                DebugMon_Handler
 .text.PendSV_Handler
                0x0800f9dc        0x4 CMakeFiles/ITB_Nucleo_configuration.elf.dir/Src/stm32f7xx_it.c.obj
                0x0800f9dc                PendSV_Handler
 .text.SysTick_Handler
                0x0800f9e0        0x4 CMakeFiles/ITB_Nucleo_configuration.elf.dir/Src/stm32f7xx_it.c.obj
                0x0800f9e0                SysTick_Handler
 .text.USART1_IRQHandler
                0x0800f9e4       0x30 CMakeFiles/ITB_Nucleo_configuration.elf.dir/Src/stm32f7xx_it.c.obj
                0x0800f9e4                USART1_IRQHandler
 .text.EXTI15_10_IRQHandler
                0x0800fa14       0x18 CMakeFiles/ITB_Nucleo_configuration.elf.dir/Src/stm32f7xx_it.c.obj
                0x0800fa14                EXTI15_10_IRQHandler
 .text.TIM6_DAC_IRQHandler
                0x0800fa2c        0xc CMakeFiles/ITB_Nucleo_configuration.elf.dir/Src/stm32f7xx_it.c.obj
                0x0800fa2c                TIM6_DAC_IRQHandler
 .text.TIM7_IRQHandler
                0x0800fa38        0xc CMakeFiles/ITB_Nucleo_configuration.elf.dir/Src/stm32f7xx_it.c.obj
                0x0800fa38                TIM7_IRQHandler
 .text.DMA2_Stream2_IRQHandler
                0x0800fa44        0xc CMakeFiles/ITB_Nucleo_configuration.elf.dir/Src/stm32f7xx_it.c.obj
                0x0800fa44                DMA2_Stream2_IRQHandler
 .text._getpid  0x0800fa50        0x4 CMakeFiles/ITB_Nucleo_configuration.elf.dir/Src/syscalls.c.obj
                0x0800fa50                _getpid
 .text._kill    0x0800fa54       0x14 CMakeFiles/ITB_Nucleo_configuration.elf.dir/Src/syscalls.c.obj
                0x0800fa54                _kill
 .text._exit    0x0800fa68       0x14 CMakeFiles/ITB_Nucleo_configuration.elf.dir/Src/syscalls.c.obj
                0x0800fa68                _exit
 .text._read    0x0800fa7c       0x1c CMakeFiles/ITB_Nucleo_configuration.elf.dir/Src/syscalls.c.obj
                0x0800fa7c                _read
 .text._write   0x0800fa98       0x1c CMakeFiles/ITB_Nucleo_configuration.elf.dir/Src/syscalls.c.obj
                0x0800fa98                _write
 .text._close   0x0800fab4        0x8 CMakeFiles/ITB_Nucleo_configuration.elf.dir/Src/syscalls.c.obj
                0x0800fab4                _close
 .text._fstat   0x0800fabc        0xc CMakeFiles/ITB_Nucleo_configuration.elf.dir/Src/syscalls.c.obj
                0x0800fabc                _fstat
 .text._isatty  0x0800fac8        0x4 CMakeFiles/ITB_Nucleo_configuration.elf.dir/Src/syscalls.c.obj
                0x0800fac8                _isatty
 .text._lseek   0x0800facc        0x4 CMakeFiles/ITB_Nucleo_configuration.elf.dir/Src/syscalls.c.obj
                0x0800facc                _lseek
 .text._sbrk    0x0800fad0       0x48 CMakeFiles/ITB_Nucleo_configuration.elf.dir/Src/sysmem.c.obj
                0x0800fad0                _sbrk
 .text.SystemInit
                0x0800fb18       0x14 CMakeFiles/ITB_Nucleo_configuration.elf.dir/Src/system_stm32f7xx.c.obj
                0x0800fb18                SystemInit
 .text.MX_TIM6_Init
                0x0800fb2c       0x50 CMakeFiles/ITB_Nucleo_configuration.elf.dir/Src/tim.c.obj
                0x0800fb2c                MX_TIM6_Init
 .text.HAL_TIM_PWM_MspInit
                0x0800fb7c       0x2c CMakeFiles/ITB_Nucleo_configuration.elf.dir/Src/tim.c.obj
                0x0800fb7c                HAL_TIM_PWM_MspInit
 .text.HAL_TIM_Base_MspInit
                0x0800fba8       0x40 CMakeFiles/ITB_Nucleo_configuration.elf.dir/Src/tim.c.obj
                0x0800fba8                HAL_TIM_Base_MspInit
 .text.HAL_TIM_MspPostInit
                0x0800fbe8       0x54 CMakeFiles/ITB_Nucleo_configuration.elf.dir/Src/tim.c.obj
                0x0800fbe8                HAL_TIM_MspPostInit
 .text.MX_TIM1_Init
                0x0800fc3c      0x100 CMakeFiles/ITB_Nucleo_configuration.elf.dir/Src/tim.c.obj
                0x0800fc3c                MX_TIM1_Init
 .text.MX_USART1_UART_Init
                0x0800fd3c       0x3c CMakeFiles/ITB_Nucleo_configuration.elf.dir/Src/usart.c.obj
                0x0800fd3c                MX_USART1_UART_Init
 .text.HAL_UART_MspInit
                0x0800fd78       0xb8 CMakeFiles/ITB_Nucleo_configuration.elf.dir/Src/usart.c.obj
                0x0800fd78                HAL_UART_MspInit
 .text.IdleCallback
                0x0800fe30      0x220 CMakeFiles/ITB_Nucleo_configuration.elf.dir/Src/usart.c.obj
                0x0800fe30                IdleCallback
 .text.usartTransmit_DMA_wrapper
                0x08010050       0x1c CMakeFiles/ITB_Nucleo_configuration.elf.dir/Src/usartFcnLib.c.obj
                0x08010050                usartTransmit_DMA_wrapper
 .text.Reset_Handler
                0x0801006c       0x50 CMakeFiles/ITB_Nucleo_configuration.elf.dir/Startup/startup_stm32f765bitx.s.obj
                0x0801006c                Reset_Handler
 .text.Default_Handler
                0x080100bc        0x2 CMakeFiles/ITB_Nucleo_configuration.elf.dir/Startup/startup_stm32f765bitx.s.obj
                0x080100bc                RTC_Alarm_IRQHandler
                0x080100bc                EXTI2_IRQHandler
                0x080100bc                TIM8_CC_IRQHandler
                0x080100bc                UART8_IRQHandler
                0x080100bc                SPI4_IRQHandler
                0x080100bc                TIM1_CC_IRQHandler
                0x080100bc                DMA2_Stream5_IRQHandler
                0x080100bc                DMA1_Stream5_IRQHandler
                0x080100bc                CAN3_RX1_IRQHandler
                0x080100bc                PVD_IRQHandler
                0x080100bc                TAMP_STAMP_IRQHandler
                0x080100bc                CAN2_RX1_IRQHandler
                0x080100bc                EXTI3_IRQHandler
                0x080100bc                TIM8_TRG_COM_TIM14_IRQHandler
                0x080100bc                DFSDM1_FLT1_IRQHandler
                0x080100bc                TIM1_UP_TIM10_IRQHandler
                0x080100bc                TIM8_UP_TIM13_IRQHandler
                0x080100bc                I2C3_ER_IRQHandler
                0x080100bc                DFSDM1_FLT2_IRQHandler
                0x080100bc                EXTI0_IRQHandler
                0x080100bc                I2C2_EV_IRQHandler
                0x080100bc                DMA1_Stream2_IRQHandler
                0x080100bc                CAN1_RX0_IRQHandler
                0x080100bc                FPU_IRQHandler
                0x080100bc                OTG_HS_WKUP_IRQHandler
                0x080100bc                CAN3_SCE_IRQHandler
                0x080100bc                CAN2_SCE_IRQHandler
                0x080100bc                SPI1_IRQHandler
                0x080100bc                TIM1_BRK_TIM9_IRQHandler
                0x080100bc                DCMI_IRQHandler
                0x080100bc                CAN2_RX0_IRQHandler
                0x080100bc                DMA2_Stream3_IRQHandler
                0x080100bc                SAI2_IRQHandler
                0x080100bc                DFSDM1_FLT3_IRQHandler
                0x080100bc                USART6_IRQHandler
                0x080100bc                CAN3_RX0_IRQHandler
                0x080100bc                USART3_IRQHandler
                0x080100bc                CAN1_RX1_IRQHandler
                0x080100bc                UART5_IRQHandler
                0x080100bc                DMA2_Stream0_IRQHandler
                0x080100bc                TIM4_IRQHandler
                0x080100bc                QUADSPI_IRQHandler
                0x080100bc                I2C1_EV_IRQHandler
                0x080100bc                DMA1_Stream6_IRQHandler
                0x080100bc                DMA1_Stream1_IRQHandler
                0x080100bc                UART4_IRQHandler
                0x080100bc                TIM3_IRQHandler
                0x080100bc                RCC_IRQHandler
                0x080100bc                TIM8_BRK_TIM12_IRQHandler
                0x080100bc                Default_Handler
                0x080100bc                CEC_IRQHandler
                0x080100bc                ADC_IRQHandler
                0x080100bc                DMA1_Stream7_IRQHandler
                0x080100bc                SPI5_IRQHandler
                0x080100bc                SDMMC1_IRQHandler
                0x080100bc                CAN2_TX_IRQHandler
                0x080100bc                TIM5_IRQHandler
                0x080100bc                DMA2_Stream7_IRQHandler
                0x080100bc                I2C3_EV_IRQHandler
                0x080100bc                EXTI9_5_IRQHandler
                0x080100bc                RTC_WKUP_IRQHandler
                0x080100bc                ETH_WKUP_IRQHandler
                0x080100bc                SPDIF_RX_IRQHandler
                0x080100bc                SPI2_IRQHandler
                0x080100bc                OTG_HS_EP1_IN_IRQHandler
                0x080100bc                DMA1_Stream0_IRQHandler
                0x080100bc                CAN1_TX_IRQHandler
                0x080100bc                EXTI4_IRQHandler
                0x080100bc                RNG_IRQHandler
                0x080100bc                ETH_IRQHandler
                0x080100bc                OTG_HS_EP1_OUT_IRQHandler
                0x080100bc                WWDG_IRQHandler
                0x080100bc                SPI6_IRQHandler
                0x080100bc                MDIOS_IRQHandler
                0x080100bc                I2C4_EV_IRQHandler
                0x080100bc                CAN3_TX_IRQHandler
                0x080100bc                TIM2_IRQHandler
                0x080100bc                OTG_FS_WKUP_IRQHandler
                0x080100bc                TIM1_TRG_COM_TIM11_IRQHandler
                0x080100bc                OTG_HS_IRQHandler
                0x080100bc                DMA2D_IRQHandler
                0x080100bc                EXTI1_IRQHandler
                0x080100bc                SDMMC2_IRQHandler
                0x080100bc                UART7_IRQHandler
                0x080100bc                USART2_IRQHandler
                0x080100bc                DFSDM1_FLT0_IRQHandler
                0x080100bc                I2C2_ER_IRQHandler
                0x080100bc                DMA2_Stream1_IRQHandler
                0x080100bc                CAN1_SCE_IRQHandler
                0x080100bc                FLASH_IRQHandler
                0x080100bc                DMA2_Stream4_IRQHandler
                0x080100bc                OTG_FS_IRQHandler
                0x080100bc                SPI3_IRQHandler
                0x080100bc                DMA1_Stream4_IRQHandler
                0x080100bc                I2C1_ER_IRQHandler
                0x080100bc                FMC_IRQHandler
                0x080100bc                LPTIM1_IRQHandler
                0x080100bc                I2C4_ER_IRQHandler
                0x080100bc                DMA2_Stream6_IRQHandler
                0x080100bc                SAI1_IRQHandler
                0x080100bc                DMA1_Stream3_IRQHandler
 *fill*         0x080100be        0x2 
 .text.ocp_nlp_dims_calculate_size_self
                0x080100c0       0x30 lib/acados/acados/libacados.a(ocp_nlp_common.c.obj)
 .text.ocp_nlp_get_violation.constprop.0
                0x080100f0       0xc0 lib/acados/acados/libacados.a(ocp_nlp_common.c.obj)
 .text.ocp_nlp_config_calculate_size
                0x080101b0       0x74 lib/acados/acados/libacados.a(ocp_nlp_common.c.obj)
                0x080101b0                ocp_nlp_config_calculate_size
 .text.ocp_nlp_config_assign
                0x08010224       0xc8 lib/acados/acados/libacados.a(ocp_nlp_common.c.obj)
                0x08010224                ocp_nlp_config_assign
 .text.ocp_nlp_dims_calculate_size
                0x080102ec       0x68 lib/acados/acados/libacados.a(ocp_nlp_common.c.obj)
                0x080102ec                ocp_nlp_dims_calculate_size
 .text.ocp_nlp_dims_assign
                0x08010354      0x1dc lib/acados/acados/libacados.a(ocp_nlp_common.c.obj)
                0x08010354                ocp_nlp_dims_assign
 .text.ocp_nlp_dims_set_opt_vars
                0x08010530      0x470 lib/acados/acados/libacados.a(ocp_nlp_common.c.obj)
                0x08010530                ocp_nlp_dims_set_opt_vars
 .text.ocp_nlp_dims_set_constraints
                0x080109a0      0x20c lib/acados/acados/libacados.a(ocp_nlp_common.c.obj)
                0x080109a0                ocp_nlp_dims_set_constraints
 .text.ocp_nlp_dims_set_cost
                0x08010bac       0x20 lib/acados/acados/libacados.a(ocp_nlp_common.c.obj)
                0x08010bac                ocp_nlp_dims_set_cost
 .text.ocp_nlp_in_calculate_size
                0x08010bcc       0x8c lib/acados/acados/libacados.a(ocp_nlp_common.c.obj)
                0x08010bcc                ocp_nlp_in_calculate_size
 .text.ocp_nlp_in_assign_self
                0x08010c58       0x38 lib/acados/acados/libacados.a(ocp_nlp_common.c.obj)
                0x08010c58                ocp_nlp_in_assign_self
 .text.ocp_nlp_in_assign
                0x08010c90      0x104 lib/acados/acados/libacados.a(ocp_nlp_common.c.obj)
                0x08010c90                ocp_nlp_in_assign
 .text.ocp_nlp_out_calculate_size
                0x08010d94       0xc8 lib/acados/acados/libacados.a(ocp_nlp_common.c.obj)
                0x08010d94                ocp_nlp_out_calculate_size
 *fill*         0x08010e5c        0x4 
 .text.ocp_nlp_out_assign
                0x08010e60      0x24c lib/acados/acados/libacados.a(ocp_nlp_common.c.obj)
                0x08010e60                ocp_nlp_out_assign
 .text.ocp_nlp_opts_calculate_size
                0x080110ac       0xb4 lib/acados/acados/libacados.a(ocp_nlp_common.c.obj)
                0x080110ac                ocp_nlp_opts_calculate_size
 .text.ocp_nlp_opts_assign
                0x08011160      0x168 lib/acados/acados/libacados.a(ocp_nlp_common.c.obj)
                0x08011160                ocp_nlp_opts_assign
 .text.ocp_nlp_opts_initialize_default
                0x080112c8       0xf8 lib/acados/acados/libacados.a(ocp_nlp_common.c.obj)
                0x080112c8                ocp_nlp_opts_initialize_default
 .text.ocp_nlp_opts_update
                0x080113c0       0x8c lib/acados/acados/libacados.a(ocp_nlp_common.c.obj)
                0x080113c0                ocp_nlp_opts_update
 .text.ocp_nlp_opts_set
                0x0801144c      0x304 lib/acados/acados/libacados.a(ocp_nlp_common.c.obj)
                0x0801144c                ocp_nlp_opts_set
 .text.ocp_nlp_opts_set_at_stage
                0x08011750       0xf4 lib/acados/acados/libacados.a(ocp_nlp_common.c.obj)
                0x08011750                ocp_nlp_opts_set_at_stage
 .text.ocp_nlp_workspace_calculate_size
                0x08011844      0x1ec lib/acados/acados/libacados.a(ocp_nlp_common.c.obj)
                0x08011844                ocp_nlp_workspace_calculate_size
 .text.ocp_nlp_workspace_assign
                0x08011a30      0x294 lib/acados/acados/libacados.a(ocp_nlp_common.c.obj)
                0x08011a30                ocp_nlp_workspace_assign
 .text.ocp_nlp_alias_memory_to_submodules
                0x08011cc4      0x33c lib/acados/acados/libacados.a(ocp_nlp_common.c.obj)
                0x08011cc4                ocp_nlp_alias_memory_to_submodules
 .text.ocp_nlp_initialize_submodules
                0x08012000       0xcc lib/acados/acados/libacados.a(ocp_nlp_common.c.obj)
                0x08012000                ocp_nlp_initialize_submodules
 .text.ocp_nlp_initialize_t_slacks
                0x080120cc       0xf0 lib/acados/acados/libacados.a(ocp_nlp_common.c.obj)
                0x080120cc                ocp_nlp_initialize_t_slacks
 *fill*         0x080121bc        0x4 
 .text.ocp_nlp_approximate_qp_matrices
                0x080121c0      0x310 lib/acados/acados/libacados.a(ocp_nlp_common.c.obj)
                0x080121c0                ocp_nlp_approximate_qp_matrices
 .text.ocp_nlp_approximate_qp_vectors_sqp
                0x080124d0       0x88 lib/acados/acados/libacados.a(ocp_nlp_common.c.obj)
                0x080124d0                ocp_nlp_approximate_qp_vectors_sqp
 .text.ocp_nlp_embed_initial_value
                0x08012558       0x68 lib/acados/acados/libacados.a(ocp_nlp_common.c.obj)
                0x08012558                ocp_nlp_embed_initial_value
 .text.ocp_nlp_compute_merit_gradient
                0x080125c0      0x3bc lib/acados/acados/libacados.a(ocp_nlp_common.c.obj)
                0x080125c0                ocp_nlp_compute_merit_gradient
 *fill*         0x0801297c        0x4 
 .text.ocp_nlp_evaluate_merit_fun
                0x08012980      0x210 lib/acados/acados/libacados.a(ocp_nlp_common.c.obj)
                0x08012980                ocp_nlp_evaluate_merit_fun
 .text.ocp_nlp_line_search
                0x08012b90      0x3f4 lib/acados/acados/libacados.a(ocp_nlp_common.c.obj)
                0x08012b90                ocp_nlp_line_search
 .text.ocp_nlp_update_variables_sqp
                0x08012f84      0x20c lib/acados/acados/libacados.a(ocp_nlp_common.c.obj)
                0x08012f84                ocp_nlp_update_variables_sqp
 .text.ocp_nlp_res_calculate_size
                0x08013190       0xb0 lib/acados/acados/libacados.a(ocp_nlp_common.c.obj)
                0x08013190                ocp_nlp_res_calculate_size
 .text.ocp_nlp_memory_calculate_size
                0x08013240      0x290 lib/acados/acados/libacados.a(ocp_nlp_common.c.obj)
                0x08013240                ocp_nlp_memory_calculate_size
 .text.ocp_nlp_res_assign
                0x080134d0      0x128 lib/acados/acados/libacados.a(ocp_nlp_common.c.obj)
                0x080134d0                ocp_nlp_res_assign
 .text.ocp_nlp_memory_assign
                0x080135f8      0x430 lib/acados/acados/libacados.a(ocp_nlp_common.c.obj)
                0x080135f8                ocp_nlp_memory_assign
 .text.ocp_nlp_res_compute
                0x08013a28      0x2a8 lib/acados/acados/libacados.a(ocp_nlp_common.c.obj)
                0x08013a28                ocp_nlp_res_compute
 .text.ocp_nlp_res_get_inf_norm
                0x08013cd0       0x3c lib/acados/acados/libacados.a(ocp_nlp_common.c.obj)
                0x08013cd0                ocp_nlp_res_get_inf_norm
 .text.ocp_nlp_constraints_config_calculate_size
                0x08013d0c        0x4 lib/acados/acados/libacados.a(ocp_nlp_constraints_common.c.obj)
                0x08013d0c                ocp_nlp_constraints_config_calculate_size
 .text.ocp_nlp_constraints_config_assign
                0x08013d10        0x4 lib/acados/acados/libacados.a(ocp_nlp_constraints_common.c.obj)
                0x08013d10                ocp_nlp_constraints_config_assign
 .text.ocp_nlp_cost_config_calculate_size
                0x08013d14        0x4 lib/acados/acados/libacados.a(ocp_nlp_cost_common.c.obj)
                0x08013d14                ocp_nlp_cost_config_calculate_size
 .text.ocp_nlp_cost_config_assign
                0x08013d18        0x4 lib/acados/acados/libacados.a(ocp_nlp_cost_common.c.obj)
                0x08013d18                ocp_nlp_cost_config_assign
 .text.ocp_nlp_dynamics_config_calculate_size
                0x08013d1c        0xc lib/acados/acados/libacados.a(ocp_nlp_dynamics_common.c.obj)
                0x08013d1c                ocp_nlp_dynamics_config_calculate_size
 .text.ocp_nlp_dynamics_config_assign
                0x08013d28       0x14 lib/acados/acados/libacados.a(ocp_nlp_dynamics_common.c.obj)
                0x08013d28                ocp_nlp_dynamics_config_assign
 .text.ocp_nlp_reg_config_calculate_size
                0x08013d3c        0x4 lib/acados/acados/libacados.a(ocp_nlp_reg_common.c.obj)
                0x08013d3c                ocp_nlp_reg_config_calculate_size
 .text.ocp_nlp_reg_config_assign
                0x08013d40        0x4 lib/acados/acados/libacados.a(ocp_nlp_reg_common.c.obj)
                0x08013d40                ocp_nlp_reg_config_assign
 .text.ocp_nlp_reg_dims_calculate_size
                0x08013d44        0xc lib/acados/acados/libacados.a(ocp_nlp_reg_common.c.obj)
                0x08013d44                ocp_nlp_reg_dims_calculate_size
 .text.ocp_nlp_reg_dims_assign
                0x08013d50       0x98 lib/acados/acados/libacados.a(ocp_nlp_reg_common.c.obj)
                0x08013d50                ocp_nlp_reg_dims_assign
 .text.ocp_nlp_reg_dims_set
                0x08013de8       0xa4 lib/acados/acados/libacados.a(ocp_nlp_reg_common.c.obj)
                0x08013de8                ocp_nlp_reg_dims_set
 *fill*         0x08013e8c        0x4 
 .text.acados_reconstruct_A
                0x08013e90       0x98 lib/acados/acados/libacados.a(ocp_nlp_reg_common.c.obj)
                0x08013e90                acados_reconstruct_A
 .text.acados_mirror
                0x08013f28       0x78 lib/acados/acados/libacados.a(ocp_nlp_reg_common.c.obj)
                0x08013f28                acados_mirror
 .text.acados_project
                0x08013fa0       0x54 lib/acados/acados/libacados.a(ocp_nlp_reg_common.c.obj)
                0x08013fa0                acados_project
 .text.ocp_qp_solver_config_calculate_size
                0x08013ff4        0x4 lib/acados/acados/libacados.a(ocp_qp_common.c.obj)
                0x08013ff4                ocp_qp_solver_config_calculate_size
 .text.ocp_qp_solver_config_assign
                0x08013ff8        0x4 lib/acados/acados/libacados.a(ocp_qp_common.c.obj)
                0x08013ff8                ocp_qp_solver_config_assign
 .text.ocp_qp_condensing_config_calculate_size
                0x08013ffc        0x4 lib/acados/acados/libacados.a(ocp_qp_common.c.obj)
                0x08013ffc                ocp_qp_condensing_config_calculate_size
 .text.ocp_qp_condensing_config_assign
                0x08014000        0x4 lib/acados/acados/libacados.a(ocp_qp_common.c.obj)
                0x08014000                ocp_qp_condensing_config_assign
 .text.ocp_qp_dims_calculate_size
                0x08014004       0x28 lib/acados/acados/libacados.a(ocp_qp_common.c.obj)
                0x08014004                ocp_qp_dims_calculate_size
 .text.ocp_qp_dims_assign
                0x0801402c       0x74 lib/acados/acados/libacados.a(ocp_qp_common.c.obj)
                0x0801402c                ocp_qp_dims_assign
 .text.ocp_qp_dims_set
                0x080140a0       0x10 lib/acados/acados/libacados.a(ocp_qp_common.c.obj)
                0x080140a0                ocp_qp_dims_set
 .text.ocp_qp_in_calculate_size
                0x080140b0       0x48 lib/acados/acados/libacados.a(ocp_qp_common.c.obj)
                0x080140b0                ocp_qp_in_calculate_size
 .text.ocp_qp_in_assign
                0x080140f8       0x9c lib/acados/acados/libacados.a(ocp_qp_common.c.obj)
                0x080140f8                ocp_qp_in_assign
 .text.ocp_qp_out_calculate_size
                0x08014194       0x48 lib/acados/acados/libacados.a(ocp_qp_common.c.obj)
                0x08014194                ocp_qp_out_calculate_size
 .text.ocp_qp_out_assign
                0x080141dc       0xa8 lib/acados/acados/libacados.a(ocp_qp_common.c.obj)
                0x080141dc                ocp_qp_out_assign
 .text.ocp_qp_res_calculate_size
                0x08014284        0xc lib/acados/acados/libacados.a(ocp_qp_common.c.obj)
                0x08014284                ocp_qp_res_calculate_size
 .text.ocp_qp_res_assign
                0x08014290       0x48 lib/acados/acados/libacados.a(ocp_qp_common.c.obj)
                0x08014290                ocp_qp_res_assign
 .text.ocp_qp_res_workspace_calculate_size
                0x080142d8        0xc lib/acados/acados/libacados.a(ocp_qp_common.c.obj)
                0x080142d8                ocp_qp_res_workspace_calculate_size
 .text.ocp_qp_res_workspace_assign
                0x080142e4       0x48 lib/acados/acados/libacados.a(ocp_qp_common.c.obj)
                0x080142e4                ocp_qp_res_workspace_assign
 .text.ocp_qp_res_compute_nrm_inf
                0x0801432c      0x1a8 lib/acados/acados/libacados.a(ocp_qp_common.c.obj)
                0x0801432c                ocp_qp_res_compute_nrm_inf
 .text.ocp_qp_compute_t
                0x080144d4      0x128 lib/acados/acados/libacados.a(ocp_qp_common.c.obj)
                0x080144d4                ocp_qp_compute_t
 .text.ocp_qp_res_compute
                0x080145fc       0x3c lib/acados/acados/libacados.a(ocp_qp_common.c.obj)
                0x080145fc                ocp_qp_res_compute
 .text.ocp_qp_xcond_solver_opts_calculate_size
                0x08014638       0x34 lib/acados/acados/libacados.a(ocp_qp_xcond_solver.c.obj)
                0x08014638                ocp_qp_xcond_solver_opts_calculate_size
 .text.ocp_qp_xcond_solver_opts_initialize_default
                0x0801466c       0x3c lib/acados/acados/libacados.a(ocp_qp_xcond_solver.c.obj)
                0x0801466c                ocp_qp_xcond_solver_opts_initialize_default
 .text.ocp_qp_xcond_solver_opts_update
                0x080146a8       0x3c lib/acados/acados/libacados.a(ocp_qp_xcond_solver.c.obj)
                0x080146a8                ocp_qp_xcond_solver_opts_update
 .text.ocp_qp_xcond_solver_memory_calculate_size
                0x080146e4       0x40 lib/acados/acados/libacados.a(ocp_qp_xcond_solver.c.obj)
                0x080146e4                ocp_qp_xcond_solver_memory_calculate_size
 .text.ocp_qp_xcond_solver_memory_reset
                0x08014724       0x2c lib/acados/acados/libacados.a(ocp_qp_xcond_solver.c.obj)
                0x08014724                ocp_qp_xcond_solver_memory_reset
 .text.ocp_qp_xcond_solver_workspace_calculate_size
                0x08014750       0x38 lib/acados/acados/libacados.a(ocp_qp_xcond_solver.c.obj)
                0x08014750                ocp_qp_xcond_solver_workspace_calculate_size
 .text.ocp_qp_xcond_solver_dims_calculate_size
                0x08014788       0x24 lib/acados/acados/libacados.a(ocp_qp_xcond_solver.c.obj)
                0x08014788                ocp_qp_xcond_solver_dims_calculate_size
 .text.ocp_qp_xcond_solver_opts_assign
                0x080147ac       0xa4 lib/acados/acados/libacados.a(ocp_qp_xcond_solver.c.obj)
                0x080147ac                ocp_qp_xcond_solver_opts_assign
 .text.ocp_qp_xcond_solver_memory_assign
                0x08014850       0xe0 lib/acados/acados/libacados.a(ocp_qp_xcond_solver.c.obj)
                0x08014850                ocp_qp_xcond_solver_memory_assign
 .text.ocp_qp_xcond_solver_dims_set_
                0x08014930       0x34 lib/acados/acados/libacados.a(ocp_qp_xcond_solver.c.obj)
                0x08014930                ocp_qp_xcond_solver_dims_set_
 .text.ocp_qp_xcond_solver_opts_set_
                0x08014964       0x70 lib/acados/acados/libacados.a(ocp_qp_xcond_solver.c.obj)
                0x08014964                ocp_qp_xcond_solver_opts_set_
 .text.ocp_qp_xcond_solver_memory_get
                0x080149d4       0x80 lib/acados/acados/libacados.a(ocp_qp_xcond_solver.c.obj)
                0x080149d4                ocp_qp_xcond_solver_memory_get
 .text.cast_workspace.constprop.0
                0x08014a54       0x80 lib/acados/acados/libacados.a(ocp_qp_xcond_solver.c.obj)
 .text.ocp_qp_xcond_solver
                0x08014ad4       0xec lib/acados/acados/libacados.a(ocp_qp_xcond_solver.c.obj)
                0x08014ad4                ocp_qp_xcond_solver
 .text.ocp_qp_xcond_solver_eval_sens
                0x08014bc0       0x60 lib/acados/acados/libacados.a(ocp_qp_xcond_solver.c.obj)
                0x08014bc0                ocp_qp_xcond_solver_eval_sens
 .text.ocp_qp_xcond_solver_dims_assign
                0x08014c20       0x6c lib/acados/acados/libacados.a(ocp_qp_xcond_solver.c.obj)
                0x08014c20                ocp_qp_xcond_solver_dims_assign
 .text.ocp_qp_xcond_solver_config_calculate_size
                0x08014c8c       0x14 lib/acados/acados/libacados.a(ocp_qp_xcond_solver.c.obj)
                0x08014c8c                ocp_qp_xcond_solver_config_calculate_size
 .text.ocp_qp_xcond_solver_config_assign
                0x08014ca0       0x24 lib/acados/acados/libacados.a(ocp_qp_xcond_solver.c.obj)
                0x08014ca0                ocp_qp_xcond_solver_config_assign
 .text.ocp_qp_xcond_solver_config_initialize_default
                0x08014cc4       0x80 lib/acados/acados/libacados.a(ocp_qp_xcond_solver.c.obj)
                0x08014cc4                ocp_qp_xcond_solver_config_initialize_default
 .text.sim_config_calculate_size
                0x08014d44        0x4 lib/acados/acados/libacados.a(sim_common.c.obj)
                0x08014d44                sim_config_calculate_size
 .text.sim_config_assign
                0x08014d48        0x4 lib/acados/acados/libacados.a(sim_common.c.obj)
                0x08014d48                sim_config_assign
 .text.sim_in_calculate_size
                0x08014d4c       0x70 lib/acados/acados/libacados.a(sim_common.c.obj)
                0x08014d4c                sim_in_calculate_size
 .text.sim_in_assign
                0x08014dbc       0xd4 lib/acados/acados/libacados.a(sim_common.c.obj)
                0x08014dbc                sim_in_assign
 .text.sim_out_calculate_size
                0x08014e90       0x6c lib/acados/acados/libacados.a(sim_common.c.obj)
                0x08014e90                sim_out_calculate_size
 .text.sim_out_assign
                0x08014efc       0xe8 lib/acados/acados/libacados.a(sim_common.c.obj)
                0x08014efc                sim_out_assign
 .text.sim_opts_set_
                0x08014fe4      0x118 lib/acados/acados/libacados.a(sim_common.c.obj)
                0x08014fe4                sim_opts_set_
 .text.sim_opts_get_
                0x080150fc       0x58 lib/acados/acados/libacados.a(sim_common.c.obj)
                0x080150fc                sim_opts_get_
 *fill*         0x08015154        0x4 
 .text.acados_eigen_decomposition
                0x08015158      0x720 lib/acados/acados/libacados.a(math.c.obj)
                0x08015158                acados_eigen_decomposition
 .text.neville_algorithm
                0x08015878       0x68 lib/acados/acados/libacados.a(math.c.obj)
                0x08015878                neville_algorithm
 .text.make_int_multiple_of
                0x080158e0       0x18 lib/acados/acados/libacados.a(mem.c.obj)
                0x080158e0                make_int_multiple_of
 .text.align_char_to
                0x080158f8       0x18 lib/acados/acados/libacados.a(mem.c.obj)
                0x080158f8                align_char_to
 .text.acados_malloc
                0x08015910        0x4 lib/acados/acados/libacados.a(mem.c.obj)
                0x08015910                acados_malloc
 .text.acados_calloc
                0x08015914        0x4 lib/acados/acados/libacados.a(mem.c.obj)
                0x08015914                acados_calloc
 .text.assign_and_advance_double_ptrs
                0x08015918       0x2c lib/acados/acados/libacados.a(mem.c.obj)
                0x08015918                assign_and_advance_double_ptrs
 .text.assign_and_advance_blasfeo_dvec_structs
                0x08015944       0x30 lib/acados/acados/libacados.a(mem.c.obj)
                0x08015944                assign_and_advance_blasfeo_dvec_structs
 .text.assign_and_advance_blasfeo_dmat_structs
                0x08015974       0x30 lib/acados/acados/libacados.a(mem.c.obj)
                0x08015974                assign_and_advance_blasfeo_dmat_structs
 .text.assign_and_advance_int
                0x080159a4        0xc lib/acados/acados/libacados.a(mem.c.obj)
                0x080159a4                assign_and_advance_int
 .text.assign_and_advance_bool
                0x080159b0        0xc lib/acados/acados/libacados.a(mem.c.obj)
                0x080159b0                assign_and_advance_bool
 .text.assign_and_advance_double
                0x080159bc       0x2c lib/acados/acados/libacados.a(mem.c.obj)
                0x080159bc                assign_and_advance_double
 .text.assign_and_advance_blasfeo_dvec_mem
                0x080159e8       0x34 lib/acados/acados/libacados.a(mem.c.obj)
                0x080159e8                assign_and_advance_blasfeo_dvec_mem
 .text.assign_and_advance_blasfeo_dmat_mem
                0x08015a1c       0x34 lib/acados/acados/libacados.a(mem.c.obj)
                0x08015a1c                assign_and_advance_blasfeo_dmat_mem
 .text.acados_tic
                0x08015a50        0xc lib/acados/acados/libacados.a(timing.c.obj)
                0x08015a50                acados_tic
 *fill*         0x08015a5c        0x4 
 .text.acados_toc
                0x08015a60       0x28 lib/acados/acados/libacados.a(timing.c.obj)
                0x08015a60                acados_toc
 .text.external_function_param_casadi_create
                0x08015a88       0x38 lib/acados/acados/libacados.a(external_function_interface.c.obj)
                0x08015a88                external_function_param_casadi_create
 .text.ocp_nlp_plan_create
                0x08015ac0       0xb4 lib/acados/acados/libacados.a(ocp_nlp_interface.c.obj)
                0x08015ac0                ocp_nlp_plan_create
 .text.ocp_nlp_config_create
                0x08015b74      0x250 lib/acados/acados/libacados.a(ocp_nlp_interface.c.obj)
                0x08015b74                ocp_nlp_config_create
 .text.ocp_nlp_dims_create
                0x08015dc4       0x3c lib/acados/acados/libacados.a(ocp_nlp_interface.c.obj)
                0x08015dc4                ocp_nlp_dims_create
 .text.ocp_nlp_in_create
                0x08015e00       0x40 lib/acados/acados/libacados.a(ocp_nlp_interface.c.obj)
                0x08015e00                ocp_nlp_in_create
 .text.ocp_nlp_in_set
                0x08015e40       0x38 lib/acados/acados/libacados.a(ocp_nlp_interface.c.obj)
                0x08015e40                ocp_nlp_in_set
 .text.ocp_nlp_dynamics_model_set
                0x08015e78       0x28 lib/acados/acados/libacados.a(ocp_nlp_interface.c.obj)
                0x08015e78                ocp_nlp_dynamics_model_set
 .text.ocp_nlp_cost_model_set
                0x08015ea0       0x28 lib/acados/acados/libacados.a(ocp_nlp_interface.c.obj)
                0x08015ea0                ocp_nlp_cost_model_set
 .text.ocp_nlp_constraints_model_set
                0x08015ec8       0x28 lib/acados/acados/libacados.a(ocp_nlp_interface.c.obj)
                0x08015ec8                ocp_nlp_constraints_model_set
 .text.ocp_nlp_out_create
                0x08015ef0       0x40 lib/acados/acados/libacados.a(ocp_nlp_interface.c.obj)
                0x08015ef0                ocp_nlp_out_create
 .text.ocp_nlp_out_set
                0x08015f30      0x1b0 lib/acados/acados/libacados.a(ocp_nlp_interface.c.obj)
                0x08015f30                ocp_nlp_out_set
 .text.ocp_nlp_out_get
                0x080160e0      0x180 lib/acados/acados/libacados.a(ocp_nlp_interface.c.obj)
                0x080160e0                ocp_nlp_out_get
 .text.ocp_nlp_solver_opts_create
                0x08016260       0x48 lib/acados/acados/libacados.a(ocp_nlp_interface.c.obj)
                0x08016260                ocp_nlp_solver_opts_create
 .text.ocp_nlp_solver_opts_set
                0x080162a8        0xc lib/acados/acados/libacados.a(ocp_nlp_interface.c.obj)
                0x080162a8                ocp_nlp_solver_opts_set
 .text.ocp_nlp_solver_opts_set_at_stage
                0x080162b4        0xc lib/acados/acados/libacados.a(ocp_nlp_interface.c.obj)
                0x080162b4                ocp_nlp_solver_opts_set_at_stage
 .text.ocp_nlp_solver_create
                0x080162c0       0xc0 lib/acados/acados/libacados.a(ocp_nlp_interface.c.obj)
                0x080162c0                ocp_nlp_solver_create
 .text.ocp_nlp_solve
                0x08016380       0x24 lib/acados/acados/libacados.a(ocp_nlp_interface.c.obj)
                0x08016380                ocp_nlp_solve
 .text.ocp_nlp_precompute
                0x080163a4       0x24 lib/acados/acados/libacados.a(ocp_nlp_interface.c.obj)
                0x080163a4                ocp_nlp_precompute
 .text.ocp_nlp_get
                0x080163c8       0x18 lib/acados/acados/libacados.a(ocp_nlp_interface.c.obj)
                0x080163c8                ocp_nlp_get
 .text.ocp_qp_xcond_solver_config_initialize_from_plan
                0x080163e0       0x64 lib/acados/acados/libacados.a(ocp_qp_interface.c.obj)
                0x080163e0                ocp_qp_xcond_solver_config_initialize_from_plan
 .text.ocp_qp_out_get
                0x08016444       0x30 lib/acados/acados/libacados.a(ocp_qp_interface.c.obj)
                0x08016444                ocp_qp_out_get
 .text.dense_qp_hpipm_opts_update
                0x08016474        0x4 lib/acados/acados/libacados.a(dense_qp_hpipm.c.obj)
                0x08016474                dense_qp_hpipm_opts_update
 .text.dense_qp_hpipm_workspace_calculate_size
                0x08016478        0x4 lib/acados/acados/libacados.a(dense_qp_hpipm.c.obj)
                0x08016478                dense_qp_hpipm_workspace_calculate_size
 .text.dense_qp_hpipm_opts_calculate_size
                0x0801647c       0x28 lib/acados/acados/libacados.a(dense_qp_hpipm.c.obj)
                0x0801647c                dense_qp_hpipm_opts_calculate_size
 .text.dense_qp_hpipm_memory_calculate_size
                0x080164a4       0x2c lib/acados/acados/libacados.a(dense_qp_hpipm.c.obj)
                0x080164a4                dense_qp_hpipm_memory_calculate_size
 .text.dense_qp_hpipm
                0x080164d0       0xb0 lib/acados/acados/libacados.a(dense_qp_hpipm.c.obj)
                0x080164d0                dense_qp_hpipm
 .text.dense_qp_hpipm_eval_sens
                0x08016580       0x14 lib/acados/acados/libacados.a(dense_qp_hpipm.c.obj)
                0x08016580                dense_qp_hpipm_eval_sens
 .text.dense_qp_hpipm_memory_get
                0x08016594       0x48 lib/acados/acados/libacados.a(dense_qp_hpipm.c.obj)
                0x08016594                dense_qp_hpipm_memory_get
 *fill*         0x080165dc        0x4 
 .text.dense_qp_hpipm_opts_set
                0x080165e0       0xd0 lib/acados/acados/libacados.a(dense_qp_hpipm.c.obj)
                0x080165e0                dense_qp_hpipm_opts_set
 .text.dense_qp_hpipm_opts_assign
                0x080166b0       0x74 lib/acados/acados/libacados.a(dense_qp_hpipm.c.obj)
                0x080166b0                dense_qp_hpipm_opts_assign
 *fill*         0x08016724        0x4 
 .text.dense_qp_hpipm_opts_initialize_default
                0x08016728       0x54 lib/acados/acados/libacados.a(dense_qp_hpipm.c.obj)
                0x08016728                dense_qp_hpipm_opts_initialize_default
 .text.dense_qp_hpipm_memory_assign
                0x0801677c       0x7c lib/acados/acados/libacados.a(dense_qp_hpipm.c.obj)
                0x0801677c                dense_qp_hpipm_memory_assign
 .text.dense_qp_hpipm_config_initialize_default
                0x080167f8       0x68 lib/acados/acados/libacados.a(dense_qp_hpipm.c.obj)
                0x080167f8                dense_qp_hpipm_config_initialize_default
 .text.ocp_nlp_constraints_bgh_dims_initialize
                0x08016860       0x28 lib/acados/acados/libacados.a(ocp_nlp_constraints_bgh.c.obj)
                0x08016860                ocp_nlp_constraints_bgh_dims_initialize
 .text.ocp_nlp_constraints_bgh_opts_calculate_size
                0x08016888        0x4 lib/acados/acados/libacados.a(ocp_nlp_constraints_bgh.c.obj)
                0x08016888                ocp_nlp_constraints_bgh_opts_calculate_size
 .text.ocp_nlp_constraints_bgh_opts_assign
                0x0801688c        0x4 lib/acados/acados/libacados.a(ocp_nlp_constraints_bgh.c.obj)
                0x0801688c                ocp_nlp_constraints_bgh_opts_assign
 .text.ocp_nlp_constraints_bgh_opts_initialize_default
                0x08016890        0xc lib/acados/acados/libacados.a(ocp_nlp_constraints_bgh.c.obj)
                0x08016890                ocp_nlp_constraints_bgh_opts_initialize_default
 .text.ocp_nlp_constraints_bgh_opts_update
                0x0801689c        0x4 lib/acados/acados/libacados.a(ocp_nlp_constraints_bgh.c.obj)
                0x0801689c                ocp_nlp_constraints_bgh_opts_update
 .text.ocp_nlp_constraints_bgh_memory_get_fun_ptr
                0x080168a0        0x4 lib/acados/acados/libacados.a(ocp_nlp_constraints_bgh.c.obj)
                0x080168a0                ocp_nlp_constraints_bgh_memory_get_fun_ptr
 .text.ocp_nlp_constraints_bgh_memory_get_adj_ptr
                0x080168a4        0x4 lib/acados/acados/libacados.a(ocp_nlp_constraints_bgh.c.obj)
                0x080168a4                ocp_nlp_constraints_bgh_memory_get_adj_ptr
 .text.ocp_nlp_constraints_bgh_memory_set_ux_ptr
                0x080168a8        0x4 lib/acados/acados/libacados.a(ocp_nlp_constraints_bgh.c.obj)
                0x080168a8                ocp_nlp_constraints_bgh_memory_set_ux_ptr
 .text.ocp_nlp_constraints_bgh_memory_set_tmp_ux_ptr
                0x080168ac        0x4 lib/acados/acados/libacados.a(ocp_nlp_constraints_bgh.c.obj)
                0x080168ac                ocp_nlp_constraints_bgh_memory_set_tmp_ux_ptr
 .text.ocp_nlp_constraints_bgh_memory_set_lam_ptr
                0x080168b0        0x4 lib/acados/acados/libacados.a(ocp_nlp_constraints_bgh.c.obj)
                0x080168b0                ocp_nlp_constraints_bgh_memory_set_lam_ptr
 .text.ocp_nlp_constraints_bgh_memory_set_tmp_lam_ptr
                0x080168b4        0x4 lib/acados/acados/libacados.a(ocp_nlp_constraints_bgh.c.obj)
                0x080168b4                ocp_nlp_constraints_bgh_memory_set_tmp_lam_ptr
 .text.ocp_nlp_constraints_bgh_memory_set_DCt_ptr
                0x080168b8        0x4 lib/acados/acados/libacados.a(ocp_nlp_constraints_bgh.c.obj)
                0x080168b8                ocp_nlp_constraints_bgh_memory_set_DCt_ptr
 .text.ocp_nlp_constraints_bgh_memory_set_RSQrq_ptr
                0x080168bc        0x4 lib/acados/acados/libacados.a(ocp_nlp_constraints_bgh.c.obj)
                0x080168bc                ocp_nlp_constraints_bgh_memory_set_RSQrq_ptr
 .text.ocp_nlp_constraints_bgh_memory_set_z_alg_ptr
                0x080168c0        0x4 lib/acados/acados/libacados.a(ocp_nlp_constraints_bgh.c.obj)
                0x080168c0                ocp_nlp_constraints_bgh_memory_set_z_alg_ptr
 .text.ocp_nlp_constraints_bgh_memory_set_dzduxt_ptr
                0x080168c4        0x4 lib/acados/acados/libacados.a(ocp_nlp_constraints_bgh.c.obj)
                0x080168c4                ocp_nlp_constraints_bgh_memory_set_dzduxt_ptr
 .text.ocp_nlp_constraints_bgh_memory_set_idxb_ptr
                0x080168c8        0x4 lib/acados/acados/libacados.a(ocp_nlp_constraints_bgh.c.obj)
                0x080168c8                ocp_nlp_constraints_bgh_memory_set_idxb_ptr
 .text.ocp_nlp_constraints_bgh_memory_set_idxs_rev_ptr
                0x080168cc        0x4 lib/acados/acados/libacados.a(ocp_nlp_constraints_bgh.c.obj)
                0x080168cc                ocp_nlp_constraints_bgh_memory_set_idxs_rev_ptr
 .text.ocp_nlp_constraints_bgh_memory_set_idxe_ptr
                0x080168d0        0x4 lib/acados/acados/libacados.a(ocp_nlp_constraints_bgh.c.obj)
                0x080168d0                ocp_nlp_constraints_bgh_memory_set_idxe_ptr
 .text.ocp_nlp_constraints_bgh_config_initialize_default
                0x080168d4      0x11c lib/acados/acados/libacados.a(ocp_nlp_constraints_bgh.c.obj)
                0x080168d4                ocp_nlp_constraints_bgh_config_initialize_default
 .text.ocp_nlp_constraints_bgh_dims_calculate_size
                0x080169f0       0x18 lib/acados/acados/libacados.a(ocp_nlp_constraints_bgh.c.obj)
                0x080169f0                ocp_nlp_constraints_bgh_dims_calculate_size
 .text.ocp_nlp_constraints_bgh_dims_assign
                0x08016a08       0x60 lib/acados/acados/libacados.a(ocp_nlp_constraints_bgh.c.obj)
                0x08016a08                ocp_nlp_constraints_bgh_dims_assign
 .text.ocp_nlp_constraints_bgh_memory_calculate_size
                0x08016a68       0x4c lib/acados/acados/libacados.a(ocp_nlp_constraints_bgh.c.obj)
                0x08016a68                ocp_nlp_constraints_bgh_memory_calculate_size
 .text.ocp_nlp_constraints_bgh_model_calculate_size
                0x08016ab4       0x60 lib/acados/acados/libacados.a(ocp_nlp_constraints_bgh.c.obj)
                0x08016ab4                ocp_nlp_constraints_bgh_model_calculate_size
 .text.ocp_nlp_constraints_bgh_workspace_calculate_size
                0x08016b14       0x74 lib/acados/acados/libacados.a(ocp_nlp_constraints_bgh.c.obj)
                0x08016b14                ocp_nlp_constraints_bgh_workspace_calculate_size
 .text.ocp_nlp_constraints_bgh_memory_assign
                0x08016b88       0x9c lib/acados/acados/libacados.a(ocp_nlp_constraints_bgh.c.obj)
                0x08016b88                ocp_nlp_constraints_bgh_memory_assign
 .text.ocp_nlp_constraints_bgh_cast_workspace
                0x08016c24       0xd8 lib/acados/acados/libacados.a(ocp_nlp_constraints_bgh.c.obj)
 *fill*         0x08016cfc        0x4 
 .text.ocp_nlp_constraints_bgh_model_assign
                0x08016d00      0x104 lib/acados/acados/libacados.a(ocp_nlp_constraints_bgh.c.obj)
                0x08016d00                ocp_nlp_constraints_bgh_model_assign
 .text.ocp_nlp_constraints_bgh_model_set
                0x08016e04      0x608 lib/acados/acados/libacados.a(ocp_nlp_constraints_bgh.c.obj)
                0x08016e04                ocp_nlp_constraints_bgh_model_set
 .text.ocp_nlp_constraints_bgh_initialize
                0x0801740c       0xa0 lib/acados/acados/libacados.a(ocp_nlp_constraints_bgh.c.obj)
                0x0801740c                ocp_nlp_constraints_bgh_initialize
 .text.ocp_nlp_constraints_bgh_bounds_update
                0x080174ac       0x70 lib/acados/acados/libacados.a(ocp_nlp_constraints_bgh.c.obj)
                0x080174ac                ocp_nlp_constraints_bgh_bounds_update
 *fill*         0x0801751c        0x4 
 .text.ocp_nlp_constraints_bgh_compute_fun
                0x08017520      0x190 lib/acados/acados/libacados.a(ocp_nlp_constraints_bgh.c.obj)
                0x08017520                ocp_nlp_constraints_bgh_compute_fun
 .text.ocp_nlp_constraints_bgh_update_qp_matrices
                0x080176b0      0x44c lib/acados/acados/libacados.a(ocp_nlp_constraints_bgh.c.obj)
                0x080176b0                ocp_nlp_constraints_bgh_update_qp_matrices
 .text.ocp_nlp_constraints_bgh_dims_set
                0x08017afc      0x198 lib/acados/acados/libacados.a(ocp_nlp_constraints_bgh.c.obj)
                0x08017afc                ocp_nlp_constraints_bgh_dims_set
 .text.ocp_nlp_constraints_bgh_dims_get
                0x08017c94      0x1ac lib/acados/acados/libacados.a(ocp_nlp_constraints_bgh.c.obj)
                0x08017c94                ocp_nlp_constraints_bgh_dims_get
 .text.ocp_nlp_constraints_bgh_opts_set
                0x08017e40       0x44 lib/acados/acados/libacados.a(ocp_nlp_constraints_bgh.c.obj)
                0x08017e40                ocp_nlp_constraints_bgh_opts_set
 .text.ocp_nlp_constraints_bgp_dims_calculate_size
                0x08017e84        0x4 lib/acados/acados/libacados.a(ocp_nlp_constraints_bgp.c.obj)
                0x08017e84                ocp_nlp_constraints_bgp_dims_calculate_size
 .text.ocp_nlp_constraints_bgp_dims_assign
                0x08017e88       0x2c lib/acados/acados/libacados.a(ocp_nlp_constraints_bgp.c.obj)
                0x08017e88                ocp_nlp_constraints_bgp_dims_assign
 .text.ocp_nlp_constraints_bgp_dims_initialize
                0x08017eb4       0x2c lib/acados/acados/libacados.a(ocp_nlp_constraints_bgp.c.obj)
                0x08017eb4                ocp_nlp_constraints_bgp_dims_initialize
 .text.ocp_nlp_constraints_bgp_opts_calculate_size
                0x08017ee0        0x4 lib/acados/acados/libacados.a(ocp_nlp_constraints_bgp.c.obj)
                0x08017ee0                ocp_nlp_constraints_bgp_opts_calculate_size
 .text.ocp_nlp_constraints_bgp_opts_assign
                0x08017ee4        0x4 lib/acados/acados/libacados.a(ocp_nlp_constraints_bgp.c.obj)
                0x08017ee4                ocp_nlp_constraints_bgp_opts_assign
 .text.ocp_nlp_constraints_bgp_opts_initialize_default
                0x08017ee8        0xc lib/acados/acados/libacados.a(ocp_nlp_constraints_bgp.c.obj)
                0x08017ee8                ocp_nlp_constraints_bgp_opts_initialize_default
 .text.ocp_nlp_constraints_bgp_opts_update
                0x08017ef4        0x4 lib/acados/acados/libacados.a(ocp_nlp_constraints_bgp.c.obj)
                0x08017ef4                ocp_nlp_constraints_bgp_opts_update
 .text.ocp_nlp_constraints_bgp_memory_get_fun_ptr
                0x08017ef8        0x4 lib/acados/acados/libacados.a(ocp_nlp_constraints_bgp.c.obj)
                0x08017ef8                ocp_nlp_constraints_bgp_memory_get_fun_ptr
 .text.ocp_nlp_constraints_bgp_memory_get_adj_ptr
                0x08017efc        0x4 lib/acados/acados/libacados.a(ocp_nlp_constraints_bgp.c.obj)
                0x08017efc                ocp_nlp_constraints_bgp_memory_get_adj_ptr
 .text.ocp_nlp_constraints_bgp_memory_set_ux_ptr
                0x08017f00        0x4 lib/acados/acados/libacados.a(ocp_nlp_constraints_bgp.c.obj)
                0x08017f00                ocp_nlp_constraints_bgp_memory_set_ux_ptr
 .text.ocp_nlp_constraints_bgp_memory_set_tmp_ux_ptr
                0x08017f04        0x4 lib/acados/acados/libacados.a(ocp_nlp_constraints_bgp.c.obj)
                0x08017f04                ocp_nlp_constraints_bgp_memory_set_tmp_ux_ptr
 .text.ocp_nlp_constraints_bgp_memory_set_lam_ptr
                0x08017f08        0x4 lib/acados/acados/libacados.a(ocp_nlp_constraints_bgp.c.obj)
                0x08017f08                ocp_nlp_constraints_bgp_memory_set_lam_ptr
 .text.ocp_nlp_constraints_bgp_memory_set_tmp_lam_ptr
                0x08017f0c        0x4 lib/acados/acados/libacados.a(ocp_nlp_constraints_bgp.c.obj)
                0x08017f0c                ocp_nlp_constraints_bgp_memory_set_tmp_lam_ptr
 .text.ocp_nlp_constraints_bgp_memory_set_DCt_ptr
                0x08017f10        0x4 lib/acados/acados/libacados.a(ocp_nlp_constraints_bgp.c.obj)
                0x08017f10                ocp_nlp_constraints_bgp_memory_set_DCt_ptr
 .text.ocp_nlp_constraints_bgp_memory_set_RSQrq_ptr
                0x08017f14        0x4 lib/acados/acados/libacados.a(ocp_nlp_constraints_bgp.c.obj)
                0x08017f14                ocp_nlp_constraints_bgp_memory_set_RSQrq_ptr
 .text.ocp_nlp_constraints_bgp_memory_set_z_alg_ptr
                0x08017f18        0x4 lib/acados/acados/libacados.a(ocp_nlp_constraints_bgp.c.obj)
                0x08017f18                ocp_nlp_constraints_bgp_memory_set_z_alg_ptr
 .text.ocp_nlp_constraints_bgp_memory_set_dzduxt_ptr
                0x08017f1c        0x4 lib/acados/acados/libacados.a(ocp_nlp_constraints_bgp.c.obj)
                0x08017f1c                ocp_nlp_constraints_bgp_memory_set_dzduxt_ptr
 .text.ocp_nlp_constraints_bgp_memory_set_idxb_ptr
                0x08017f20        0x4 lib/acados/acados/libacados.a(ocp_nlp_constraints_bgp.c.obj)
                0x08017f20                ocp_nlp_constraints_bgp_memory_set_idxb_ptr
 .text.ocp_nlp_constraints_bgp_memory_set_idxs_rev_ptr
                0x08017f24        0x4 lib/acados/acados/libacados.a(ocp_nlp_constraints_bgp.c.obj)
                0x08017f24                ocp_nlp_constraints_bgp_memory_set_idxs_rev_ptr
 .text.ocp_nlp_constraints_bgp_memory_set_idxe_ptr
                0x08017f28        0x4 lib/acados/acados/libacados.a(ocp_nlp_constraints_bgp.c.obj)
                0x08017f28                ocp_nlp_constraints_bgp_memory_set_idxe_ptr
 .text.ocp_nlp_constraints_bgp_config_initialize_default
                0x08017f2c      0x11c lib/acados/acados/libacados.a(ocp_nlp_constraints_bgp.c.obj)
                0x08017f2c                ocp_nlp_constraints_bgp_config_initialize_default
 .text.ocp_nlp_constraints_bgp_memory_calculate_size
                0x08018048       0x2c lib/acados/acados/libacados.a(ocp_nlp_constraints_bgp.c.obj)
                0x08018048                ocp_nlp_constraints_bgp_memory_calculate_size
 .text.ocp_nlp_constraints_bgp_model_calculate_size
                0x08018074       0x44 lib/acados/acados/libacados.a(ocp_nlp_constraints_bgp.c.obj)
                0x08018074                ocp_nlp_constraints_bgp_model_calculate_size
 .text.ocp_nlp_constraints_bgp_workspace_calculate_size
                0x080180b8       0x78 lib/acados/acados/libacados.a(ocp_nlp_constraints_bgp.c.obj)
                0x080180b8                ocp_nlp_constraints_bgp_workspace_calculate_size
 .text.ocp_nlp_constraints_bgp_cast_workspace
                0x08018130       0xd8 lib/acados/acados/libacados.a(ocp_nlp_constraints_bgp.c.obj)
 .text.ocp_nlp_constraints_bgp_model_assign
                0x08018208       0xf4 lib/acados/acados/libacados.a(ocp_nlp_constraints_bgp.c.obj)
                0x08018208                ocp_nlp_constraints_bgp_model_assign
 .text.ocp_nlp_constraints_bgp_model_set
                0x080182fc      0x5f4 lib/acados/acados/libacados.a(ocp_nlp_constraints_bgp.c.obj)
                0x080182fc                ocp_nlp_constraints_bgp_model_set
 .text.ocp_nlp_constraints_bgp_initialize
                0x080188f0       0xa0 lib/acados/acados/libacados.a(ocp_nlp_constraints_bgp.c.obj)
                0x080188f0                ocp_nlp_constraints_bgp_initialize
 .text.ocp_nlp_constraints_bgp_bounds_update
                0x08018990       0x70 lib/acados/acados/libacados.a(ocp_nlp_constraints_bgp.c.obj)
                0x08018990                ocp_nlp_constraints_bgp_bounds_update
 .text.ocp_nlp_constraints_bgp_compute_fun
                0x08018a00      0x190 lib/acados/acados/libacados.a(ocp_nlp_constraints_bgp.c.obj)
                0x08018a00                ocp_nlp_constraints_bgp_compute_fun
 .text.ocp_nlp_constraints_bgp_update_qp_matrices
                0x08018b90      0x3b4 lib/acados/acados/libacados.a(ocp_nlp_constraints_bgp.c.obj)
                0x08018b90                ocp_nlp_constraints_bgp_update_qp_matrices
 .text.ocp_nlp_constraints_bgp_dims_set
                0x08018f44      0x1a8 lib/acados/acados/libacados.a(ocp_nlp_constraints_bgp.c.obj)
                0x08018f44                ocp_nlp_constraints_bgp_dims_set
 .text.ocp_nlp_constraints_bgp_dims_get
                0x080190ec      0x190 lib/acados/acados/libacados.a(ocp_nlp_constraints_bgp.c.obj)
                0x080190ec                ocp_nlp_constraints_bgp_dims_get
 .text.ocp_nlp_constraints_bgp_opts_set
                0x0801927c       0x44 lib/acados/acados/libacados.a(ocp_nlp_constraints_bgp.c.obj)
                0x0801927c                ocp_nlp_constraints_bgp_opts_set
 .text.ocp_nlp_constraints_bgp_memory_assign
                0x080192c0       0xa0 lib/acados/acados/libacados.a(ocp_nlp_constraints_bgp.c.obj)
                0x080192c0                ocp_nlp_constraints_bgp_memory_assign
 .text.ocp_nlp_cost_external_dims_calculate_size
                0x08019360        0x4 lib/acados/acados/libacados.a(ocp_nlp_cost_external.c.obj)
                0x08019360                ocp_nlp_cost_external_dims_calculate_size
 .text.ocp_nlp_cost_external_dims_assign
                0x08019364        0x4 lib/acados/acados/libacados.a(ocp_nlp_cost_external.c.obj)
                0x08019364                ocp_nlp_cost_external_dims_assign
 .text.ocp_nlp_cost_external_dims_initialize
                0x08019368        0xc lib/acados/acados/libacados.a(ocp_nlp_cost_external.c.obj)
                0x08019368                ocp_nlp_cost_external_dims_initialize
 .text.ocp_nlp_cost_external_opts_initialize_default
                0x08019374        0x8 lib/acados/acados/libacados.a(ocp_nlp_cost_external.c.obj)
                0x08019374                ocp_nlp_cost_external_opts_initialize_default
 .text.ocp_nlp_cost_external_opts_update
                0x0801937c        0x4 lib/acados/acados/libacados.a(ocp_nlp_cost_external.c.obj)
                0x0801937c                ocp_nlp_cost_external_opts_update
 .text.ocp_nlp_cost_external_memory_get_fun_ptr
                0x08019380        0x4 lib/acados/acados/libacados.a(ocp_nlp_cost_external.c.obj)
                0x08019380                ocp_nlp_cost_external_memory_get_fun_ptr
 .text.ocp_nlp_cost_external_memory_get_grad_ptr
                0x08019384        0x4 lib/acados/acados/libacados.a(ocp_nlp_cost_external.c.obj)
                0x08019384                ocp_nlp_cost_external_memory_get_grad_ptr
 .text.ocp_nlp_cost_external_memory_set_RSQrq_ptr
                0x08019388        0x4 lib/acados/acados/libacados.a(ocp_nlp_cost_external.c.obj)
                0x08019388                ocp_nlp_cost_external_memory_set_RSQrq_ptr
 .text.ocp_nlp_cost_external_memory_set_Z_ptr
                0x0801938c        0x4 lib/acados/acados/libacados.a(ocp_nlp_cost_external.c.obj)
                0x0801938c                ocp_nlp_cost_external_memory_set_Z_ptr
 .text.ocp_nlp_cost_external_memory_set_ux_ptr
                0x08019390        0x4 lib/acados/acados/libacados.a(ocp_nlp_cost_external.c.obj)
                0x08019390                ocp_nlp_cost_external_memory_set_ux_ptr
 .text.ocp_nlp_cost_external_memory_set_tmp_ux_ptr
                0x08019394        0x4 lib/acados/acados/libacados.a(ocp_nlp_cost_external.c.obj)
                0x08019394                ocp_nlp_cost_external_memory_set_tmp_ux_ptr
 .text.ocp_nlp_cost_external_memory_set_z_alg_ptr
                0x08019398        0x4 lib/acados/acados/libacados.a(ocp_nlp_cost_external.c.obj)
                0x08019398                ocp_nlp_cost_external_memory_set_z_alg_ptr
 .text.ocp_nlp_cost_external_memory_set_dzdux_tran_ptr
                0x0801939c        0x4 lib/acados/acados/libacados.a(ocp_nlp_cost_external.c.obj)
                0x0801939c                ocp_nlp_cost_external_memory_set_dzdux_tran_ptr
 .text.ocp_nlp_cost_external_config_initialize_default
                0x080193a0       0xe8 lib/acados/acados/libacados.a(ocp_nlp_cost_external.c.obj)
                0x080193a0                ocp_nlp_cost_external_config_initialize_default
 .text.ocp_nlp_cost_external_dims_get
                0x08019488       0x14 lib/acados/acados/libacados.a(ocp_nlp_cost_external.c.obj)
                0x08019488                ocp_nlp_cost_external_dims_get
 .text.ocp_nlp_cost_external_model_calculate_size
                0x0801949c       0x20 lib/acados/acados/libacados.a(ocp_nlp_cost_external.c.obj)
                0x0801949c                ocp_nlp_cost_external_model_calculate_size
 .text.ocp_nlp_cost_external_memory_calculate_size
                0x080194bc       0x18 lib/acados/acados/libacados.a(ocp_nlp_cost_external.c.obj)
                0x080194bc                ocp_nlp_cost_external_memory_calculate_size
 .text.ocp_nlp_cost_external_workspace_calculate_size
                0x080194d4       0x20 lib/acados/acados/libacados.a(ocp_nlp_cost_external.c.obj)