Archive member included to satisfy reference by file (symbol)

lib/acados/acados/libacados.a(ocp_nlp_common.c.obj)
                              CMakeFiles/ITB_Nucleo_configuration.elf.dir/Src/acados_solver_dt_model.c.obj (ocp_nlp_dims_set_opt_vars)
lib/acados/acados/libacados.a(ocp_nlp_constraints_common.c.obj)
                              lib/acados/acados/libacados.a(ocp_nlp_common.c.obj) (ocp_nlp_constraints_config_calculate_size)
lib/acados/acados/libacados.a(ocp_nlp_cost_common.c.obj)
                              lib/acados/acados/libacados.a(ocp_nlp_common.c.obj) (ocp_nlp_cost_config_calculate_size)
lib/acados/acados/libacados.a(ocp_nlp_dynamics_common.c.obj)
                              lib/acados/acados/libacados.a(ocp_nlp_common.c.obj) (ocp_nlp_dynamics_config_calculate_size)
lib/acados/acados/libacados.a(ocp_nlp_reg_common.c.obj)
                              lib/acados/acados/libacados.a(ocp_nlp_common.c.obj) (ocp_nlp_reg_config_calculate_size)
lib/acados/acados/libacados.a(ocp_qp_common.c.obj)
                              lib/acados/acados/libacados.a(ocp_nlp_common.c.obj) (ocp_qp_in_calculate_size)
lib/acados/acados/libacados.a(ocp_qp_xcond_solver.c.obj)
                              lib/acados/acados/libacados.a(ocp_nlp_common.c.obj) (ocp_qp_xcond_solver_config_calculate_size)
lib/acados/acados/libacados.a(sim_common.c.obj)
                              lib/acados/acados/libacados.a(ocp_nlp_dynamics_common.c.obj) (sim_config_calculate_size)
lib/acados/acados/libacados.a(math.c.obj)
                              lib/acados/acados/libacados.a(ocp_nlp_reg_common.c.obj) (acados_eigen_decomposition)
lib/acados/acados/libacados.a(mem.c.obj)
                              lib/acados/acados/libacados.a(ocp_nlp_common.c.obj) (make_int_multiple_of)
lib/acados/acados/libacados.a(timing.c.obj)
                              lib/acados/acados/libacados.a(ocp_qp_xcond_solver.c.obj) (acados_tic)
lib/acados/acados/libacados.a(external_function_interface.c.obj)
                              CMakeFiles/ITB_Nucleo_configuration.elf.dir/Src/acados_solver_dt_model.c.obj (external_function_param_casadi_create)
lib/acados/acados/libacados.a(ocp_nlp_interface.c.obj)
                              CMakeFiles/ITB_Nucleo_configuration.elf.dir/Src/acados_solver_dt_model.c.obj (ocp_nlp_plan_create)
lib/acados/acados/libacados.a(ocp_qp_interface.c.obj)
                              lib/acados/acados/libacados.a(ocp_nlp_interface.c.obj) (ocp_qp_xcond_solver_config_initialize_from_plan)
lib/acados/acados/libacados.a(dense_qp_hpipm.c.obj)
                              lib/acados/acados/libacados.a(ocp_qp_interface.c.obj) (dense_qp_hpipm_config_initialize_default)
lib/acados/acados/libacados.a(ocp_nlp_constraints_bgh.c.obj)
                              lib/acados/acados/libacados.a(ocp_nlp_interface.c.obj) (ocp_nlp_constraints_bgh_config_initialize_default)
lib/acados/acados/libacados.a(ocp_nlp_constraints_bgp.c.obj)
                              lib/acados/acados/libacados.a(ocp_nlp_interface.c.obj) (ocp_nlp_constraints_bgp_config_initialize_default)
lib/acados/acados/libacados.a(ocp_nlp_cost_external.c.obj)
                              lib/acados/acados/libacados.a(ocp_nlp_interface.c.obj) (ocp_nlp_cost_external_config_initialize_default)
lib/acados/acados/libacados.a(ocp_nlp_cost_ls.c.obj)
                              lib/acados/acados/libacados.a(ocp_nlp_interface.c.obj) (ocp_nlp_cost_ls_config_initialize_default)
lib/acados/acados/libacados.a(ocp_nlp_cost_nls.c.obj)
                              lib/acados/acados/libacados.a(ocp_nlp_interface.c.obj) (ocp_nlp_cost_nls_config_initialize_default)
lib/acados/acados/libacados.a(ocp_nlp_dynamics_cont.c.obj)
                              lib/acados/acados/libacados.a(ocp_nlp_interface.c.obj) (ocp_nlp_dynamics_cont_config_initialize_default)
lib/acados/acados/libacados.a(ocp_nlp_dynamics_disc.c.obj)
                              lib/acados/acados/libacados.a(ocp_nlp_interface.c.obj) (ocp_nlp_dynamics_disc_config_initialize_default)
lib/acados/acados/libacados.a(ocp_nlp_reg_convexify.c.obj)
                              lib/acados/acados/libacados.a(ocp_nlp_interface.c.obj) (ocp_nlp_reg_convexify_config_initialize_default)
lib/acados/acados/libacados.a(ocp_nlp_reg_mirror.c.obj)
                              lib/acados/acados/libacados.a(ocp_nlp_interface.c.obj) (ocp_nlp_reg_mirror_config_initialize_default)
lib/acados/acados/libacados.a(ocp_nlp_reg_noreg.c.obj)
                              lib/acados/acados/libacados.a(ocp_nlp_interface.c.obj) (ocp_nlp_reg_noreg_config_initialize_default)
lib/acados/acados/libacados.a(ocp_nlp_reg_project.c.obj)
                              lib/acados/acados/libacados.a(ocp_nlp_interface.c.obj) (ocp_nlp_reg_project_config_initialize_default)
lib/acados/acados/libacados.a(ocp_nlp_reg_project_reduc_hess.c.obj)
[...]
Memory Configuration

Name             Origin             Length             Attributes
DTCMRAM          0x20000000         0x00020000         xrw
ITCMRAM          0x00000000         0x00010000         xrw
RAM_D1           0x24000000         0x00050000         xrw
RAM_D2           0x30000000         0x00008000         xrw
RAM_D3           0x38000000         0x00004000         xrw
FLASH            0x08000000         0x00100000         xr
*default*        0x00000000         0xffffffff

Linker script and memory map

LOAD c:/users/giuse/scoop/apps/gcc-arm-none-eabi/current/bin/../lib/gcc/arm-none-eabi/10.3.1/thumb/v7e-m+dp/hard/crti.o
LOAD c:/users/giuse/scoop/apps/gcc-arm-none-eabi/current/bin/../lib/gcc/arm-none-eabi/10.3.1/thumb/v7e-m+dp/hard/crtbegin.o
LOAD c:/users/giuse/scoop/apps/gcc-arm-none-eabi/current/bin/../lib/gcc/arm-none-eabi/10.3.1/../../../../arm-none-eabi/lib/thumb/v7e-m+dp/hard/crt0.o
LOAD CMakeFiles/ITB_Nucleo_configuration.elf.dir/Drivers/STM32H7xx_HAL_Driver/Src/stm32h7xx_hal.c.obj
LOAD CMakeFiles/ITB_Nucleo_configuration.elf.dir/Drivers/STM32H7xx_HAL_Driver/Src/stm32h7xx_hal_cortex.c.obj
LOAD CMakeFiles/ITB_Nucleo_configuration.elf.dir/Drivers/STM32H7xx_HAL_Driver/Src/stm32h7xx_hal_dma.c.obj
LOAD CMakeFiles/ITB_Nucleo_configuration.elf.dir/Drivers/STM32H7xx_HAL_Driver/Src/stm32h7xx_hal_dma_ex.c.obj
LOAD CMakeFiles/ITB_Nucleo_configuration.elf.dir/Drivers/STM32H7xx_HAL_Driver/Src/stm32h7xx_hal_exti.c.obj
LOAD CMakeFiles/ITB_Nucleo_configuration.elf.dir/Drivers/STM32H7xx_HAL_Driver/Src/stm32h7xx_hal_flash.c.obj
LOAD CMakeFiles/ITB_Nucleo_configuration.elf.dir/Drivers/STM32H7xx_HAL_Driver/Src/stm32h7xx_hal_flash_ex.c.obj
LOAD CMakeFiles/ITB_Nucleo_configuration.elf.dir/Drivers/STM32H7xx_HAL_Driver/Src/stm32h7xx_hal_gpio.c.obj
LOAD CMakeFiles/ITB_Nucleo_configuration.elf.dir/Drivers/STM32H7xx_HAL_Driver/Src/stm32h7xx_hal_hsem.c.obj
LOAD CMakeFiles/ITB_Nucleo_configuration.elf.dir/Drivers/STM32H7xx_HAL_Driver/Src/stm32h7xx_hal_i2c.c.obj
LOAD CMakeFiles/ITB_Nucleo_configuration.elf.dir/Drivers/STM32H7xx_HAL_Driver/Src/stm32h7xx_hal_i2c_ex.c.obj
LOAD CMakeFiles/ITB_Nucleo_configuration.elf.dir/Drivers/STM32H7xx_HAL_Driver/Src/stm32h7xx_hal_mdma.c.obj
LOAD CMakeFiles/ITB_Nucleo_configuration.elf.dir/Drivers/STM32H7xx_HAL_Driver/Src/stm32h7xx_hal_pwr.c.obj
LOAD CMakeFiles/ITB_Nucleo_configuration.elf.dir/Drivers/STM32H7xx_HAL_Driver/Src/stm32h7xx_hal_pwr_ex.c.obj
LOAD CMakeFiles/ITB_Nucleo_configuration.elf.dir/Drivers/STM32H7xx_HAL_Driver/Src/stm32h7xx_hal_rcc.c.obj
LOAD CMakeFiles/ITB_Nucleo_configuration.elf.dir/Drivers/STM32H7xx_HAL_Driver/Src/stm32h7xx_hal_rcc_ex.c.obj
LOAD CMakeFiles/ITB_Nucleo_configuration.elf.dir/Drivers/STM32H7xx_HAL_Driver/Src/stm32h7xx_hal_tim.c.obj
LOAD CMakeFiles/ITB_Nucleo_configuration.elf.dir/Drivers/STM32H7xx_HAL_Driver/Src/stm32h7xx_hal_tim_ex.c.obj
LOAD CMakeFiles/ITB_Nucleo_configuration.elf.dir/Drivers/STM32H7xx_HAL_Driver/Src/stm32h7xx_hal_uart.c.obj
LOAD CMakeFiles/ITB_Nucleo_configuration.elf.dir/Drivers/STM32H7xx_HAL_Driver/Src/stm32h7xx_hal_uart_ex.c.obj
LOAD CMakeFiles/ITB_Nucleo_configuration.elf.dir/Src/acados_solver_dt_model.c.obj
LOAD CMakeFiles/ITB_Nucleo_configuration.elf.dir/Src/acados_wrapper.c.obj
LOAD CMakeFiles/ITB_Nucleo_configuration.elf.dir/Src/dma.c.obj
LOAD CMakeFiles/ITB_Nucleo_configuration.elf.dir/Src/dt_model_expl_ode_fun.c.obj
LOAD CMakeFiles/ITB_Nucleo_configuration.elf.dir/Src/dt_model_expl_ode_hess.c.obj
LOAD CMakeFiles/ITB_Nucleo_configuration.elf.dir/Src/dt_model_expl_vde_adj.c.obj
LOAD CMakeFiles/ITB_Nucleo_configuration.elf.dir/Src/dt_model_expl_vde_forw.c.obj
LOAD CMakeFiles/ITB_Nucleo_configuration.elf.dir/Src/gpio.c.obj
LOAD CMakeFiles/ITB_Nucleo_configuration.elf.dir/Src/main.c.obj
LOAD CMakeFiles/ITB_Nucleo_configuration.elf.dir/Src/stm32h7xx_hal_msp.c.obj
LOAD CMakeFiles/ITB_Nucleo_configuration.elf.dir/Src/stm32h7xx_it.c.obj
LOAD CMakeFiles/ITB_Nucleo_configuration.elf.dir/Src/syscalls.c.obj
LOAD CMakeFiles/ITB_Nucleo_configuration.elf.dir/Src/sysmem.c.obj
LOAD CMakeFiles/ITB_Nucleo_configuration.elf.dir/Src/system_stm32h7xx.c.obj
LOAD CMakeFiles/ITB_Nucleo_configuration.elf.dir/Src/tim.c.obj
LOAD CMakeFiles/ITB_Nucleo_configuration.elf.dir/Src/usart.c.obj
LOAD CMakeFiles/ITB_Nucleo_configuration.elf.dir/Src/usartFcnLib.c.obj
LOAD CMakeFiles/ITB_Nucleo_configuration.elf.dir/Src/usb_otg.c.obj
LOAD CMakeFiles/ITB_Nucleo_configuration.elf.dir/Startup/startup_stm32h723zgtx.s.obj
LOAD lib/acados/acados/libacados.a
LOAD lib/acados/external/blasfeo/libblasfeo.a
LOAD lib/acados/external/hpipm/libhpipm.a
LOAD lib/acados/external/blasfeo/libblasfeo.a
LOAD c:/users/giuse/scoop/apps/gcc-arm-none-eabi/current/bin/../lib/gcc/arm-none-eabi/10.3.1/../../../../arm-none-eabi/lib/thumb/v7e-m+dp/hard\libm.a
START GROUP
LOAD c:/users/giuse/scoop/apps/gcc-arm-none-eabi/current/bin/../lib/gcc/arm-none-eabi/10.3.1/thumb/v7e-m+dp/hard\libgcc.a
LOAD c:/users/giuse/scoop/apps/gcc-arm-none-eabi/current/bin/../lib/gcc/arm-none-eabi/10.3.1/../../../../arm-none-eabi/lib/thumb/v7e-m+dp/hard\libc.a
END GROUP
LOAD c:/users/giuse/scoop/apps/gcc-arm-none-eabi/current/bin/../lib/gcc/arm-none-eabi/10.3.1/thumb/v7e-m+dp/hard/crtend.o
LOAD c:/users/giuse/scoop/apps/gcc-arm-none-eabi/current/bin/../lib/gcc/arm-none-eabi/10.3.1/thumb/v7e-m+dp/hard/crtn.o
                0x24050000                _estack = (ORIGIN (RAM_D1) + LENGTH (RAM_D1))
                0x00001000                _Min_Heap_Size = 0x1000
                0x00004000                _Min_Stack_Size = 0x4000

.isr_vector     0x08000000      0x2cc
                0x08000000                . = ALIGN (0x4)
 *(.isr_vector)
 .isr_vector    0x08000000      0x2cc CMakeFiles/ITB_Nucleo_configuration.elf.dir/Startup/startup_stm32h723zgtx.s.obj
                0x08000000                g_pfnVectors
                0x080002cc                . = ALIGN (0x4)

.text           0x08000300    0x6c79c
                0x08000300                . = ALIGN (0x4)
 *(.text)
 .text          0x08000300       0x40 c:/users/giuse/scoop/apps/gcc-arm-none-eabi/current/bin/../lib/gcc/arm-none-eabi/10.3.1/thumb/v7e-m+dp/hard/crtbegin.o
 .text          0x08000340      0x378 c:/users/giuse/scoop/apps/gcc-arm-none-eabi/current/bin/../lib/gcc/arm-none-eabi/10.3.1/thumb/v7e-m+dp/hard\libgcc.a(_arm_addsubdf3.o)
                0x08000340                __aeabi_drsub
                0x08000348                __aeabi_dsub
                0x08000348                __subdf3
                0x0800034c                __aeabi_dadd
                0x0800034c                __adddf3
                0x080005c4                __floatunsidf
                0x080005c4                __aeabi_ui2d
                0x080005e4                __floatsidf
                0x080005e4                __aeabi_i2d
                0x08000608                __aeabi_f2d
                0x08000608                __extendsfdf2
                0x0800064c                __floatundidf
                0x0800064c                __aeabi_ul2d
                0x0800065c                __floatdidf
                0x0800065c                __aeabi_l2d
 .text          0x080006b8       0x30 c:/users/giuse/scoop/apps/gcc-arm-none-eabi/current/bin/../lib/gcc/arm-none-eabi/10.3.1/thumb/v7e-m+dp/hard\libgcc.a(_aeabi_uldivmod.o)
                0x080006b8                __aeabi_uldivmod
 .text          0x080006e8      0x2d0 c:/users/giuse/scoop/apps/gcc-arm-none-eabi/current/bin/../lib/gcc/arm-none-eabi/10.3.1/thumb/v7e-m+dp/hard\libgcc.a(_udivmoddi4.o)
                0x080006e8                __udivmoddi4
 .text          0x080009b8        0x4 c:/users/giuse/scoop/apps/gcc-arm-none-eabi/current/bin/../lib/gcc/arm-none-eabi/10.3.1/thumb/v7e-m+dp/hard\libgcc.a(_dvmd_tls.o)
                0x080009b8                __aeabi_idiv0
                0x080009b8                __aeabi_ldiv0
 .text          0x080009bc      0x134 c:/users/giuse/scoop/apps/gcc-arm-none-eabi/current/bin/../lib/gcc/arm-none-eabi/10.3.1/../../../../arm-none-eabi/lib/thumb/v7e-m+dp/hard\libc.a(lib_a-memcpy.o)
                0x080009bc                memcpy
 *fill*         0x08000af0       0x10 
 .text          0x08000b00      0x2dc c:/users/giuse/scoop/apps/gcc-arm-none-eabi/current/bin/../lib/gcc/arm-none-eabi/10.3.1/../../../../arm-none-eabi/lib/thumb/v7e-m+dp/hard\libc.a(lib_a-strcmp.o)
                0x08000b08                strcmp
 *fill*         0x08000ddc       0x24 
 .text          0x08000e00       0xdc c:/users/giuse/scoop/apps/gcc-arm-none-eabi/current/bin/../lib/gcc/arm-none-eabi/10.3.1/../../../../arm-none-eabi/lib/thumb/v7e-m+dp/hard\libc.a(lib_a-strlen.o)
                0x08000e00                strlen
 *fill*         0x08000edc        0x4 
 .text          0x08000ee0       0xa0 c:/users/giuse/scoop/apps/gcc-arm-none-eabi/current/bin/../lib/gcc/arm-none-eabi/10.3.1/../../../../arm-none-eabi/lib/thumb/v7e-m+dp/hard\libc.a(lib_a-memchr.o)
                0x08000ee0                memchr
 *(.text*)
 .text.HAL_InitTick
                0x08000f80       0x4c CMakeFiles/ITB_Nucleo_configuration.elf.dir/Drivers/STM32H7xx_HAL_Driver/Src/stm32h7xx_hal.c.obj
                0x08000f80                HAL_InitTick
 .text.HAL_Init
                0x08000fcc       0x60 CMakeFiles/ITB_Nucleo_configuration.elf.dir/Drivers/STM32H7xx_HAL_Driver/Src/stm32h7xx_hal.c.obj
                0x08000fcc                HAL_Init
 .text.HAL_IncTick
                0x0800102c       0x18 CMakeFiles/ITB_Nucleo_configuration.elf.dir/Drivers/STM32H7xx_HAL_Driver/Src/stm32h7xx_hal.c.obj
                0x0800102c                HAL_IncTick
 .text.HAL_GetTick
                0x08001044        0xc CMakeFiles/ITB_Nucleo_configuration.elf.dir/Drivers/STM32H7xx_HAL_Driver/Src/stm32h7xx_hal.c.obj
                0x08001044                HAL_GetTick
 .text.HAL_NVIC_SetPriorityGrouping
                0x08001050       0x24 CMakeFiles/ITB_Nucleo_configuration.elf.dir/Drivers/STM32H7xx_HAL_Driver/Src/stm32h7xx_hal_cortex.c.obj
                0x08001050                HAL_NVIC_SetPriorityGrouping
 .text.HAL_NVIC_SetPriority
                0x08001074       0x7c CMakeFiles/ITB_Nucleo_configuration.elf.dir/Drivers/STM32H7xx_HAL_Driver/Src/stm32h7xx_hal_cortex.c.obj
                0x08001074                HAL_NVIC_SetPriority
 .text.HAL_NVIC_EnableIRQ
                0x080010f0       0x1c CMakeFiles/ITB_Nucleo_configuration.elf.dir/Drivers/STM32H7xx_HAL_Driver/Src/stm32h7xx_hal_cortex.c.obj
                0x080010f0                HAL_NVIC_EnableIRQ
 .text.HAL_SYSTICK_Config
                0x0800110c       0x2c CMakeFiles/ITB_Nucleo_configuration.elf.dir/Drivers/STM32H7xx_HAL_Driver/Src/stm32h7xx_hal_cortex.c.obj
                0x0800110c                HAL_SYSTICK_Config
 .text.DMA_CalcBaseAndBitshift
                0x08001138       0xf4 CMakeFiles/ITB_Nucleo_configuration.elf.dir/Drivers/STM32H7xx_HAL_Driver/Src/stm32h7xx_hal_dma.c.obj
 .text.DMA_CalcDMAMUXChannelBaseAndMask
                0x0800122c       0xd8 CMakeFiles/ITB_Nucleo_configuration.elf.dir/Drivers/STM32H7xx_HAL_Driver/Src/stm32h7xx_hal_dma.c.obj
 .text.DMA_CalcDMAMUXRequestGenBaseAndMask
                0x08001304       0xa4 CMakeFiles/ITB_Nucleo_configuration.elf.dir/Drivers/STM32H7xx_HAL_Driver/Src/stm32h7xx_hal_dma.c.obj
 .text.HAL_DMA_Init
                0x080013a8      0x430 CMakeFiles/ITB_Nucleo_configuration.elf.dir/Drivers/STM32H7xx_HAL_Driver/Src/stm32h7xx_hal_dma.c.obj
                0x080013a8                HAL_DMA_Init
 .text.HAL_DMA_Abort_IT
                0x080017d8      0x194 CMakeFiles/ITB_Nucleo_configuration.elf.dir/Drivers/STM32H7xx_HAL_Driver/Src/stm32h7xx_hal_dma.c.obj
                0x080017d8                HAL_DMA_Abort_IT
 .text.HAL_DMA_IRQHandler
                0x0800196c      0x6a0 CMakeFiles/ITB_Nucleo_configuration.elf.dir/Drivers/STM32H7xx_HAL_Driver/Src/stm32h7xx_hal_dma.c.obj
                0x0800196c                HAL_DMA_IRQHandler
 .text.HAL_GPIO_Init
                0x0800200c      0x270 CMakeFiles/ITB_Nucleo_configuration.elf.dir/Drivers/STM32H7xx_HAL_Driver/Src/stm32h7xx_hal_gpio.c.obj
                0x0800200c                HAL_GPIO_Init
 .text.HAL_GPIO_WritePin
                0x0800227c        0x8 CMakeFiles/ITB_Nucleo_configuration.elf.dir/Drivers/STM32H7xx_HAL_Driver/Src/stm32h7xx_hal_gpio.c.obj
                0x0800227c                HAL_GPIO_WritePin
 .text.HAL_PWREx_ConfigSupply
                0x08002284       0x48 CMakeFiles/ITB_Nucleo_configuration.elf.dir/Drivers/STM32H7xx_HAL_Driver/Src/stm32h7xx_hal_pwr_ex.c.obj
                0x08002284                HAL_PWREx_ConfigSupply
 .text.HAL_PWREx_EnableUSBVoltageDetector
                0x080022cc       0x10 CMakeFiles/ITB_Nucleo_configuration.elf.dir/Drivers/STM32H7xx_HAL_Driver/Src/stm32h7xx_hal_pwr_ex.c.obj
                0x080022cc                HAL_PWREx_EnableUSBVoltageDetector
 .text.HAL_RCC_GetSysClockFreq.part.0
                0x080022dc      0x130 CMakeFiles/ITB_Nucleo_configuration.elf.dir/Drivers/STM32H7xx_HAL_Driver/Src/stm32h7xx_hal_rcc.c.obj
 .text.HAL_RCC_OscConfig
                0x0800240c      0x500 CMakeFiles/ITB_Nucleo_configuration.elf.dir/Drivers/STM32H7xx_HAL_Driver/Src/stm32h7xx_hal_rcc.c.obj
                0x0800240c                HAL_RCC_OscConfig
 .text.HAL_RCC_GetSysClockFreq
                0x0800290c       0x44 CMakeFiles/ITB_Nucleo_configuration.elf.dir/Drivers/STM32H7xx_HAL_Driver/Src/stm32h7xx_hal_rcc.c.obj
                0x0800290c                HAL_RCC_GetSysClockFreq
 .text.HAL_RCC_ClockConfig
                0x08002950      0x250 CMakeFiles/ITB_Nucleo_configuration.elf.dir/Drivers/STM32H7xx_HAL_Driver/Src/stm32h7xx_hal_rcc.c.obj
                0x08002950                HAL_RCC_ClockConfig
 .text.HAL_RCC_GetHCLKFreq
                0x08002ba0       0x80 CMakeFiles/ITB_Nucleo_configuration.elf.dir/Drivers/STM32H7xx_HAL_Driver/Src/stm32h7xx_hal_rcc.c.obj
                0x08002ba0                HAL_RCC_GetHCLKFreq
 .text.HAL_RCC_GetPCLK1Freq
                0x08002c20       0x24 CMakeFiles/ITB_Nucleo_configuration.elf.dir/Drivers/STM32H7xx_HAL_Driver/Src/stm32h7xx_hal_rcc.c.obj
                0x08002c20                HAL_RCC_GetPCLK1Freq
 .text.HAL_RCC_GetPCLK2Freq
                0x08002c44       0x24 CMakeFiles/ITB_Nucleo_configuration.elf.dir/Drivers/STM32H7xx_HAL_Driver/Src/stm32h7xx_hal_rcc.c.obj
                0x08002c44                HAL_RCC_GetPCLK2Freq
 .text.RCCEx_PLL2_Config
                0x08002c68       0xf4 CMakeFiles/ITB_Nucleo_configuration.elf.dir/Drivers/STM32H7xx_HAL_Driver/Src/stm32h7xx_hal_rcc_ex.c.obj
 .text.RCCEx_PLL3_Config
                0x08002d5c       0xf4 CMakeFiles/ITB_Nucleo_configuration.elf.dir/Drivers/STM32H7xx_HAL_Driver/Src/stm32h7xx_hal_rcc_ex.c.obj
 .text.HAL_RCCEx_PeriphCLKConfig
                0x08002e50      0x9fc CMakeFiles/ITB_Nucleo_configuration.elf.dir/Drivers/STM32H7xx_HAL_Driver/Src/stm32h7xx_hal_rcc_ex.c.obj
                0x08002e50                HAL_RCCEx_PeriphCLKConfig
 .text.HAL_RCCEx_GetD3PCLK1Freq
                0x0800384c       0x24 CMakeFiles/ITB_Nucleo_configuration.elf.dir/Drivers/STM32H7xx_HAL_Driver/Src/stm32h7xx_hal_rcc_ex.c.obj
                0x0800384c                HAL_RCCEx_GetD3PCLK1Freq
 .text.HAL_RCCEx_GetPLL2ClockFreq
                0x08003870      0x17c CMakeFiles/ITB_Nucleo_configuration.elf.dir/Drivers/STM32H7xx_HAL_Driver/Src/stm32h7xx_hal_rcc_ex.c.obj
                0x08003870                HAL_RCCEx_GetPLL2ClockFreq
 .text.HAL_RCCEx_GetPLL3ClockFreq
                0x080039ec      0x17c CMakeFiles/ITB_Nucleo_configuration.elf.dir/Drivers/STM32H7xx_HAL_Driver/Src/stm32h7xx_hal_rcc_ex.c.obj
                0x080039ec                HAL_RCCEx_GetPLL3ClockFreq
 .text.HAL_TIM_Base_Start_IT
                0x08003b68       0x40 CMakeFiles/ITB_Nucleo_configuration.elf.dir/Drivers/STM32H7xx_HAL_Driver/Src/stm32h7xx_hal_tim.c.obj
                0x08003b68                HAL_TIM_Base_Start_IT
 .text.HAL_TIM_OC_DelayElapsedCallback
                0x08003ba8        0x4 CMakeFiles/ITB_Nucleo_configuration.elf.dir/Drivers/STM32H7xx_HAL_Driver/Src/stm32h7xx_hal_tim.c.obj
                0x08003ba8                HAL_TIM_OC_DelayElapsedCallback
 .text.HAL_TIM_IC_CaptureCallback
                0x08003bac        0x4 CMakeFiles/ITB_Nucleo_configuration.elf.dir/Drivers/STM32H7xx_HAL_Driver/Src/stm32h7xx_hal_tim.c.obj
                0x08003bac                HAL_TIM_IC_CaptureCallback
 .text.HAL_TIM_PWM_PulseFinishedCallback
                0x08003bb0        0x4 CMakeFiles/ITB_Nucleo_configuration.elf.dir/Drivers/STM32H7xx_HAL_Driver/Src/stm32h7xx_hal_tim.c.obj
                0x08003bb0                HAL_TIM_PWM_PulseFinishedCallback
 .text.HAL_TIM_TriggerCallback
                0x08003bb4        0x4 CMakeFiles/ITB_Nucleo_configuration.elf.dir/Drivers/STM32H7xx_HAL_Driver/Src/stm32h7xx_hal_tim.c.obj
                0x08003bb4                HAL_TIM_TriggerCallback
 .text.HAL_TIM_IRQHandler
                0x08003bb8      0x170 CMakeFiles/ITB_Nucleo_configuration.elf.dir/Drivers/STM32H7xx_HAL_Driver/Src/stm32h7xx_hal_tim.c.obj
                0x08003bb8                HAL_TIM_IRQHandler
 .text.TIM_Base_SetConfig
                0x08003d28      0x12c CMakeFiles/ITB_Nucleo_configuration.elf.dir/Drivers/STM32H7xx_HAL_Driver/Src/stm32h7xx_hal_tim.c.obj
                0x08003d28                TIM_Base_SetConfig
 .text.HAL_TIM_Base_Init
                0x08003e54       0x64 CMakeFiles/ITB_Nucleo_configuration.elf.dir/Drivers/STM32H7xx_HAL_Driver/Src/stm32h7xx_hal_tim.c.obj
                0x08003e54                HAL_TIM_Base_Init
 .text.HAL_TIMEx_MasterConfigSynchronization
                0x08003eb8       0xc8 CMakeFiles/ITB_Nucleo_configuration.elf.dir/Drivers/STM32H7xx_HAL_Driver/Src/stm32h7xx_hal_tim_ex.c.obj
                0x08003eb8                HAL_TIMEx_MasterConfigSynchronization
 .text.HAL_TIMEx_CommutCallback
                0x08003f80        0x4 CMakeFiles/ITB_Nucleo_configuration.elf.dir/Drivers/STM32H7xx_HAL_Driver/Src/stm32h7xx_hal_tim_ex.c.obj
                0x08003f80                HAL_TIMEx_CommutCallback
 .text.HAL_TIMEx_BreakCallback
                0x08003f84        0x4 CMakeFiles/ITB_Nucleo_configuration.elf.dir/Drivers/STM32H7xx_HAL_Driver/Src/stm32h7xx_hal_tim_ex.c.obj
                0x08003f84                HAL_TIMEx_BreakCallback
 .text.HAL_TIMEx_Break2Callback
                0x08003f88        0x4 CMakeFiles/ITB_Nucleo_configuration.elf.dir/Drivers/STM32H7xx_HAL_Driver/Src/stm32h7xx_hal_tim_ex.c.obj
                0x08003f88                HAL_TIMEx_Break2Callback
 .text.HAL_UART_Receive_IT
                0x08003f8c      0x13c CMakeFiles/ITB_Nucleo_configuration.elf.dir/Drivers/STM32H7xx_HAL_Driver/Src/stm32h7xx_hal_uart.c.obj
                0x08003f8c                HAL_UART_Receive_IT
 .text.HAL_UART_TxCpltCallback
                0x080040c8        0x4 CMakeFiles/ITB_Nucleo_configuration.elf.dir/Drivers/STM32H7xx_HAL_Driver/Src/stm32h7xx_hal_uart.c.obj
                0x080040c8                HAL_UART_TxCpltCallback
 .text.HAL_UART_RxCpltCallback
                0x080040cc        0x4 CMakeFiles/ITB_Nucleo_configuration.elf.dir/Drivers/STM32H7xx_HAL_Driver/Src/stm32h7xx_hal_uart.c.obj
                0x080040cc                HAL_UART_RxCpltCallback
 .text.UART_RxISR_8BIT
                0x080040d0       0x60 CMakeFiles/ITB_Nucleo_configuration.elf.dir/Drivers/STM32H7xx_HAL_Driver/Src/stm32h7xx_hal_uart.c.obj
 .text.UART_RxISR_16BIT
                0x08004130       0x60 CMakeFiles/ITB_Nucleo_configuration.elf.dir/Drivers/STM32H7xx_HAL_Driver/Src/stm32h7xx_hal_uart.c.obj
 .text.UART_RxISR_8BIT_FIFOEN
                0x08004190       0xb8 CMakeFiles/ITB_Nucleo_configuration.elf.dir/Drivers/STM32H7xx_HAL_Driver/Src/stm32h7xx_hal_uart.c.obj
 .text.UART_RxISR_16BIT_FIFOEN
                0x08004248       0xb4 CMakeFiles/ITB_Nucleo_configuration.elf.dir/Drivers/STM32H7xx_HAL_Driver/Src/stm32h7xx_hal_uart.c.obj
 .text.HAL_UART_ErrorCallback
                0x080042fc        0x4 CMakeFiles/ITB_Nucleo_configuration.elf.dir/Drivers/STM32H7xx_HAL_Driver/Src/stm32h7xx_hal_uart.c.obj
                0x080042fc                HAL_UART_ErrorCallback
 .text.HAL_UART_IRQHandler
                0x08004300      0x1f8 CMakeFiles/ITB_Nucleo_configuration.elf.dir/Drivers/STM32H7xx_HAL_Driver/Src/stm32h7xx_hal_uart.c.obj
                0x08004300                HAL_UART_IRQHandler
 .text.UART_DMAAbortOnError
                0x080044f8       0x14 CMakeFiles/ITB_Nucleo_configuration.elf.dir/Drivers/STM32H7xx_HAL_Driver/Src/stm32h7xx_hal_uart.c.obj
 .text.UART_SetConfig
                0x0800450c      0x540 CMakeFiles/ITB_Nucleo_configuration.elf.dir/Drivers/STM32H7xx_HAL_Driver/Src/stm32h7xx_hal_uart.c.obj
                0x0800450c                UART_SetConfig
 .text.UART_AdvFeatureConfig
                0x08004a4c       0xb0 CMakeFiles/ITB_Nucleo_configuration.elf.dir/Drivers/STM32H7xx_HAL_Driver/Src/stm32h7xx_hal_uart.c.obj
                0x08004a4c                UART_AdvFeatureConfig
 .text.UART_WaitOnFlagUntilTimeout
                0x08004afc       0xb4 CMakeFiles/ITB_Nucleo_configuration.elf.dir/Drivers/STM32H7xx_HAL_Driver/Src/stm32h7xx_hal_uart.c.obj
                0x08004afc                UART_WaitOnFlagUntilTimeout
 .text.UART_CheckIdleState
                0x08004bb0       0x74 CMakeFiles/ITB_Nucleo_configuration.elf.dir/Drivers/STM32H7xx_HAL_Driver/Src/stm32h7xx_hal_uart.c.obj
                0x08004bb0                UART_CheckIdleState
 .text.HAL_UART_Init
                0x08004c24       0x68 CMakeFiles/ITB_Nucleo_configuration.elf.dir/Drivers/STM32H7xx_HAL_Driver/Src/stm32h7xx_hal_uart.c.obj
                0x08004c24                HAL_UART_Init
 .text.UARTEx_SetNbDataToProcess
                0x08004c8c       0x6c CMakeFiles/ITB_Nucleo_configuration.elf.dir/Drivers/STM32H7xx_HAL_Driver/Src/stm32h7xx_hal_uart_ex.c.obj
 .text.HAL_UARTEx_WakeupCallback
                0x08004cf8        0x4 CMakeFiles/ITB_Nucleo_configuration.elf.dir/Drivers/STM32H7xx_HAL_Driver/Src/stm32h7xx_hal_uart_ex.c.obj
                0x08004cf8                HAL_UARTEx_WakeupCallback
 .text.HAL_UARTEx_RxFifoFullCallback
                0x08004cfc        0x4 CMakeFiles/ITB_Nucleo_configuration.elf.dir/Drivers/STM32H7xx_HAL_Driver/Src/stm32h7xx_hal_uart_ex.c.obj
                0x08004cfc                HAL_UARTEx_RxFifoFullCallback
 .text.HAL_UARTEx_TxFifoEmptyCallback
                0x08004d00        0x4 CMakeFiles/ITB_Nucleo_configuration.elf.dir/Drivers/STM32H7xx_HAL_Driver/Src/stm32h7xx_hal_uart_ex.c.obj
                0x08004d00                HAL_UARTEx_TxFifoEmptyCallback
 .text.HAL_UARTEx_DisableFifoMode
                0x08004d04       0x3c CMakeFiles/ITB_Nucleo_configuration.elf.dir/Drivers/STM32H7xx_HAL_Driver/Src/stm32h7xx_hal_uart_ex.c.obj
                0x08004d04                HAL_UARTEx_DisableFifoMode
 .text.HAL_UARTEx_SetTxFifoThreshold
                0x08004d40       0x4c CMakeFiles/ITB_Nucleo_configuration.elf.dir/Drivers/STM32H7xx_HAL_Driver/Src/stm32h7xx_hal_uart_ex.c.obj
                0x08004d40                HAL_UARTEx_SetTxFifoThreshold
 .text.HAL_UARTEx_SetRxFifoThreshold
                0x08004d8c       0x4c CMakeFiles/ITB_Nucleo_configuration.elf.dir/Drivers/STM32H7xx_HAL_Driver/Src/stm32h7xx_hal_uart_ex.c.obj
                0x08004d8c                HAL_UARTEx_SetRxFifoThreshold
 .text.dt_model_acados_create_capsule
                0x08004dd8        0x8 CMakeFiles/ITB_Nucleo_configuration.elf.dir/Src/acados_solver_dt_model.c.obj
                0x08004dd8                dt_model_acados_create_capsule
 .text.dt_model_acados_update_time_steps
                0x08004de0       0x84 CMakeFiles/ITB_Nucleo_configuration.elf.dir/Src/acados_solver_dt_model.c.obj
                0x08004de0                dt_model_acados_update_time_steps
 .text.dt_model_acados_update_params
                0x08004e64       0x48 CMakeFiles/ITB_Nucleo_configuration.elf.dir/Src/acados_solver_dt_model.c.obj
                0x08004e64                dt_model_acados_update_params
 *fill*         0x08004eac        0x4 
 .text.dt_model_acados_create_with_discretization.part.0
                0x08004eb0     0x1040 CMakeFiles/ITB_Nucleo_configuration.elf.dir/Src/acados_solver_dt_model.c.obj
 .text.dt_model_acados_create
                0x08005ef0        0x8 CMakeFiles/ITB_Nucleo_configuration.elf.dir/Src/acados_solver_dt_model.c.obj
                0x08005ef0                dt_model_acados_create
 .text.dt_model_acados_solve
                0x08005ef8        0xc CMakeFiles/ITB_Nucleo_configuration.elf.dir/Src/acados_solver_dt_model.c.obj
                0x08005ef8                dt_model_acados_solve
 .text.dt_model_acados_get_nlp_in
                0x08005f04        0x4 CMakeFiles/ITB_Nucleo_configuration.elf.dir/Src/acados_solver_dt_model.c.obj
                0x08005f04                dt_model_acados_get_nlp_in
 .text.dt_model_acados_get_nlp_out
                0x08005f08        0x4 CMakeFiles/ITB_Nucleo_configuration.elf.dir/Src/acados_solver_dt_model.c.obj
                0x08005f08                dt_model_acados_get_nlp_out
 .text.dt_model_acados_get_nlp_config
                0x08005f0c        0x4 CMakeFiles/ITB_Nucleo_configuration.elf.dir/Src/acados_solver_dt_model.c.obj
                0x08005f0c                dt_model_acados_get_nlp_config
 .text.dt_model_acados_get_nlp_dims
                0x08005f10        0x4 CMakeFiles/ITB_Nucleo_configuration.elf.dir/Src/acados_solver_dt_model.c.obj
                0x08005f10                dt_model_acados_get_nlp_dims
 .text.Acados_Caller
                0x08005f14      0x1a4 CMakeFiles/ITB_Nucleo_configuration.elf.dir/Src/acados_wrapper.c.obj
                0x08005f14                Acados_Caller
 .text.MX_DMA_Init
                0x080060b8       0x48 CMakeFiles/ITB_Nucleo_configuration.elf.dir/Src/dma.c.obj
                0x080060b8                MX_DMA_Init
 .text.dt_model_expl_ode_fun
                0x08006100      0xf04 CMakeFiles/ITB_Nucleo_configuration.elf.dir/Src/dt_model_expl_ode_fun.c.obj
                0x08006100                dt_model_expl_ode_fun
 .text.dt_model_expl_ode_fun_n_in
                0x08007004        0x4 CMakeFiles/ITB_Nucleo_configuration.elf.dir/Src/dt_model_expl_ode_fun.c.obj
                0x08007004                dt_model_expl_ode_fun_n_in
 .text.dt_model_expl_ode_fun_n_out
                0x08007008        0x4 CMakeFiles/ITB_Nucleo_configuration.elf.dir/Src/dt_model_expl_ode_fun.c.obj
                0x08007008                dt_model_expl_ode_fun_n_out
 .text.dt_model_expl_ode_fun_sparsity_in
                0x0800700c       0x14 CMakeFiles/ITB_Nucleo_configuration.elf.dir/Src/dt_model_expl_ode_fun.c.obj
                0x0800700c                dt_model_expl_ode_fun_sparsity_in
 .text.dt_model_expl_ode_fun_sparsity_out
                0x08007020       0x10 CMakeFiles/ITB_Nucleo_configuration.elf.dir/Src/dt_model_expl_ode_fun.c.obj
                0x08007020                dt_model_expl_ode_fun_sparsity_out
 .text.dt_model_expl_ode_fun_work
                0x08007030       0x38 CMakeFiles/ITB_Nucleo_configuration.elf.dir/Src/dt_model_expl_ode_fun.c.obj
                0x08007030                dt_model_expl_ode_fun_work
 .text.dt_model_expl_vde_forw_densify.part.0
                0x08007068       0xec CMakeFiles/ITB_Nucleo_configuration.elf.dir/Src/dt_model_expl_vde_forw.c.obj
 .text.dt_model_expl_vde_forw_trans
                0x08007154       0x64 CMakeFiles/ITB_Nucleo_configuration.elf.dir/Src/dt_model_expl_vde_forw.c.obj
                0x08007154                dt_model_expl_vde_forw_trans
 .text.dt_model_expl_vde_forw
                0x080071b8     0x7ba4 CMakeFiles/ITB_Nucleo_configuration.elf.dir/Src/dt_model_expl_vde_forw.c.obj
                0x080071b8                dt_model_expl_vde_forw
 .text.dt_model_expl_vde_forw_n_in
                0x0800ed5c        0x4 CMakeFiles/ITB_Nucleo_configuration.elf.dir/Src/dt_model_expl_vde_forw.c.obj
                0x0800ed5c                dt_model_expl_vde_forw_n_in
 .text.dt_model_expl_vde_forw_n_out
                0x0800ed60        0x4 CMakeFiles/ITB_Nucleo_configuration.elf.dir/Src/dt_model_expl_vde_forw.c.obj
                0x0800ed60                dt_model_expl_vde_forw_n_out
 .text.dt_model_expl_vde_forw_sparsity_in
                0x0800ed64       0x14 CMakeFiles/ITB_Nucleo_configuration.elf.dir/Src/dt_model_expl_vde_forw.c.obj
                0x0800ed64                dt_model_expl_vde_forw_sparsity_in
 .text.dt_model_expl_vde_forw_sparsity_out
                0x0800ed78       0x14 CMakeFiles/ITB_Nucleo_configuration.elf.dir/Src/dt_model_expl_vde_forw.c.obj
                0x0800ed78                dt_model_expl_vde_forw_sparsity_out
 .text.dt_model_expl_vde_forw_work
                0x0800ed8c       0x3c CMakeFiles/ITB_Nucleo_configuration.elf.dir/Src/dt_model_expl_vde_forw.c.obj
                0x0800ed8c                dt_model_expl_vde_forw_work
 .text.MX_GPIO_Init
                0x0800edc8      0x210 CMakeFiles/ITB_Nucleo_configuration.elf.dir/Src/gpio.c.obj
                0x0800edc8                MX_GPIO_Init
 .text._gettimeofday
                0x0800efd8       0x20 CMakeFiles/ITB_Nucleo_configuration.elf.dir/Src/main.c.obj
                0x0800efd8                _gettimeofday
 .text.SystemClock_Config
                0x0800eff8       0xbc CMakeFiles/ITB_Nucleo_configuration.elf.dir/Src/main.c.obj
                0x0800eff8                SystemClock_Config
 .text.startup.main
                0x0800f0b4       0xd4 CMakeFiles/ITB_Nucleo_configuration.elf.dir/Src/main.c.obj
                0x0800f0b4                main
 .text.Error_Handler
                0x0800f188        0x4 CMakeFiles/ITB_Nucleo_configuration.elf.dir/Src/main.c.obj
                0x0800f188                Error_Handler
 .text.HAL_MspInit
                0x0800f18c       0x24 CMakeFiles/ITB_Nucleo_configuration.elf.dir/Src/stm32h7xx_hal_msp.c.obj
                0x0800f18c                HAL_MspInit
 .text.NMI_Handler
                0x0800f1b0        0x4 CMakeFiles/ITB_Nucleo_configuration.elf.dir/Src/stm32h7xx_it.c.obj
                0x0800f1b0                NMI_Handler
 .text.HardFault_Handler
                0x0800f1b4        0x4 CMakeFiles/ITB_Nucleo_configuration.elf.dir/Src/stm32h7xx_it.c.obj
                0x0800f1b4                HardFault_Handler
 .text.MemManage_Handler
                0x0800f1b8        0x4 CMakeFiles/ITB_Nucleo_configuration.elf.dir/Src/stm32h7xx_it.c.obj
                0x0800f1b8                MemManage_Handler
 .text.BusFault_Handler
                0x0800f1bc        0x4 CMakeFiles/ITB_Nucleo_configuration.elf.dir/Src/stm32h7xx_it.c.obj
                0x0800f1bc                BusFault_Handler
 .text.UsageFault_Handler
                0x0800f1c0        0x4 CMakeFiles/ITB_Nucleo_configuration.elf.dir/Src/stm32h7xx_it.c.obj
                0x0800f1c0                UsageFault_Handler
 .text.SVC_Handler
                0x0800f1c4        0x4 CMakeFiles/ITB_Nucleo_configuration.elf.dir/Src/stm32h7xx_it.c.obj
                0x0800f1c4                SVC_Handler
 .text.DebugMon_Handler
                0x0800f1c8        0x4 CMakeFiles/ITB_Nucleo_configuration.elf.dir/Src/stm32h7xx_it.c.obj
                0x0800f1c8                DebugMon_Handler
 .text.PendSV_Handler
                0x0800f1cc        0x4 CMakeFiles/ITB_Nucleo_configuration.elf.dir/Src/stm32h7xx_it.c.obj
                0x0800f1cc                PendSV_Handler
 .text.SysTick_Handler
                0x0800f1d0        0x4 CMakeFiles/ITB_Nucleo_configuration.elf.dir/Src/stm32h7xx_it.c.obj
                0x0800f1d0                SysTick_Handler
 .text.DMA1_Stream0_IRQHandler
                0x0800f1d4        0xc CMakeFiles/ITB_Nucleo_configuration.elf.dir/Src/stm32h7xx_it.c.obj
                0x0800f1d4                DMA1_Stream0_IRQHandler
 .text.DMA1_Stream1_IRQHandler
                0x0800f1e0        0xc CMakeFiles/ITB_Nucleo_configuration.elf.dir/Src/stm32h7xx_it.c.obj
                0x0800f1e0                DMA1_Stream1_IRQHandler
 .text.USART3_IRQHandler
                0x0800f1ec       0x30 CMakeFiles/ITB_Nucleo_configuration.elf.dir/Src/stm32h7xx_it.c.obj
                0x0800f1ec                USART3_IRQHandler
 .text.TIM6_DAC_IRQHandler
                0x0800f21c        0xc CMakeFiles/ITB_Nucleo_configuration.elf.dir/Src/stm32h7xx_it.c.obj
                0x0800f21c                TIM6_DAC_IRQHandler
 .text.TIM7_IRQHandler
                0x0800f228        0xc CMakeFiles/ITB_Nucleo_configuration.elf.dir/Src/stm32h7xx_it.c.obj
                0x0800f228                TIM7_IRQHandler
 .text._getpid  0x0800f234        0x4 CMakeFiles/ITB_Nucleo_configuration.elf.dir/Src/syscalls.c.obj
                0x0800f234                _getpid
 .text._kill    0x0800f238       0x14 CMakeFiles/ITB_Nucleo_configuration.elf.dir/Src/syscalls.c.obj
                0x0800f238                _kill
 .text._exit    0x0800f24c        0xc CMakeFiles/ITB_Nucleo_configuration.elf.dir/Src/syscalls.c.obj
                0x0800f24c                _exit
 .text._read    0x0800f258       0x1c CMakeFiles/ITB_Nucleo_configuration.elf.dir/Src/syscalls.c.obj
                0x0800f258                _read
 .text._write   0x0800f274       0x1c CMakeFiles/ITB_Nucleo_configuration.elf.dir/Src/syscalls.c.obj
                0x0800f274                _write
 .text._close   0x0800f290        0x8 CMakeFiles/ITB_Nucleo_configuration.elf.dir/Src/syscalls.c.obj
                0x0800f290                _close
 .text._fstat   0x0800f298        0xc CMakeFiles/ITB_Nucleo_configuration.elf.dir/Src/syscalls.c.obj
                0x0800f298                _fstat
 .text._isatty  0x0800f2a4        0x4 CMakeFiles/ITB_Nucleo_configuration.elf.dir/Src/syscalls.c.obj
                0x0800f2a4                _isatty
 .text._lseek   0x0800f2a8        0x4 CMakeFiles/ITB_Nucleo_configuration.elf.dir/Src/syscalls.c.obj
                0x0800f2a8                _lseek
 .text._sbrk    0x0800f2ac       0x48 CMakeFiles/ITB_Nucleo_configuration.elf.dir/Src/sysmem.c.obj
                0x0800f2ac                _sbrk
 .text.SystemInit
                0x0800f2f4       0xb4 CMakeFiles/ITB_Nucleo_configuration.elf.dir/Src/system_stm32h7xx.c.obj
                0x0800f2f4                SystemInit
 .text.MX_TIM6_Init
                0x0800f3a8       0x54 CMakeFiles/ITB_Nucleo_configuration.elf.dir/Src/tim.c.obj
                0x0800f3a8                MX_TIM6_Init
 .text.MX_TIM7_Init
                0x0800f3fc       0x54 CMakeFiles/ITB_Nucleo_configuration.elf.dir/Src/tim.c.obj
                0x0800f3fc                MX_TIM7_Init
 .text.HAL_TIM_Base_MspInit
                0x0800f450       0x84 CMakeFiles/ITB_Nucleo_configuration.elf.dir/Src/tim.c.obj
                0x0800f450                HAL_TIM_Base_MspInit
 .text.HAL_TIM_PeriodElapsedCallback
                0x0800f4d4       0x1c CMakeFiles/ITB_Nucleo_configuration.elf.dir/Src/tim.c.obj
                0x0800f4d4                HAL_TIM_PeriodElapsedCallback
 .text.MX_USART3_UART_Init
                0x0800f4f0       0x88 CMakeFiles/ITB_Nucleo_configuration.elf.dir/Src/usart.c.obj
                0x0800f4f0                MX_USART3_UART_Init
 .text.HAL_UART_MspInit
                0x0800f578       0xfc CMakeFiles/ITB_Nucleo_configuration.elf.dir/Src/usart.c.obj
                0x0800f578                HAL_UART_MspInit
 .text.IdleCallback
                0x0800f674      0x164 CMakeFiles/ITB_Nucleo_configuration.elf.dir/Src/usart.c.obj
                0x0800f674                IdleCallback
 .text.MX_USB_OTG_HS_USB_Init
                0x0800f7d8        0x4 CMakeFiles/ITB_Nucleo_configuration.elf.dir/Src/usb_otg.c.obj
                0x0800f7d8                MX_USB_OTG_HS_USB_Init
 .text.Reset_Handler
                0x0800f7dc       0x50 CMakeFiles/ITB_Nucleo_configuration.elf.dir/Startup/startup_stm32h723zgtx.s.obj
                0x0800f7dc                Reset_Handler
 .text.Default_Handler
                0x0800f82c        0x2 CMakeFiles/ITB_Nucleo_configuration.elf.dir/Startup/startup_stm32h723zgtx.s.obj
                0x0800f82c                RTC_Alarm_IRQHandler
                0x0800f82c                EXTI2_IRQHandler
                0x0800f82c                TIM8_CC_IRQHandler
                0x0800f82c                UART8_IRQHandler
                0x0800f82c                SPI4_IRQHandler
                0x0800f82c                FDCAN3_IT0_IRQHandler
                0x0800f82c                TIM1_CC_IRQHandler
                0x0800f82c                BDMA_Channel6_IRQHandler
                0x0800f82c                DMA2_Stream5_IRQHandler
                0x0800f82c                DMA1_Stream5_IRQHandler
                0x0800f82c                CORDIC_IRQHandler
                0x0800f82c                BDMA_Channel1_IRQHandler
                0x0800f82c                TAMP_STAMP_IRQHandler
                0x0800f82c                EXTI3_IRQHandler
                0x0800f82c                LPTIM4_IRQHandler
                0x0800f82c                TIM8_TRG_COM_TIM14_IRQHandler
                0x0800f82c                LPTIM2_IRQHandler
                0x0800f82c                DFSDM1_FLT1_IRQHandler
                0x0800f82c                DMAMUX2_OVR_IRQHandler
                0x0800f82c                TIM8_UP_TIM13_IRQHandler
                0x0800f82c                I2C3_ER_IRQHandler
                0x0800f82c                DFSDM1_FLT2_IRQHandler
                0x0800f82c                I2C5_EV_IRQHandler
                0x0800f82c                USART10_IRQHandler
                0x0800f82c                MDMA_IRQHandler
                0x0800f82c                LPTIM3_IRQHandler
                0x0800f82c                HSEM1_IRQHandler
                0x0800f82c                EXTI0_IRQHandler
                0x0800f82c                I2C2_EV_IRQHandler
                0x0800f82c                DMA1_Stream2_IRQHandler
                0x0800f82c                FPU_IRQHandler
                0x0800f82c                OTG_HS_WKUP_IRQHandler
                0x0800f82c                FDCAN1_IT1_IRQHandler
                0x0800f82c                LTDC_ER_IRQHandler
                0x0800f82c                DMA2_Stream2_IRQHandler
                0x0800f82c                SPI1_IRQHandler
                0x0800f82c                OCTOSPI1_IRQHandler
                0x0800f82c                DMA2_Stream3_IRQHandler
                0x0800f82c                OCTOSPI2_IRQHandler
                0x0800f82c                DFSDM1_FLT3_IRQHandler
                0x0800f82c                TIM23_IRQHandler
                0x0800f82c                USART6_IRQHandler
                0x0800f82c                TIM17_IRQHandler
                0x0800f82c                BDMA_Channel7_IRQHandler
                0x0800f82c                LPTIM5_IRQHandler
                0x0800f82c                UART5_IRQHandler
                0x0800f82c                ADC3_IRQHandler
                0x0800f82c                DMA2_Stream0_IRQHandler
                0x0800f82c                TIM4_IRQHandler
                0x0800f82c                BDMA_Channel2_IRQHandler
                0x0800f82c                I2C1_EV_IRQHandler
                0x0800f82c                DMA1_Stream6_IRQHandler
                0x0800f82c                DMAMUX1_OVR_IRQHandler
                0x0800f82c                TIM16_IRQHandler
                0x0800f82c                UART4_IRQHandler
                0x0800f82c                BDMA_Channel5_IRQHandler
                0x0800f82c                TIM3_IRQHandler
                0x0800f82c                RCC_IRQHandler
                0x0800f82c                UART9_IRQHandler
                0x0800f82c                TIM8_BRK_TIM12_IRQHandler
                0x0800f82c                TIM1_TRG_COM_IRQHandler
                0x0800f82c                Default_Handler
                0x0800f82c                ECC_IRQHandler
                0x0800f82c                FMAC_IRQHandler
                0x0800f82c                CEC_IRQHandler
                0x0800f82c                EXTI15_10_IRQHandler
                0x0800f82c                BDMA_Channel0_IRQHandler
                0x0800f82c                ADC_IRQHandler
                0x0800f82c                I2C5_ER_IRQHandler
                0x0800f82c                DMA1_Stream7_IRQHandler
                0x0800f82c                SPI5_IRQHandler
                0x0800f82c                FDCAN3_IT1_IRQHandler
                0x0800f82c                SDMMC1_IRQHandler
                0x0800f82c                TIM5_IRQHandler
                0x0800f82c                DMA2_Stream7_IRQHandler
                0x0800f82c                TIM15_IRQHandler
                0x0800f82c                PVD_AVD_IRQHandler
                0x0800f82c                I2C3_EV_IRQHandler
                0x0800f82c                EXTI9_5_IRQHandler
                0x0800f82c                RTC_WKUP_IRQHandler
                0x0800f82c                LTDC_IRQHandler
                0x0800f82c                ETH_WKUP_IRQHandler
                0x0800f82c                SPDIF_RX_IRQHandler
                0x0800f82c                SPI2_IRQHandler
                0x0800f82c                OTG_HS_EP1_IN_IRQHandler
                0x0800f82c                TIM24_IRQHandler
                0x0800f82c                CRS_IRQHandler
                0x0800f82c                EXTI4_IRQHandler
                0x0800f82c                RNG_IRQHandler
                0x0800f82c                FDCAN2_IT1_IRQHandler
                0x0800f82c                ETH_IRQHandler
                0x0800f82c                TIM1_UP_IRQHandler
                0x0800f82c                BDMA_Channel4_IRQHandler
                0x0800f82c                OTG_HS_EP1_OUT_IRQHandler
                0x0800f82c                WWDG_IRQHandler
                0x0800f82c                SPI6_IRQHandler
                0x0800f82c                MDIOS_IRQHandler
                0x0800f82c                I2C4_EV_IRQHandler
                0x0800f82c                FDCAN2_IT0_IRQHandler
                0x0800f82c                LPUART1_IRQHandler
                0x0800f82c                FDCAN1_IT0_IRQHandler
                0x0800f82c                TIM2_IRQHandler
                0x0800f82c                OTG_HS_IRQHandler
                0x0800f82c                DMA2D_IRQHandler
                0x0800f82c                TIM1_BRK_IRQHandler
                0x0800f82c                EXTI1_IRQHandler
                0x0800f82c                SDMMC2_IRQHandler
                0x0800f82c                BDMA_Channel3_IRQHandler
                0x0800f82c                DTS_IRQHandler
                0x0800f82c                UART7_IRQHandler
                0x0800f82c                MDIOS_WKUP_IRQHandler
                0x0800f82c                USART2_IRQHandler
                0x0800f82c                DFSDM1_FLT0_IRQHandler
                0x0800f82c                SAI4_IRQHandler
                0x0800f82c                I2C2_ER_IRQHandler
                0x0800f82c                DMA2_Stream1_IRQHandler
                0x0800f82c                FLASH_IRQHandler
                0x0800f82c                DMA2_Stream4_IRQHandler
                0x0800f82c                USART1_IRQHandler
                0x0800f82c                SPI3_IRQHandler
                0x0800f82c                WAKEUP_PIN_IRQHandler
                0x0800f82c                DMA1_Stream4_IRQHandler
                0x0800f82c                I2C1_ER_IRQHandler
                0x0800f82c                FMC_IRQHandler
                0x0800f82c                FDCAN_CAL_IRQHandler
                0x0800f82c                SWPMI1_IRQHandler
                0x0800f82c                COMP1_IRQHandler
                0x0800f82c                LPTIM1_IRQHandler
                0x0800f82c                DCMI_PSSI_IRQHandler
                0x0800f82c                I2C4_ER_IRQHandler
                0x0800f82c                DMA2_Stream6_IRQHandler
                0x0800f82c                SAI1_IRQHandler
                0x0800f82c                DMA1_Stream3_IRQHandler
 *fill*         0x0800f82e        0x2 
 .text.ocp_nlp_get_violation.constprop.0
                0x0800f830       0xc0 lib/acados/acados/libacados.a(ocp_nlp_common.c.obj)
 .text.ocp_nlp_config_calculate_size
                0x0800f8f0       0x74 lib/acados/acados/libacados.a(ocp_nlp_common.c.obj)
                0x0800f8f0                ocp_nlp_config_calculate_size
 .text.ocp_nlp_config_assign
                0x0800f964       0xc8 lib/acados/acados/libacados.a(ocp_nlp_common.c.obj)
                0x0800f964                ocp_nlp_config_assign
 .text.ocp_nlp_dims_calculate_size
                0x0800fa2c       0x88 lib/acados/acados/libacados.a(ocp_nlp_common.c.obj)
                0x0800fa2c                ocp_nlp_dims_calculate_size
 .text.ocp_nlp_dims_assign
                0x0800fab4      0x1c4 lib/acados/acados/libacados.a(ocp_nlp_common.c.obj)
                0x0800fab4                ocp_nlp_dims_assign
 .text.ocp_nlp_dims_set_opt_vars
                0x0800fc78      0x4b8 lib/acados/acados/libacados.a(ocp_nlp_common.c.obj)
                0x0800fc78                ocp_nlp_dims_set_opt_vars
 .text.ocp_nlp_dims_set_constraints
                0x08010130      0x20c lib/acados/acados/libacados.a(ocp_nlp_common.c.obj)
                0x08010130                ocp_nlp_dims_set_constraints
 .text.ocp_nlp_dims_set_cost
                0x0801033c       0x20 lib/acados/acados/libacados.a(ocp_nlp_common.c.obj)
                0x0801033c                ocp_nlp_dims_set_cost
 .text.ocp_nlp_in_calculate_size
                0x0801035c       0x8c lib/acados/acados/libacados.a(ocp_nlp_common.c.obj)
                0x0801035c                ocp_nlp_in_calculate_size
 .text.ocp_nlp_in_assign
                0x080103e8      0x114 lib/acados/acados/libacados.a(ocp_nlp_common.c.obj)
                0x080103e8                ocp_nlp_in_assign
 .text.ocp_nlp_out_calculate_size
                0x080104fc       0xc8 lib/acados/acados/libacados.a(ocp_nlp_common.c.obj)
                0x080104fc                ocp_nlp_out_calculate_size
 *fill*         0x080105c4        0x4 
 .text.ocp_nlp_out_assign
                0x080105c8      0x218 lib/acados/acados/libacados.a(ocp_nlp_common.c.obj)
                0x080105c8                ocp_nlp_out_assign
 .text.ocp_nlp_opts_calculate_size
                0x080107e0       0xb4 lib/acados/acados/libacados.a(ocp_nlp_common.c.obj)
                0x080107e0                ocp_nlp_opts_calculate_size
 .text.ocp_nlp_opts_assign
                0x08010894      0x134 lib/acados/acados/libacados.a(ocp_nlp_common.c.obj)
                0x08010894                ocp_nlp_opts_assign
 .text.ocp_nlp_opts_initialize_default
                0x080109c8      0x100 lib/acados/acados/libacados.a(ocp_nlp_common.c.obj)
                0x080109c8                ocp_nlp_opts_initialize_default
 .text.ocp_nlp_opts_update
                0x08010ac8       0x8c lib/acados/acados/libacados.a(ocp_nlp_common.c.obj)
                0x08010ac8                ocp_nlp_opts_update
 .text.ocp_nlp_opts_set
                0x08010b54      0x304 lib/acados/acados/libacados.a(ocp_nlp_common.c.obj)
                0x08010b54                ocp_nlp_opts_set
 .text.ocp_nlp_opts_set_at_stage
                0x08010e58       0xf4 lib/acados/acados/libacados.a(ocp_nlp_common.c.obj)
                0x08010e58                ocp_nlp_opts_set_at_stage
 .text.ocp_nlp_workspace_calculate_size
                0x08010f4c      0x1ec lib/acados/acados/libacados.a(ocp_nlp_common.c.obj)
                0x08010f4c                ocp_nlp_workspace_calculate_size
 .text.ocp_nlp_workspace_assign
                0x08011138      0x254 lib/acados/acados/libacados.a(ocp_nlp_common.c.obj)
                0x08011138                ocp_nlp_workspace_assign
 .text.ocp_nlp_alias_memory_to_submodules
                0x0801138c      0x33c lib/acados/acados/libacados.a(ocp_nlp_common.c.obj)
                0x0801138c                ocp_nlp_alias_memory_to_submodules
 .text.ocp_nlp_initialize_qp
                0x080116c8       0xcc lib/acados/acados/libacados.a(ocp_nlp_common.c.obj)
                0x080116c8                ocp_nlp_initialize_qp
 .text.ocp_nlp_initialize_t_slacks
                0x08011794       0xf0 lib/acados/acados/libacados.a(ocp_nlp_common.c.obj)
                0x08011794                ocp_nlp_initialize_t_slacks
 *fill*         0x08011884        0x4 
 .text.ocp_nlp_approximate_qp_matrices
                0x08011888      0x45c lib/acados/acados/libacados.a(ocp_nlp_common.c.obj)
                0x08011888                ocp_nlp_approximate_qp_matrices
 .text.ocp_nlp_approximate_qp_vectors_sqp
                0x08011ce4       0xac lib/acados/acados/libacados.a(ocp_nlp_common.c.obj)
                0x08011ce4                ocp_nlp_approximate_qp_vectors_sqp
 .text.ocp_nlp_embed_initial_value
                0x08011d90       0x68 lib/acados/acados/libacados.a(ocp_nlp_common.c.obj)
                0x08011d90                ocp_nlp_embed_initial_value
 .text.ocp_nlp_compute_merit_gradient
                0x08011df8      0x3cc lib/acados/acados/libacados.a(ocp_nlp_common.c.obj)
                0x08011df8                ocp_nlp_compute_merit_gradient
 *fill*         0x080121c4        0x4 
 .text.ocp_nlp_evaluate_merit_fun
                0x080121c8      0x210 lib/acados/acados/libacados.a(ocp_nlp_common.c.obj)
                0x080121c8                ocp_nlp_evaluate_merit_fun
 .text.ocp_nlp_line_search
                0x080123d8      0x40c lib/acados/acados/libacados.a(ocp_nlp_common.c.obj)
                0x080123d8                ocp_nlp_line_search
 .text.ocp_nlp_update_variables_sqp
                0x080127e4      0x20c lib/acados/acados/libacados.a(ocp_nlp_common.c.obj)
                0x080127e4                ocp_nlp_update_variables_sqp
 .text.ocp_nlp_res_calculate_size
                0x080129f0       0xa0 lib/acados/acados/libacados.a(ocp_nlp_common.c.obj)
                0x080129f0                ocp_nlp_res_calculate_size
 .text.ocp_nlp_memory_calculate_size
                0x08012a90      0x290 lib/acados/acados/libacados.a(ocp_nlp_common.c.obj)
                0x08012a90                ocp_nlp_memory_calculate_size
 .text.ocp_nlp_res_assign
                0x08012d20       0xf4 lib/acados/acados/libacados.a(ocp_nlp_common.c.obj)
                0x08012d20                ocp_nlp_res_assign
 *fill*         0x08012e14        0x4 
 .text.ocp_nlp_memory_assign
                0x08012e18      0x430 lib/acados/acados/libacados.a(ocp_nlp_common.c.obj)
                0x08012e18                ocp_nlp_memory_assign
 .text.ocp_nlp_res_compute
                0x08013248      0x248 lib/acados/acados/libacados.a(ocp_nlp_common.c.obj)
                0x08013248                ocp_nlp_res_compute
 .text.ocp_nlp_res_get_inf_norm
                0x08013490       0x3c lib/acados/acados/libacados.a(ocp_nlp_common.c.obj)
                0x08013490                ocp_nlp_res_get_inf_norm
 .text.ocp_nlp_constraints_config_calculate_size
                0x080134cc        0x4 lib/acados/acados/libacados.a(ocp_nlp_constraints_common.c.obj)
                0x080134cc                ocp_nlp_constraints_config_calculate_size
 .text.ocp_nlp_constraints_config_assign
                0x080134d0        0x4 lib/acados/acados/libacados.a(ocp_nlp_constraints_common.c.obj)
                0x080134d0                ocp_nlp_constraints_config_assign
 .text.ocp_nlp_cost_config_calculate_size
                0x080134d4        0x4 lib/acados/acados/libacados.a(ocp_nlp_cost_common.c.obj)
                0x080134d4                ocp_nlp_cost_config_calculate_size
 .text.ocp_nlp_cost_config_assign
                0x080134d8        0x4 lib/acados/acados/libacados.a(ocp_nlp_cost_common.c.obj)
                0x080134d8                ocp_nlp_cost_config_assign
 .text.ocp_nlp_dynamics_config_calculate_size
                0x080134dc        0xc lib/acados/acados/libacados.a(ocp_nlp_dynamics_common.c.obj)
                0x080134dc                ocp_nlp_dynamics_config_calculate_size
 .text.ocp_nlp_dynamics_config_assign
                0x080134e8       0x14 lib/acados/acados/libacados.a(ocp_nlp_dynamics_common.c.obj)
                0x080134e8                ocp_nlp_dynamics_config_assign
 .text.ocp_nlp_reg_config_calculate_size
                0x080134fc        0x4 lib/acados/acados/libacados.a(ocp_nlp_reg_common.c.obj)
                0x080134fc                ocp_nlp_reg_config_calculate_size
 .text.ocp_nlp_reg_config_assign
                0x08013500        0x4 lib/acados/acados/libacados.a(ocp_nlp_reg_common.c.obj)
                0x08013500                ocp_nlp_reg_config_assign
 .text.ocp_nlp_reg_dims_calculate_size
                0x08013504        0xc lib/acados/acados/libacados.a(ocp_nlp_reg_common.c.obj)
                0x08013504                ocp_nlp_reg_dims_calculate_size
 .text.ocp_nlp_reg_dims_assign
                0x08013510       0x6c lib/acados/acados/libacados.a(ocp_nlp_reg_common.c.obj)
                0x08013510                ocp_nlp_reg_dims_assign
 .text.ocp_nlp_reg_dims_set
                0x0801357c       0xa4 lib/acados/acados/libacados.a(ocp_nlp_reg_common.c.obj)
                0x0801357c                ocp_nlp_reg_dims_set
 .text.acados_reconstruct_A
                0x08013620       0x98 lib/acados/acados/libacados.a(ocp_nlp_reg_common.c.obj)
                0x08013620                acados_reconstruct_A
 .text.acados_mirror
                0x080136b8       0x78 lib/acados/acados/libacados.a(ocp_nlp_reg_common.c.obj)
                0x080136b8                acados_mirror
 .text.acados_project
                0x08013730       0x54 lib/acados/acados/libacados.a(ocp_nlp_reg_common.c.obj)
                0x08013730                acados_project
 .text.ocp_qp_solver_config_calculate_size
                0x08013784        0x4 lib/acados/acados/libacados.a(ocp_qp_common.c.obj)
                0x08013784                ocp_qp_solver_config_calculate_size
 .text.ocp_qp_solver_config_assign
                0x08013788        0x4 lib/acados/acados/libacados.a(ocp_qp_common.c.obj)
                0x08013788                ocp_qp_solver_config_assign
 .text.ocp_qp_condensing_config_calculate_size
                0x0801378c        0x4 lib/acados/acados/libacados.a(ocp_qp_common.c.obj)
                0x0801378c                ocp_qp_condensing_config_calculate_size
 .text.ocp_qp_condensing_config_assign
                0x08013790        0x4 lib/acados/acados/libacados.a(ocp_qp_common.c.obj)
                0x08013790                ocp_qp_condensing_config_assign
 .text.ocp_qp_dims_calculate_size
                0x08013794       0x28 lib/acados/acados/libacados.a(ocp_qp_common.c.obj)
                0x08013794                ocp_qp_dims_calculate_size
 .text.ocp_qp_dims_assign
                0x080137bc       0x2c lib/acados/acados/libacados.a(ocp_qp_common.c.obj)
                0x080137bc                ocp_qp_dims_assign
 .text.ocp_qp_dims_set
                0x080137e8       0x10 lib/acados/acados/libacados.a(ocp_qp_common.c.obj)
                0x080137e8                ocp_qp_dims_set
 .text.ocp_qp_in_calculate_size
                0x080137f8       0x48 lib/acados/acados/libacados.a(ocp_qp_common.c.obj)
                0x080137f8                ocp_qp_in_calculate_size
 .text.ocp_qp_in_assign
                0x08013840       0x8c lib/acados/acados/libacados.a(ocp_qp_common.c.obj)
                0x08013840                ocp_qp_in_assign
 .text.ocp_qp_out_calculate_size
                0x080138cc       0x48 lib/acados/acados/libacados.a(ocp_qp_common.c.obj)
                0x080138cc                ocp_qp_out_calculate_size
 .text.ocp_qp_out_assign
                0x08013914       0x9c lib/acados/acados/libacados.a(ocp_qp_common.c.obj)
                0x08013914                ocp_qp_out_assign
 .text.ocp_qp_res_calculate_size
                0x080139b0        0xc lib/acados/acados/libacados.a(ocp_qp_common.c.obj)
                0x080139b0                ocp_qp_res_calculate_size
 .text.ocp_qp_res_assign
                0x080139bc       0x18 lib/acados/acados/libacados.a(ocp_qp_common.c.obj)
                0x080139bc                ocp_qp_res_assign
 .text.ocp_qp_res_workspace_calculate_size
                0x080139d4        0xc lib/acados/acados/libacados.a(ocp_qp_common.c.obj)
                0x080139d4                ocp_qp_res_workspace_calculate_size
 .text.ocp_qp_res_workspace_assign
                0x080139e0       0x18 lib/acados/acados/libacados.a(ocp_qp_common.c.obj)
                0x080139e0                ocp_qp_res_workspace_assign
 .text.ocp_qp_res_compute_nrm_inf
                0x080139f8      0x1c4 lib/acados/acados/libacados.a(ocp_qp_common.c.obj)
                0x080139f8                ocp_qp_res_compute_nrm_inf
 .text.ocp_qp_compute_t
                0x08013bbc      0x128 lib/acados/acados/libacados.a(ocp_qp_common.c.obj)
                0x08013bbc                ocp_qp_compute_t
 .text.ocp_qp_res_compute
                0x08013ce4       0x3c lib/acados/acados/libacados.a(ocp_qp_common.c.obj)
                0x08013ce4                ocp_qp_res_compute
 .text.ocp_qp_xcond_solver_opts_calculate_size
                0x08013d20       0x34 lib/acados/acados/libacados.a(ocp_qp_xcond_solver.c.obj)
                0x08013d20                ocp_qp_xcond_solver_opts_calculate_size
 .text.ocp_qp_xcond_solver_opts_assign
                0x08013d54       0x58 lib/acados/acados/libacados.a(ocp_qp_xcond_solver.c.obj)
                0x08013d54                ocp_qp_xcond_solver_opts_assign
 .text.ocp_qp_xcond_solver_opts_initialize_default
                0x08013dac       0x3c lib/acados/acados/libacados.a(ocp_qp_xcond_solver.c.obj)
                0x08013dac                ocp_qp_xcond_solver_opts_initialize_default
 .text.ocp_qp_xcond_solver_opts_update
                0x08013de8       0x3c lib/acados/acados/libacados.a(ocp_qp_xcond_solver.c.obj)
                0x08013de8                ocp_qp_xcond_solver_opts_update
 .text.ocp_qp_xcond_solver_memory_calculate_size
                0x08013e24       0x40 lib/acados/acados/libacados.a(ocp_qp_xcond_solver.c.obj)
                0x08013e24                ocp_qp_xcond_solver_memory_calculate_size
 .text.ocp_qp_xcond_solver_memory_assign
                0x08013e64       0x88 lib/acados/acados/libacados.a(ocp_qp_xcond_solver.c.obj)
                0x08013e64                ocp_qp_xcond_solver_memory_assign
 .text.ocp_qp_xcond_solver_workspace_calculate_size
                0x08013eec       0x38 lib/acados/acados/libacados.a(ocp_qp_xcond_solver.c.obj)
                0x08013eec                ocp_qp_xcond_solver_workspace_calculate_size
 .text.ocp_qp_xcond_solver_dims_calculate_size
                0x08013f24       0x24 lib/acados/acados/libacados.a(ocp_qp_xcond_solver.c.obj)
                0x08013f24                ocp_qp_xcond_solver_dims_calculate_size
 .text.ocp_qp_xcond_solver_dims_assign
                0x08013f48       0x38 lib/acados/acados/libacados.a(ocp_qp_xcond_solver.c.obj)
                0x08013f48                ocp_qp_xcond_solver_dims_assign
 .text.ocp_qp_xcond_solver_dims_set_
                0x08013f80       0x34 lib/acados/acados/libacados.a(ocp_qp_xcond_solver.c.obj)
                0x08013f80                ocp_qp_xcond_solver_dims_set_
 .text.ocp_qp_xcond_solver_opts_set_
                0x08013fb4       0x70 lib/acados/acados/libacados.a(ocp_qp_xcond_solver.c.obj)
                0x08013fb4                ocp_qp_xcond_solver_opts_set_
 .text.ocp_qp_xcond_solver_memory_get
                0x08014024       0x70 lib/acados/acados/libacados.a(ocp_qp_xcond_solver.c.obj)
                0x08014024                ocp_qp_xcond_solver_memory_get
 .text.ocp_qp_xcond_solver
                0x08014094      0x124 lib/acados/acados/libacados.a(ocp_qp_xcond_solver.c.obj)
                0x08014094                ocp_qp_xcond_solver
 .text.ocp_qp_xcond_solver_eval_sens
                0x080141b8       0x94 lib/acados/acados/libacados.a(ocp_qp_xcond_solver.c.obj)
                0x080141b8                ocp_qp_xcond_solver_eval_sens
 .text.ocp_qp_xcond_solver_config_calculate_size
                0x0801424c       0x14 lib/acados/acados/libacados.a(ocp_qp_xcond_solver.c.obj)
                0x0801424c                ocp_qp_xcond_solver_config_calculate_size
 .text.ocp_qp_xcond_solver_config_assign
                0x08014260       0x24 lib/acados/acados/libacados.a(ocp_qp_xcond_solver.c.obj)
                0x08014260                ocp_qp_xcond_solver_config_assign
 .text.ocp_qp_xcond_solver_config_initialize_default
                0x08014284       0x78 lib/acados/acados/libacados.a(ocp_qp_xcond_solver.c.obj)
                0x08014284                ocp_qp_xcond_solver_config_initialize_default
 .text.sim_config_calculate_size
                0x080142fc        0x4 lib/acados/acados/libacados.a(sim_common.c.obj)
                0x080142fc                sim_config_calculate_size
 .text.sim_config_assign
                0x08014300        0x4 lib/acados/acados/libacados.a(sim_common.c.obj)
                0x08014300                sim_config_assign
 .text.sim_in_calculate_size
                0x08014304       0x70 lib/acados/acados/libacados.a(sim_common.c.obj)
                0x08014304                sim_in_calculate_size
 .text.sim_in_assign
                0x08014374       0xa4 lib/acados/acados/libacados.a(sim_common.c.obj)
                0x08014374                sim_in_assign
 .text.sim_out_calculate_size
                0x08014418       0x6c lib/acados/acados/libacados.a(sim_common.c.obj)
                0x08014418                sim_out_calculate_size
 .text.sim_out_assign
                0x08014484       0xb8 lib/acados/acados/libacados.a(sim_common.c.obj)
                0x08014484                sim_out_assign
 .text.sim_opts_set_
                0x0801453c      0x118 lib/acados/acados/libacados.a(sim_common.c.obj)
                0x0801453c                sim_opts_set_
 .text.sim_opts_get_
                0x08014654       0x58 lib/acados/acados/libacados.a(sim_common.c.obj)
                0x08014654                sim_opts_get_
 *fill*         0x080146ac        0x4 
 .text.acados_eigen_decomposition
                0x080146b0      0x7a8 lib/acados/acados/libacados.a(math.c.obj)
                0x080146b0                acados_eigen_decomposition
 .text.neville_algorithm
                0x08014e58      0x114 lib/acados/acados/libacados.a(math.c.obj)
                0x08014e58                neville_algorithm
 .text.make_int_multiple_of
                0x08014f6c       0x18 lib/acados/acados/libacados.a(mem.c.obj)
                0x08014f6c                make_int_multiple_of
 .text.align_char_to
                0x08014f84       0x18 lib/acados/acados/libacados.a(mem.c.obj)
                0x08014f84                align_char_to
 .text.acados_malloc
                0x08014f9c        0x4 lib/acados/acados/libacados.a(mem.c.obj)
                0x08014f9c                acados_malloc
 .text.acados_calloc
                0x08014fa0        0x4 lib/acados/acados/libacados.a(mem.c.obj)
                0x08014fa0                acados_calloc
 .text.assign_and_advance_double_ptrs
                0x08014fa4        0xc lib/acados/acados/libacados.a(mem.c.obj)
                0x08014fa4                assign_and_advance_double_ptrs
 .text.assign_and_advance_blasfeo_dvec_structs
                0x08014fb0       0x10 lib/acados/acados/libacados.a(mem.c.obj)
                0x08014fb0                assign_and_advance_blasfeo_dvec_structs
 .text.assign_and_advance_blasfeo_dmat_structs
                0x08014fc0       0x10 lib/acados/acados/libacados.a(mem.c.obj)
                0x08014fc0                assign_and_advance_blasfeo_dmat_structs
 .text.assign_and_advance_int
                0x08014fd0        0xc lib/acados/acados/libacados.a(mem.c.obj)
                0x08014fd0                assign_and_advance_int
 .text.assign_and_advance_bool
                0x08014fdc        0xc lib/acados/acados/libacados.a(mem.c.obj)
                0x08014fdc                assign_and_advance_bool
 .text.assign_and_advance_double
                0x08014fe8        0xc lib/acados/acados/libacados.a(mem.c.obj)
                0x08014fe8                assign_and_advance_double
 .text.assign_and_advance_blasfeo_dvec_mem
                0x08014ff4       0x18 lib/acados/acados/libacados.a(mem.c.obj)
                0x08014ff4                assign_and_advance_blasfeo_dvec_mem
 .text.assign_and_advance_blasfeo_dmat_mem
                0x0801500c       0x18 lib/acados/acados/libacados.a(mem.c.obj)
                0x0801500c                assign_and_advance_blasfeo_dmat_mem
 .text.acados_tic
                0x08015024        0x8 lib/acados/acados/libacados.a(timing.c.obj)
                0x08015024                acados_tic
 *fill*         0x0801502c        0x4 
 .text.acados_toc
                0x08015030       0x74 lib/acados/acados/libacados.a(timing.c.obj)
                0x08015030                acados_toc
 .text.external_function_param_casadi_create
                0x080150a4       0x1c lib/acados/acados/libacados.a(external_function_interface.c.obj)
                0x080150a4                external_function_param_casadi_create
 .text.ocp_nlp_plan_create
                0x080150c0       0x94 lib/acados/acados/libacados.a(ocp_nlp_interface.c.obj)
                0x080150c0                ocp_nlp_plan_create
 .text.ocp_nlp_config_create
                0x08015154      0x230 lib/acados/acados/libacados.a(ocp_nlp_interface.c.obj)
                0x08015154                ocp_nlp_config_create
 .text.ocp_nlp_dims_create
                0x08015384       0x20 lib/acados/acados/libacados.a(ocp_nlp_interface.c.obj)
                0x08015384                ocp_nlp_dims_create
 .text.ocp_nlp_in_create
                0x080153a4       0x24 lib/acados/acados/libacados.a(ocp_nlp_interface.c.obj)
                0x080153a4                ocp_nlp_in_create
 .text.ocp_nlp_in_set
                0x080153c8       0x38 lib/acados/acados/libacados.a(ocp_nlp_interface.c.obj)
                0x080153c8                ocp_nlp_in_set
 .text.ocp_nlp_dynamics_model_set
                0x08015400       0x28 lib/acados/acados/libacados.a(ocp_nlp_interface.c.obj)
                0x08015400                ocp_nlp_dynamics_model_set
 .text.ocp_nlp_cost_model_set
                0x08015428       0x28 lib/acados/acados/libacados.a(ocp_nlp_interface.c.obj)
                0x08015428                ocp_nlp_cost_model_set
 .text.ocp_nlp_constraints_model_set
                0x08015450       0x28 lib/acados/acados/libacados.a(ocp_nlp_interface.c.obj)
                0x08015450                ocp_nlp_constraints_model_set
 .text.ocp_nlp_out_create
                0x08015478       0x24 lib/acados/acados/libacados.a(ocp_nlp_interface.c.obj)
                0x08015478                ocp_nlp_out_create
 .text.ocp_nlp_out_set
                0x0801549c      0x1c0 lib/acados/acados/libacados.a(ocp_nlp_interface.c.obj)
                0x0801549c                ocp_nlp_out_set
 .text.ocp_nlp_out_get
                0x0801565c      0x180 lib/acados/acados/libacados.a(ocp_nlp_interface.c.obj)
                0x0801565c                ocp_nlp_out_get
 .text.ocp_nlp_solver_opts_create
                0x080157dc       0x2c lib/acados/acados/libacados.a(ocp_nlp_interface.c.obj)
                0x080157dc                ocp_nlp_solver_opts_create
 .text.ocp_nlp_solver_opts_set
                0x08015808        0xc lib/acados/acados/libacados.a(ocp_nlp_interface.c.obj)
                0x08015808                ocp_nlp_solver_opts_set
 .text.ocp_nlp_solver_opts_set_at_stage
                0x08015814        0xc lib/acados/acados/libacados.a(ocp_nlp_interface.c.obj)
                0x08015814                ocp_nlp_solver_opts_set_at_stage
 .text.ocp_nlp_solver_create
                0x08015820       0x6c lib/acados/acados/libacados.a(ocp_nlp_interface.c.obj)
                0x08015820                ocp_nlp_solver_create
 .text.ocp_nlp_solve
                0x0801588c       0x24 lib/acados/acados/libacados.a(ocp_nlp_interface.c.obj)
                0x0801588c                ocp_nlp_solve
 .text.ocp_nlp_precompute
                0x080158b0       0x24 lib/acados/acados/libacados.a(ocp_nlp_interface.c.obj)
                0x080158b0                ocp_nlp_precompute
 .text.ocp_qp_xcond_solver_config_initialize_from_plan
                0x080158d4       0x64 lib/acados/acados/libacados.a(ocp_qp_interface.c.obj)
                0x080158d4                ocp_qp_xcond_solver_config_initialize_from_plan
 .text.ocp_qp_out_get
                0x08015938       0x30 lib/acados/acados/libacados.a(ocp_qp_interface.c.obj)
                0x08015938                ocp_qp_out_get
 .text.dense_qp_hpipm_opts_update
                0x08015968        0x4 lib/acados/acados/libacados.a(dense_qp_hpipm.c.obj)
                0x08015968                dense_qp_hpipm_opts_update
 .text.dense_qp_hpipm_workspace_calculate_size
                0x0801596c        0x4 lib/acados/acados/libacados.a(dense_qp_hpipm.c.obj)
                0x0801596c                dense_qp_hpipm_workspace_calculate_size
 .text.dense_qp_hpipm_opts_calculate_size
                0x08015970       0x28 lib/acados/acados/libacados.a(dense_qp_hpipm.c.obj)
                0x08015970                dense_qp_hpipm_opts_calculate_size
 .text.dense_qp_hpipm_opts_assign
                0x08015998       0x30 lib/acados/acados/libacados.a(dense_qp_hpipm.c.obj)
                0x08015998                dense_qp_hpipm_opts_assign
 .text.dense_qp_hpipm_opts_initialize_default
                0x080159c8       0x5c lib/acados/acados/libacados.a(dense_qp_hpipm.c.obj)
                0x080159c8                dense_qp_hpipm_opts_initialize_default
 .text.dense_qp_hpipm_opts_set
                0x08015a24        0xc lib/acados/acados/libacados.a(dense_qp_hpipm.c.obj)
                0x08015a24                dense_qp_hpipm_opts_set
 .text.dense_qp_hpipm_memory_calculate_size
                0x08015a30       0x2c lib/acados/acados/libacados.a(dense_qp_hpipm.c.obj)
                0x08015a30                dense_qp_hpipm_memory_calculate_size
 .text.dense_qp_hpipm_memory_assign
                0x08015a5c       0x30 lib/acados/acados/libacados.a(dense_qp_hpipm.c.obj)
                0x08015a5c                dense_qp_hpipm_memory_assign
 *fill*         0x08015a8c        0x4 
 .text.dense_qp_hpipm
                0x08015a90       0xb0 lib/acados/acados/libacados.a(dense_qp_hpipm.c.obj)
                0x08015a90                dense_qp_hpipm
 .text.dense_qp_hpipm_eval_sens
                0x08015b40       0x14 lib/acados/acados/libacados.a(dense_qp_hpipm.c.obj)
                0x08015b40                dense_qp_hpipm_eval_sens
 .text.dense_qp_hpipm_memory_get
                0x08015b54       0x48 lib/acados/acados/libacados.a(dense_qp_hpipm.c.obj)
                0x08015b54                dense_qp_hpipm_memory_get
 .text.dense_qp_hpipm_config_initialize_default
                0x08015b9c       0x68 lib/acados/acados/libacados.a(dense_qp_hpipm.c.obj)
                0x08015b9c                dense_qp_hpipm_config_initialize_default
 .text.ocp_nlp_constraints_bgh_dims_assign
                0x08015c04       0x28 lib/acados/acados/libacados.a(ocp_nlp_constraints_bgh.c.obj)
                0x08015c04                ocp_nlp_constraints_bgh_dims_assign
 .text.ocp_nlp_constraints_bgh_dims_initialize
                0x08015c2c       0x28 lib/acados/acados/libacados.a(ocp_nlp_constraints_bgh.c.obj)
                0x08015c2c                ocp_nlp_constraints_bgh_dims_initialize
 .text.ocp_nlp_constraints_bgh_opts_calculate_size
                0x08015c54        0x4 lib/acados/acados/libacados.a(ocp_nlp_constraints_bgh.c.obj)
                0x08015c54                ocp_nlp_constraints_bgh_opts_calculate_size
 .text.ocp_nlp_constraints_bgh_opts_assign
                0x08015c58        0x4 lib/acados/acados/libacados.a(ocp_nlp_constraints_bgh.c.obj)
                0x08015c58                ocp_nlp_constraints_bgh_opts_assign
 .text.ocp_nlp_constraints_bgh_opts_initialize_default
                0x08015c5c        0xc lib/acados/acados/libacados.a(ocp_nlp_constraints_bgh.c.obj)
                0x08015c5c                ocp_nlp_constraints_bgh_opts_initialize_default
 .text.ocp_nlp_constraints_bgh_opts_update
                0x08015c68        0x4 lib/acados/acados/libacados.a(ocp_nlp_constraints_bgh.c.obj)
                0x08015c68                ocp_nlp_constraints_bgh_opts_update
 .text.ocp_nlp_constraints_bgh_memory_get_fun_ptr
                0x08015c6c        0x4 lib/acados/acados/libacados.a(ocp_nlp_constraints_bgh.c.obj)
                0x08015c6c                ocp_nlp_constraints_bgh_memory_get_fun_ptr
 .text.ocp_nlp_constraints_bgh_memory_get_adj_ptr
                0x08015c70        0x4 lib/acados/acados/libacados.a(ocp_nlp_constraints_bgh.c.obj)
                0x08015c70                ocp_nlp_constraints_bgh_memory_get_adj_ptr
 .text.ocp_nlp_constraints_bgh_memory_set_ux_ptr
                0x08015c74        0x4 lib/acados/acados/libacados.a(ocp_nlp_constraints_bgh.c.obj)
                0x08015c74                ocp_nlp_constraints_bgh_memory_set_ux_ptr
 .text.ocp_nlp_constraints_bgh_memory_set_tmp_ux_ptr
                0x08015c78        0x4 lib/acados/acados/libacados.a(ocp_nlp_constraints_bgh.c.obj)
                0x08015c78                ocp_nlp_constraints_bgh_memory_set_tmp_ux_ptr
 .text.ocp_nlp_constraints_bgh_memory_set_lam_ptr
                0x08015c7c        0x4 lib/acados/acados/libacados.a(ocp_nlp_constraints_bgh.c.obj)
                0x08015c7c                ocp_nlp_constraints_bgh_memory_set_lam_ptr
 .text.ocp_nlp_constraints_bgh_memory_set_tmp_lam_ptr
                0x08015c80        0x4 lib/acados/acados/libacados.a(ocp_nlp_constraints_bgh.c.obj)
                0x08015c80                ocp_nlp_constraints_bgh_memory_set_tmp_lam_ptr
 .text.ocp_nlp_constraints_bgh_memory_set_DCt_ptr
                0x08015c84        0x4 lib/acados/acados/libacados.a(ocp_nlp_constraints_bgh.c.obj)
                0x08015c84                ocp_nlp_constraints_bgh_memory_set_DCt_ptr
 .text.ocp_nlp_constraints_bgh_memory_set_RSQrq_ptr
                0x08015c88        0x4 lib/acados/acados/libacados.a(ocp_nlp_constraints_bgh.c.obj)
                0x08015c88                ocp_nlp_constraints_bgh_memory_set_RSQrq_ptr
 .text.ocp_nlp_constraints_bgh_memory_set_z_alg_ptr
                0x08015c8c        0x4 lib/acados/acados/libacados.a(ocp_nlp_constraints_bgh.c.obj)
                0x08015c8c                ocp_nlp_constraints_bgh_memory_set_z_alg_ptr
 .text.ocp_nlp_constraints_bgh_memory_set_dzduxt_ptr
                0x08015c90        0x4 lib/acados/acados/libacados.a(ocp_nlp_constraints_bgh.c.obj)
                0x08015c90                ocp_nlp_constraints_bgh_memory_set_dzduxt_ptr
 .text.ocp_nlp_constraints_bgh_memory_set_idxb_ptr
                0x08015c94        0x4 lib/acados/acados/libacados.a(ocp_nlp_constraints_bgh.c.obj)
                0x08015c94                ocp_nlp_constraints_bgh_memory_set_idxb_ptr
 .text.ocp_nlp_constraints_bgh_memory_set_idxs_rev_ptr
                0x08015c98        0x4 lib/acados/acados/libacados.a(ocp_nlp_constraints_bgh.c.obj)
                0x08015c98                ocp_nlp_constraints_bgh_memory_set_idxs_rev_ptr
 .text.ocp_nlp_constraints_bgh_memory_set_idxe_ptr
                0x08015c9c        0x4 lib/acados/acados/libacados.a(ocp_nlp_constraints_bgh.c.obj)
                0x08015c9c                ocp_nlp_constraints_bgh_memory_set_idxe_ptr
 .text.ocp_nlp_constraints_bgh_config_initialize_default
                0x08015ca0      0x11c lib/acados/acados/libacados.a(ocp_nlp_constraints_bgh.c.obj)
                0x08015ca0                ocp_nlp_constraints_bgh_config_initialize_default
 .text.ocp_nlp_constraints_bgh_dims_calculate_size
                0x08015dbc       0x18 lib/acados/acados/libacados.a(ocp_nlp_constraints_bgh.c.obj)
                0x08015dbc                ocp_nlp_constraints_bgh_dims_calculate_size
 .text.ocp_nlp_constraints_bgh_memory_calculate_size
                0x08015dd4       0x4c lib/acados/acados/libacados.a(ocp_nlp_constraints_bgh.c.obj)
                0x08015dd4                ocp_nlp_constraints_bgh_memory_calculate_size
 .text.ocp_nlp_constraints_bgh_model_calculate_size
                0x08015e20       0x60 lib/acados/acados/libacados.a(ocp_nlp_constraints_bgh.c.obj)
                0x08015e20                ocp_nlp_constraints_bgh_model_calculate_size
 .text.ocp_nlp_constraints_bgh_workspace_calculate_size
                0x08015e80       0x74 lib/acados/acados/libacados.a(ocp_nlp_constraints_bgh.c.obj)
                0x08015e80                ocp_nlp_constraints_bgh_workspace_calculate_size
 .text.ocp_nlp_constraints_bgh_memory_assign
                0x08015ef4       0x5c lib/acados/acados/libacados.a(ocp_nlp_constraints_bgh.c.obj)
                0x08015ef4                ocp_nlp_constraints_bgh_memory_assign
 .text.ocp_nlp_constraints_bgh_model_assign
                0x08015f50       0xd0 lib/acados/acados/libacados.a(ocp_nlp_constraints_bgh.c.obj)
                0x08015f50                ocp_nlp_constraints_bgh_model_assign
 .text.ocp_nlp_constraints_bgh_model_set
                0x08016020      0x69c lib/acados/acados/libacados.a(ocp_nlp_constraints_bgh.c.obj)
                0x08016020                ocp_nlp_constraints_bgh_model_set
 .text.ocp_nlp_constraints_bgh_initialize
                0x080166bc      0x140 lib/acados/acados/libacados.a(ocp_nlp_constraints_bgh.c.obj)
                0x080166bc                ocp_nlp_constraints_bgh_initialize
 .text.ocp_nlp_constraints_bgh_dims_set
                0x080167fc      0x198 lib/acados/acados/libacados.a(ocp_nlp_constraints_bgh.c.obj)
                0x080167fc                ocp_nlp_constraints_bgh_dims_set
 .text.ocp_nlp_constraints_bgh_dims_get
                0x08016994      0x1ac lib/acados/acados/libacados.a(ocp_nlp_constraints_bgh.c.obj)
                0x08016994                ocp_nlp_constraints_bgh_dims_get
 .text.ocp_nlp_constraints_bgh_opts_set
                0x08016b40       0x44 lib/acados/acados/libacados.a(ocp_nlp_constraints_bgh.c.obj)
                0x08016b40                ocp_nlp_constraints_bgh_opts_set
 .text.ocp_nlp_constraints_bgh_cast_workspace.constprop.0
                0x08016b84       0x94 lib/acados/acados/libacados.a(ocp_nlp_constraints_bgh.c.obj)
 .text.ocp_nlp_constraints_bgh_update_qp_matrices
                0x08016c18      0x45c lib/acados/acados/libacados.a(ocp_nlp_constraints_bgh.c.obj)
                0x08016c18                ocp_nlp_constraints_bgh_update_qp_matrices
 *fill*         0x08017074        0x4 
 .text.ocp_nlp_constraints_bgh_compute_fun
                0x08017078      0x188 lib/acados/acados/libacados.a(ocp_nlp_constraints_bgh.c.obj)
                0x08017078                ocp_nlp_constraints_bgh_compute_fun
 .text.ocp_nlp_constraints_bgh_bounds_update
                0x08017200       0x70 lib/acados/acados/libacados.a(ocp_nlp_constraints_bgh.c.obj)
                0x08017200                ocp_nlp_constraints_bgh_bounds_update
 .text.ocp_nlp_constraints_bgp_dims_calculate_size
                0x08017270        0x4 lib/acados/acados/libacados.a(ocp_nlp_constraints_bgp.c.obj)
                0x08017270                ocp_nlp_constraints_bgp_dims_calculate_size
 .text.ocp_nlp_constraints_bgp_dims_assign
                0x08017274       0x2c lib/acados/acados/libacados.a(ocp_nlp_constraints_bgp.c.obj)
                0x08017274                ocp_nlp_constraints_bgp_dims_assign
 .text.ocp_nlp_constraints_bgp_dims_initialize
                0x080172a0       0x2c lib/acados/acados/libacados.a(ocp_nlp_constraints_bgp.c.obj)
                0x080172a0                ocp_nlp_constraints_bgp_dims_initialize
 .text.ocp_nlp_constraints_bgp_opts_calculate_size
                0x080172cc        0x4 lib/acados/acados/libacados.a(ocp_nlp_constraints_bgp.c.obj)
                0x080172cc                ocp_nlp_constraints_bgp_opts_calculate_size
 .text.ocp_nlp_constraints_bgp_opts_assign
                0x080172d0        0x4 lib/acados/acados/libacados.a(ocp_nlp_constraints_bgp.c.obj)
                0x080172d0                ocp_nlp_constraints_bgp_opts_assign
 .text.ocp_nlp_constraints_bgp_opts_initialize_default
                0x080172d4        0xc lib/acados/acados/libacados.a(ocp_nlp_constraints_bgp.c.obj)
                0x080172d4                ocp_nlp_constraints_bgp_opts_initialize_default
 .text.ocp_nlp_constraints_bgp_opts_update
                0x080172e0        0x4 lib/acados/acados/libacados.a(ocp_nlp_constraints_bgp.c.obj)
                0x080172e0                ocp_nlp_constraints_bgp_opts_update
 .text.ocp_nlp_constraints_bgp_memory_get_fun_ptr
                0x080172e4        0x4 lib/acados/acados/libacados.a(ocp_nlp_constraints_bgp.c.obj)
                0x080172e4                ocp_nlp_constraints_bgp_memory_get_fun_ptr
 .text.ocp_nlp_constraints_bgp_memory_get_adj_ptr
                0x080172e8        0x4 lib/acados/acados/libacados.a(ocp_nlp_constraints_bgp.c.obj)
                0x080172e8                ocp_nlp_constraints_bgp_memory_get_adj_ptr
 .text.ocp_nlp_constraints_bgp_memory_set_ux_ptr
                0x080172ec        0x4 lib/acados/acados/libacados.a(ocp_nlp_constraints_bgp.c.obj)
                0x080172ec                ocp_nlp_constraints_bgp_memory_set_ux_ptr
 .text.ocp_nlp_constraints_bgp_memory_set_tmp_ux_ptr
                0x080172f0        0x4 lib/acados/acados/libacados.a(ocp_nlp_constraints_bgp.c.obj)
                0x080172f0                ocp_nlp_constraints_bgp_memory_set_tmp_ux_ptr
 .text.ocp_nlp_constraints_bgp_memory_set_lam_ptr
                0x080172f4        0x4 lib/acados/acados/libacados.a(ocp_nlp_constraints_bgp.c.obj)
                0x080172f4                ocp_nlp_constraints_bgp_memory_set_lam_ptr
 .text.ocp_nlp_constraints_bgp_memory_set_tmp_lam_ptr
                0x080172f8        0x4 lib/acados/acados/libacados.a(ocp_nlp_constraints_bgp.c.obj)
                0x080172f8                ocp_nlp_constraints_bgp_memory_set_tmp_lam_ptr
 .text.ocp_nlp_constraints_bgp_memory_set_DCt_ptr
                0x080172fc        0x4 lib/acados/acados/libacados.a(ocp_nlp_constraints_bgp.c.obj)
                0x080172fc                ocp_nlp_constraints_bgp_memory_set_DCt_ptr
 .text.ocp_nlp_constraints_bgp_memory_set_RSQrq_ptr
                0x08017300        0x4 lib/acados/acados/libacados.a(ocp_nlp_constraints_bgp.c.obj)
                0x08017300                ocp_nlp_constraints_bgp_memory_set_RSQrq_ptr
 .text.ocp_nlp_constraints_bgp_memory_set_z_alg_ptr
                0x08017304        0x4 lib/acados/acados/libacados.a(ocp_nlp_constraints_bgp.c.obj)
                0x08017304                ocp_nlp_constraints_bgp_memory_set_z_alg_ptr
 .text.ocp_nlp_constraints_bgp_memory_set_dzduxt_ptr
                0x08017308        0x4 lib/acados/acados/libacados.a(ocp_nlp_constraints_bgp.c.obj)
                0x08017308                ocp_nlp_constraints_bgp_memory_set_dzduxt_ptr
 .text.ocp_nlp_constraints_bgp_memory_set_idxb_ptr
                0x0801730c        0x4 lib/acados/acados/libacados.a(ocp_nlp_constraints_bgp.c.obj)
                0x0801730c                ocp_nlp_constraints_bgp_memory_set_idxb_ptr
 .text.ocp_nlp_constraints_bgp_memory_set_idxs_rev_ptr
                0x08017310        0x4 lib/acados/acados/libacados.a(ocp_nlp_constraints_bgp.c.obj)
                0x08017310                ocp_nlp_constraints_bgp_memory_set_idxs_rev_ptr
 .text.ocp_nlp_constraints_bgp_memory_set_idxe_ptr
                0x08017314        0x4 lib/acados/acados/libacados.a(ocp_nlp_constraints_bgp.c.obj)
                0x08017314                ocp_nlp_constraints_bgp_memory_set_idxe_ptr
 .text.ocp_nlp_constraints_bgp_config_initialize_default
                0x08017318      0x11c lib/acados/acados/libacados.a(ocp_nlp_constraints_bgp.c.obj)
                0x08017318                ocp_nlp_constraints_bgp_config_initialize_default
 .text.ocp_nlp_constraints_bgp_memory_calculate_size
                0x08017434       0x2c lib/acados/acados/libacados.a(ocp_nlp_constraints_bgp.c.obj)
                0x08017434                ocp_nlp_constraints_bgp_memory_calculate_size
 .text.ocp_nlp_constraints_bgp_model_calculate_size
                0x08017460       0x44 lib/acados/acados/libacados.a(ocp_nlp_constraints_bgp.c.obj)
                0x08017460                ocp_nlp_constraints_bgp_model_calculate_size
 .text.ocp_nlp_constraints_bgp_workspace_calculate_size
                0x080174a4       0x78 lib/acados/acados/libacados.a(ocp_nlp_constraints_bgp.c.obj)
                0x080174a4                ocp_nlp_constraints_bgp_workspace_calculate_size
 .text.ocp_nlp_constraints_bgp_memory_assign
                0x0801751c       0x54 lib/acados/acados/libacados.a(ocp_nlp_constraints_bgp.c.obj)
                0x0801751c                ocp_nlp_constraints_bgp_memory_assign
 .text.ocp_nlp_constraints_bgp_model_assign
                0x08017570       0xb8 lib/acados/acados/libacados.a(ocp_nlp_constraints_bgp.c.obj)
                0x08017570                ocp_nlp_constraints_bgp_model_assign
 .text.ocp_nlp_constraints_bgp_model_set
                0x08017628      0x684 lib/acados/acados/libacados.a(ocp_nlp_constraints_bgp.c.obj)
                0x08017628                ocp_nlp_constraints_bgp_model_set
 .text.ocp_nlp_constraints_bgp_initialize
                0x08017cac      0x140 lib/acados/acados/libacados.a(ocp_nlp_constraints_bgp.c.obj)
                0x08017cac                ocp_nlp_constraints_bgp_initialize
 .text.ocp_nlp_constraints_bgp_dims_set
                0x08017dec      0x1a8 lib/acados/acados/libacados.a(ocp_nlp_constraints_bgp.c.obj)
                0x08017dec                ocp_nlp_constraints_bgp_dims_set
 .text.ocp_nlp_constraints_bgp_dims_get
                0x08017f94      0x190 lib/acados/acados/libacados.a(ocp_nlp_constraints_bgp.c.obj)
                0x08017f94                ocp_nlp_constraints_bgp_dims_get
 .text.ocp_nlp_constraints_bgp_opts_set
                0x08018124       0x44 lib/acados/acados/libacados.a(ocp_nlp_constraints_bgp.c.obj)
                0x08018124                ocp_nlp_constraints_bgp_opts_set
 .text.ocp_nlp_constraints_bgp_cast_workspace.constprop.0
                0x08018168       0xa0 lib/acados/acados/libacados.a(ocp_nlp_constraints_bgp.c.obj)
 .text.ocp_nlp_constraints_bgp_update_qp_matrices
                0x08018208      0x3b4 lib/acados/acados/libacados.a(ocp_nlp_constraints_bgp.c.obj)
                0x08018208                ocp_nlp_constraints_bgp_update_qp_matrices
 *fill*         0x080185bc        0x4 
 .text.ocp_nlp_constraints_bgp_compute_fun
                0x080185c0      0x188 lib/acados/acados/libacados.a(ocp_nlp_constraints_bgp.c.obj)
                0x080185c0                ocp_nlp_constraints_bgp_compute_fun
 .text.ocp_nlp_constraints_bgp_bounds_update
                0x08018748       0x6c lib/acados/acados/libacados.a(ocp_nlp_constraints_bgp.c.obj)
                0x08018748                ocp_nlp_constraints_bgp_bounds_update
 .text.ocp_nlp_cost_external_dims_calculate_size
                0x080187b4        0x4 lib/acados/acados/libacados.a(ocp_nlp_cost_external.c.obj)
                0x080187b4                ocp_nlp_cost_external_dims_calculate_size
 .text.ocp_nlp_cost_external_dims_assign
                0x080187b8        0x4 lib/acados/acados/libacados.a(ocp_nlp_cost_external.c.obj)
                0x080187b8                ocp_nlp_cost_external_dims_assign
 .text.ocp_nlp_cost_external_dims_initialize
                0x080187bc        0xc lib/acados/acados/libacados.a(ocp_nlp_cost_external.c.obj)
                0x080187bc                ocp_nlp_cost_external_dims_initialize
 .text.ocp_nlp_cost_external_opts_assign
                0x080187c8        0x4 lib/acados/acados/libacados.a(ocp_nlp_cost_external.c.obj)
                0x080187c8                ocp_nlp_cost_external_opts_assign
 .text.ocp_nlp_cost_external_opts_initialize_default
                0x080187cc        0x8 lib/acados/acados/libacados.a(ocp_nlp_cost_external.c.obj)
                0x080187cc                ocp_nlp_cost_external_opts_initialize_default
 .text.ocp_nlp_cost_external_opts_update
                0x080187d4        0x4 lib/acados/acados/libacados.a(ocp_nlp_cost_external.c.obj)
                0x080187d4                ocp_nlp_cost_external_opts_update
 .text.ocp_nlp_cost_external_memory_get_fun_ptr
                0x080187d8        0x4 lib/acados/acados/libacados.a(ocp_nlp_cost_external.c.obj)
                0x080187d8                ocp_nlp_cost_external_memory_get_fun_ptr
 .text.ocp_nlp_cost_external_memory_get_grad_ptr
                0x080187dc        0x4 lib/acados/acados/libacados.a(ocp_nlp_cost_external.c.obj)
                0x080187dc                ocp_nlp_cost_external_memory_get_grad_ptr
 .text.ocp_nlp_cost_external_memory_set_RSQrq_ptr
                0x080187e0        0x4 lib/acados/acados/libacados.a(ocp_nlp_cost_external.c.obj)
                0x080187e0                ocp_nlp_cost_external_memory_set_RSQrq_ptr
 .text.ocp_nlp_cost_external_memory_set_Z_ptr
                0x080187e4        0x4 lib/acados/acados/libacados.a(ocp_nlp_cost_external.c.obj)
                0x080187e4                ocp_nlp_cost_external_memory_set_Z_ptr
 .text.ocp_nlp_cost_external_memory_set_ux_ptr
                0x080187e8        0x4 lib/acados/acados/libacados.a(ocp_nlp_cost_external.c.obj)
                0x080187e8                ocp_nlp_cost_external_memory_set_ux_ptr
 .text.ocp_nlp_cost_external_memory_set_tmp_ux_ptr
                0x080187ec        0x4 lib/acados/acados/libacados.a(ocp_nlp_cost_external.c.obj)
                0x080187ec                ocp_nlp_cost_external_memory_set_tmp_ux_ptr
 .text.ocp_nlp_cost_external_memory_set_z_alg_ptr
                0x080187f0        0x4 lib/acados/acados/libacados.a(ocp_nlp_cost_external.c.obj)
                0x080187f0                ocp_nlp_cost_external_memory_set_z_alg_ptr
 .text.ocp_nlp_cost_external_memory_set_dzdux_tran_ptr
                0x080187f4        0x4 lib/acados/acados/libacados.a(ocp_nlp_cost_external.c.obj)
                0x080187f4                ocp_nlp_cost_external_memory_set_dzdux_tran_ptr
 .text.ocp_nlp_cost_external_config_initialize_default
                0x080187f8       0xe8 lib/acados/acados/libacados.a(ocp_nlp_cost_external.c.obj)
                0x080187f8                ocp_nlp_cost_external_config_initialize_default
 .text.ocp_nlp_cost_external_dims_get
                0x080188e0       0x14 lib/acados/acados/libacados.a(ocp_nlp_cost_external.c.obj)
                0x080188e0                ocp_nlp_cost_external_dims_get
 .text.ocp_nlp_cost_external_model_calculate_size
                0x080188f4       0x20 lib/acados/acados/libacados.a(ocp_nlp_cost_external.c.obj)
                0x080188f4                ocp_nlp_cost_external_model_calculate_size
 .text.ocp_nlp_cost_external_memory_calculate_size
                0x08018914       0x18 lib/acados/acados/libacados.a(ocp_nlp_cost_external.c.obj)
                0x08018914                ocp_nlp_cost_external_memory_calculate_size
 .text.ocp_nlp_cost_external_workspace_calculate_size
                0x0801892c       0x20 lib/acados/acados/libacados.a(ocp_nlp_cost_external.c.obj)
                0x0801892c                ocp_nlp_cost_external_workspace_calculate_size
 .text.ocp_nlp_cost_external_model_assign
                0x0801894c       0x54 lib/acados/acados/libacados.a(ocp_nlp_cost_external.c.obj)
                0x0801894c                ocp_nlp_cost_external_model_assign
 .text.ocp_nlp_cost_external_memory_assign
                0x080189a0       0x2c lib/acados/acados/libacados.a(ocp_nlp_cost_external.c.obj)
                0x080189a0                ocp_nlp_cost_external_memory_assign
 .text.ocp_nlp_cost_external_model_set
                0x080189cc      0x190 lib/acados/acados/libacados.a(ocp_nlp_cost_external.c.obj)
                0x080189cc                ocp_nlp_cost_external_model_set
 .text.ocp_nlp_cost_external_opts_calculate_size
                0x08018b5c       0x1c lib/acados/acados/libacados.a(ocp_nlp_cost_external.c.obj)
                0x08018b5c                ocp_nlp_cost_external_opts_calculate_size
 .text.ocp_nlp_cost_external_initialize
                0x08018b78       0x24 lib/acados/acados/libacados.a(ocp_nlp_cost_external.c.obj)
                0x08018b78                ocp_nlp_cost_external_initialize
 .text.ocp_nlp_cost_external_dims_set
                0x08018b9c       0x74 lib/acados/acados/libacados.a(ocp_nlp_cost_external.c.obj)
                0x08018b9c                ocp_nlp_cost_external_dims_set
 .text.ocp_nlp_cost_external_opts_set
                0x08018c10       0x3c lib/acados/acados/libacados.a(ocp_nlp_cost_external.c.obj)
                0x08018c10                ocp_nlp_cost_external_opts_set
 .text.ocp_nlp_cost_external_update_qp_matrices
                0x08018c4c      0x1a4 lib/acados/acados/libacados.a(ocp_nlp_cost_external.c.obj)
                0x08018c4c                ocp_nlp_cost_external_update_qp_matrices
 .text.ocp_nlp_cost_external_compute_fun
                0x08018df0      0x10c lib/acados/acados/libacados.a(ocp_nlp_cost_external.c.obj)
                0x08018df0                ocp_nlp_cost_external_compute_fun
 .text.ocp_nlp_cost_ls_dims_calculate_size
                0x08018efc        0x4 lib/acados/acados/libacados.a(ocp_nlp_cost_ls.c.obj)
                0x08018efc                ocp_nlp_cost_ls_dims_calculate_size
 .text.ocp_nlp_cost_ls_dims_assign
                0x08018f00        0x4 lib/acados/acados/libacados.a(ocp_nlp_cost_ls.c.obj)
                0x08018f00                ocp_nlp_cost_ls_dims_assign
 .text.ocp_nlp_cost_ls_dims_initialize
                0x08018f04       0x14 lib/acados/acados/libacados.a(ocp_nlp_cost_ls.c.obj)
                0x08018f04                ocp_nlp_cost_ls_dims_initialize
 .text.ocp_nlp_cost_ls_opts_calculate_size
                0x08018f18        0x4 lib/acados/acados/libacados.a(ocp_nlp_cost_ls.c.obj)
                0x08018f18                ocp_nlp_cost_ls_opts_calculate_size