Archive member included to satisfy reference by file (symbol)

lib/acados/acados/libacados.a(ocp_nlp_common.c.obj)
                              CMakeFiles/ITB_Nucleo_configuration.elf.dir/D_/DynamisGit/Timing/TVTests/c_generated_code/acados_solver_dt_model.c.obj (ocp_nlp_dims_set_opt_vars)
lib/acados/acados/libacados.a(ocp_nlp_constraints_common.c.obj)
                              lib/acados/acados/libacados.a(ocp_nlp_common.c.obj) (ocp_nlp_constraints_config_calculate_size)
lib/acados/acados/libacados.a(ocp_nlp_cost_common.c.obj)
                              lib/acados/acados/libacados.a(ocp_nlp_common.c.obj) (ocp_nlp_cost_config_calculate_size)
lib/acados/acados/libacados.a(ocp_nlp_dynamics_common.c.obj)
                              lib/acados/acados/libacados.a(ocp_nlp_common.c.obj) (ocp_nlp_dynamics_config_calculate_size)
lib/acados/acados/libacados.a(ocp_nlp_reg_common.c.obj)
                              lib/acados/acados/libacados.a(ocp_nlp_common.c.obj) (ocp_nlp_reg_config_calculate_size)
lib/acados/acados/libacados.a(ocp_qp_common.c.obj)
                              lib/acados/acados/libacados.a(ocp_nlp_common.c.obj) (ocp_qp_in_calculate_size)
lib/acados/acados/libacados.a(ocp_qp_xcond_solver.c.obj)
                              lib/acados/acados/libacados.a(ocp_nlp_common.c.obj) (ocp_qp_xcond_solver_config_calculate_size)
lib/acados/acados/libacados.a(sim_common.c.obj)
                              lib/acados/acados/libacados.a(ocp_nlp_dynamics_common.c.obj) (sim_config_calculate_size)
lib/acados/acados/libacados.a(math.c.obj)
                              lib/acados/acados/libacados.a(ocp_nlp_reg_common.c.obj) (acados_eigen_decomposition)
lib/acados/acados/libacados.a(mem.c.obj)
                              lib/acados/acados/libacados.a(ocp_nlp_common.c.obj) (make_int_multiple_of)
lib/acados/acados/libacados.a(timing.c.obj)
                              lib/acados/acados/libacados.a(ocp_qp_xcond_solver.c.obj) (acados_tic)
lib/acados/acados/libacados.a(external_function_interface.c.obj)
                              CMakeFiles/ITB_Nucleo_configuration.elf.dir/D_/DynamisGit/Timing/TVTests/c_generated_code/acados_solver_dt_model.c.obj (external_function_param_casadi_create)
lib/acados/acados/libacados.a(ocp_nlp_interface.c.obj)
                              CMakeFiles/ITB_Nucleo_configuration.elf.dir/D_/DynamisGit/Timing/TVTests/c_generated_code/acados_solver_dt_model.c.obj (ocp_nlp_plan_create)
lib/acados/acados/libacados.a(ocp_qp_interface.c.obj)
                              lib/acados/acados/libacados.a(ocp_nlp_interface.c.obj) (ocp_qp_xcond_solver_config_initialize_from_plan)
lib/acados/acados/libacados.a(dense_qp_hpipm.c.obj)
                              lib/acados/acados/libacados.a(ocp_qp_interface.c.obj) (dense_qp_hpipm_config_initialize_default)
lib/acados/acados/libacados.a(ocp_nlp_constraints_bgh.c.obj)
                              lib/acados/acados/libacados.a(ocp_nlp_interface.c.obj) (ocp_nlp_constraints_bgh_config_initialize_default)
lib/acados/acados/libacados.a(ocp_nlp_constraints_bgp.c.obj)
                              lib/acados/acados/libacados.a(ocp_nlp_interface.c.obj) (ocp_nlp_constraints_bgp_config_initialize_default)
lib/acados/acados/libacados.a(ocp_nlp_cost_external.c.obj)
                              lib/acados/acados/libacados.a(ocp_nlp_interface.c.obj) (ocp_nlp_cost_external_config_initialize_default)
lib/acados/acados/libacados.a(ocp_nlp_cost_ls.c.obj)
                              lib/acados/acados/libacados.a(ocp_nlp_interface.c.obj) (ocp_nlp_cost_ls_config_initialize_default)
lib/acados/acados/libacados.a(ocp_nlp_cost_nls.c.obj)
                              lib/acados/acados/libacados.a(ocp_nlp_interface.c.obj) (ocp_nlp_cost_nls_config_initialize_default)
lib/acados/acados/libacados.a(ocp_nlp_dynamics_cont.c.obj)
                              lib/acados/acados/libacados.a(ocp_nlp_interface.c.obj) (ocp_nlp_dynamics_cont_config_initialize_default)
lib/acados/acados/libacados.a(ocp_nlp_dynamics_disc.c.obj)
                              lib/acados/acados/libacados.a(ocp_nlp_interface.c.obj) (ocp_nlp_dynamics_disc_config_initialize_default)
lib/acados/acados/libacados.a(ocp_nlp_reg_convexify.c.obj)
                              lib/acados/acados/libacados.a(ocp_nlp_interface.c.obj) (ocp_nlp_reg_convexify_config_initialize_default)
lib/acados/acados/libacados.a(ocp_nlp_reg_mirror.c.obj)
                              lib/acados/acados/libacados.a(ocp_nlp_interface.c.obj) (ocp_nlp_reg_mirror_config_initialize_default)
lib/acados/acados/libacados.a(ocp_nlp_reg_noreg.c.obj)
                              lib/acados/acados/libacados.a(ocp_nlp_interface.c.obj) (ocp_nlp_reg_noreg_config_initialize_default)
lib/acados/acados/libacados.a(ocp_nlp_reg_project.c.obj)
                              lib/acados/acados/libacados.a(ocp_nlp_interface.c.obj) (ocp_nlp_reg_project_config_initialize_default)
lib/acados/acados/libacados.a(ocp_nlp_reg_project_reduc_hess.c.obj)
[...]
Memory Configuration

Name             Origin             Length             Attributes
DTCMRAM          0x20000000         0x00020000         xrw
ITCMRAM          0x00000000         0x00010000         xrw
RAM_D1           0x24000000         0x00050000         xrw
RAM_D2           0x30000000         0x00008000         xrw
RAM_D3           0x38000000         0x00004000         xrw
FLASH            0x08000000         0x00100000         xr
*default*        0x00000000         0xffffffff

Linker script and memory map

LOAD c:/users/giuse/scoop/apps/gcc-arm-none-eabi/current/bin/../lib/gcc/arm-none-eabi/10.3.1/thumb/v7e-m+dp/hard/crti.o
LOAD c:/users/giuse/scoop/apps/gcc-arm-none-eabi/current/bin/../lib/gcc/arm-none-eabi/10.3.1/thumb/v7e-m+dp/hard/crtbegin.o
LOAD c:/users/giuse/scoop/apps/gcc-arm-none-eabi/current/bin/../lib/gcc/arm-none-eabi/10.3.1/../../../../arm-none-eabi/lib/thumb/v7e-m+dp/hard/crt0.o
LOAD CMakeFiles/ITB_Nucleo_configuration.elf.dir/D_/DynamisGit/Timing/TVTests/c_generated_code/acados_solver_dt_model.c.obj
LOAD CMakeFiles/ITB_Nucleo_configuration.elf.dir/D_/DynamisGit/Timing/TVTests/c_generated_code/dt_model_model/dt_model_expl_ode_fun.c.obj
LOAD CMakeFiles/ITB_Nucleo_configuration.elf.dir/D_/DynamisGit/Timing/TVTests/c_generated_code/dt_model_model/dt_model_expl_ode_hess.c.obj
LOAD CMakeFiles/ITB_Nucleo_configuration.elf.dir/D_/DynamisGit/Timing/TVTests/c_generated_code/dt_model_model/dt_model_expl_vde_adj.c.obj
LOAD CMakeFiles/ITB_Nucleo_configuration.elf.dir/D_/DynamisGit/Timing/TVTests/c_generated_code/dt_model_model/dt_model_expl_vde_forw.c.obj
LOAD CMakeFiles/ITB_Nucleo_configuration.elf.dir/C_Code_Sources/Src/TVModel.c.obj
LOAD CMakeFiles/ITB_Nucleo_configuration.elf.dir/Drivers/STM32H7xx_HAL_Driver/Src/stm32h7xx_hal.c.obj
LOAD CMakeFiles/ITB_Nucleo_configuration.elf.dir/Drivers/STM32H7xx_HAL_Driver/Src/stm32h7xx_hal_cortex.c.obj
LOAD CMakeFiles/ITB_Nucleo_configuration.elf.dir/Drivers/STM32H7xx_HAL_Driver/Src/stm32h7xx_hal_dma.c.obj
LOAD CMakeFiles/ITB_Nucleo_configuration.elf.dir/Drivers/STM32H7xx_HAL_Driver/Src/stm32h7xx_hal_dma_ex.c.obj
LOAD CMakeFiles/ITB_Nucleo_configuration.elf.dir/Drivers/STM32H7xx_HAL_Driver/Src/stm32h7xx_hal_exti.c.obj
LOAD CMakeFiles/ITB_Nucleo_configuration.elf.dir/Drivers/STM32H7xx_HAL_Driver/Src/stm32h7xx_hal_flash.c.obj
LOAD CMakeFiles/ITB_Nucleo_configuration.elf.dir/Drivers/STM32H7xx_HAL_Driver/Src/stm32h7xx_hal_flash_ex.c.obj
LOAD CMakeFiles/ITB_Nucleo_configuration.elf.dir/Drivers/STM32H7xx_HAL_Driver/Src/stm32h7xx_hal_gpio.c.obj
LOAD CMakeFiles/ITB_Nucleo_configuration.elf.dir/Drivers/STM32H7xx_HAL_Driver/Src/stm32h7xx_hal_hsem.c.obj
LOAD CMakeFiles/ITB_Nucleo_configuration.elf.dir/Drivers/STM32H7xx_HAL_Driver/Src/stm32h7xx_hal_i2c.c.obj
LOAD CMakeFiles/ITB_Nucleo_configuration.elf.dir/Drivers/STM32H7xx_HAL_Driver/Src/stm32h7xx_hal_i2c_ex.c.obj
LOAD CMakeFiles/ITB_Nucleo_configuration.elf.dir/Drivers/STM32H7xx_HAL_Driver/Src/stm32h7xx_hal_mdma.c.obj
LOAD CMakeFiles/ITB_Nucleo_configuration.elf.dir/Drivers/STM32H7xx_HAL_Driver/Src/stm32h7xx_hal_pwr.c.obj
LOAD CMakeFiles/ITB_Nucleo_configuration.elf.dir/Drivers/STM32H7xx_HAL_Driver/Src/stm32h7xx_hal_pwr_ex.c.obj
LOAD CMakeFiles/ITB_Nucleo_configuration.elf.dir/Drivers/STM32H7xx_HAL_Driver/Src/stm32h7xx_hal_rcc.c.obj
LOAD CMakeFiles/ITB_Nucleo_configuration.elf.dir/Drivers/STM32H7xx_HAL_Driver/Src/stm32h7xx_hal_rcc_ex.c.obj
LOAD CMakeFiles/ITB_Nucleo_configuration.elf.dir/Drivers/STM32H7xx_HAL_Driver/Src/stm32h7xx_hal_tim.c.obj
LOAD CMakeFiles/ITB_Nucleo_configuration.elf.dir/Drivers/STM32H7xx_HAL_Driver/Src/stm32h7xx_hal_tim_ex.c.obj
LOAD CMakeFiles/ITB_Nucleo_configuration.elf.dir/Drivers/STM32H7xx_HAL_Driver/Src/stm32h7xx_hal_uart.c.obj
LOAD CMakeFiles/ITB_Nucleo_configuration.elf.dir/Drivers/STM32H7xx_HAL_Driver/Src/stm32h7xx_hal_uart_ex.c.obj
LOAD CMakeFiles/ITB_Nucleo_configuration.elf.dir/Src/acados_wrapper.c.obj
LOAD CMakeFiles/ITB_Nucleo_configuration.elf.dir/Src/dma.c.obj
LOAD CMakeFiles/ITB_Nucleo_configuration.elf.dir/Src/gpio.c.obj
LOAD CMakeFiles/ITB_Nucleo_configuration.elf.dir/Src/main.c.obj
LOAD CMakeFiles/ITB_Nucleo_configuration.elf.dir/Src/stm32h7xx_hal_msp.c.obj
LOAD CMakeFiles/ITB_Nucleo_configuration.elf.dir/Src/stm32h7xx_it.c.obj
LOAD CMakeFiles/ITB_Nucleo_configuration.elf.dir/Src/syscalls.c.obj
LOAD CMakeFiles/ITB_Nucleo_configuration.elf.dir/Src/sysmem.c.obj
LOAD CMakeFiles/ITB_Nucleo_configuration.elf.dir/Src/system_stm32h7xx.c.obj
LOAD CMakeFiles/ITB_Nucleo_configuration.elf.dir/Src/tim.c.obj
LOAD CMakeFiles/ITB_Nucleo_configuration.elf.dir/Src/usart.c.obj
LOAD CMakeFiles/ITB_Nucleo_configuration.elf.dir/Src/usartFcnLib.c.obj
LOAD CMakeFiles/ITB_Nucleo_configuration.elf.dir/Src/usb_otg.c.obj
LOAD CMakeFiles/ITB_Nucleo_configuration.elf.dir/Startup/startup_stm32h723zgtx.s.obj
LOAD lib/acados/acados/libacados.a
LOAD lib/acados/external/blasfeo/libblasfeo.a
LOAD lib/acados/external/hpipm/libhpipm.a
LOAD lib/acados/external/blasfeo/libblasfeo.a
LOAD c:/users/giuse/scoop/apps/gcc-arm-none-eabi/current/bin/../lib/gcc/arm-none-eabi/10.3.1/../../../../arm-none-eabi/lib/thumb/v7e-m+dp/hard\libm.a
START GROUP
LOAD c:/users/giuse/scoop/apps/gcc-arm-none-eabi/current/bin/../lib/gcc/arm-none-eabi/10.3.1/thumb/v7e-m+dp/hard\libgcc.a
LOAD c:/users/giuse/scoop/apps/gcc-arm-none-eabi/current/bin/../lib/gcc/arm-none-eabi/10.3.1/../../../../arm-none-eabi/lib/thumb/v7e-m+dp/hard\libg.a
LOAD c:/users/giuse/scoop/apps/gcc-arm-none-eabi/current/bin/../lib/gcc/arm-none-eabi/10.3.1/../../../../arm-none-eabi/lib/thumb/v7e-m+dp/hard\libc.a
END GROUP
LOAD c:/users/giuse/scoop/apps/gcc-arm-none-eabi/current/bin/../lib/gcc/arm-none-eabi/10.3.1/thumb/v7e-m+dp/hard/crtend.o
LOAD c:/users/giuse/scoop/apps/gcc-arm-none-eabi/current/bin/../lib/gcc/arm-none-eabi/10.3.1/thumb/v7e-m+dp/hard/crtn.o
                0x24050000                _estack = (ORIGIN (RAM_D1) + LENGTH (RAM_D1))
                0x00001000                _Min_Heap_Size = 0x1000
                0x00004000                _Min_Stack_Size = 0x4000

.isr_vector     0x08000000      0x2cc
                0x08000000                . = ALIGN (0x4)
 *(.isr_vector)
 .isr_vector    0x08000000      0x2cc CMakeFiles/ITB_Nucleo_configuration.elf.dir/Startup/startup_stm32h723zgtx.s.obj
                0x08000000                g_pfnVectors
                0x080002cc                . = ALIGN (0x4)

.text           0x08000300    0x66f00
                0x08000300                . = ALIGN (0x4)
 *(.text)
 .text          0x08000300       0x40 c:/users/giuse/scoop/apps/gcc-arm-none-eabi/current/bin/../lib/gcc/arm-none-eabi/10.3.1/thumb/v7e-m+dp/hard/crtbegin.o
 .text          0x08000340      0x378 c:/users/giuse/scoop/apps/gcc-arm-none-eabi/current/bin/../lib/gcc/arm-none-eabi/10.3.1/thumb/v7e-m+dp/hard\libgcc.a(_arm_addsubdf3.o)
                0x08000340                __aeabi_drsub
                0x08000348                __aeabi_dsub
                0x08000348                __subdf3
                0x0800034c                __aeabi_dadd
                0x0800034c                __adddf3
                0x080005c4                __floatunsidf
                0x080005c4                __aeabi_ui2d
                0x080005e4                __floatsidf
                0x080005e4                __aeabi_i2d
                0x08000608                __aeabi_f2d
                0x08000608                __extendsfdf2
                0x0800064c                __floatundidf
                0x0800064c                __aeabi_ul2d
                0x0800065c                __floatdidf
                0x0800065c                __aeabi_l2d
 .text          0x080006b8       0x30 c:/users/giuse/scoop/apps/gcc-arm-none-eabi/current/bin/../lib/gcc/arm-none-eabi/10.3.1/thumb/v7e-m+dp/hard\libgcc.a(_aeabi_uldivmod.o)
                0x080006b8                __aeabi_uldivmod
 .text          0x080006e8      0x2d0 c:/users/giuse/scoop/apps/gcc-arm-none-eabi/current/bin/../lib/gcc/arm-none-eabi/10.3.1/thumb/v7e-m+dp/hard\libgcc.a(_udivmoddi4.o)
                0x080006e8                __udivmoddi4
 .text          0x080009b8        0x4 c:/users/giuse/scoop/apps/gcc-arm-none-eabi/current/bin/../lib/gcc/arm-none-eabi/10.3.1/thumb/v7e-m+dp/hard\libgcc.a(_dvmd_tls.o)
                0x080009b8                __aeabi_idiv0
                0x080009b8                __aeabi_ldiv0
 .text          0x080009bc      0x134 c:/users/giuse/scoop/apps/gcc-arm-none-eabi/current/bin/../lib/gcc/arm-none-eabi/10.3.1/../../../../arm-none-eabi/lib/thumb/v7e-m+dp/hard\libg.a(lib_a-memcpy.o)
                0x080009bc                memcpy
 *fill*         0x08000af0       0x10 
 .text          0x08000b00      0x2dc c:/users/giuse/scoop/apps/gcc-arm-none-eabi/current/bin/../lib/gcc/arm-none-eabi/10.3.1/../../../../arm-none-eabi/lib/thumb/v7e-m+dp/hard\libg.a(lib_a-strcmp.o)
                0x08000b08                strcmp
 *fill*         0x08000ddc       0x24 
 .text          0x08000e00       0xdc c:/users/giuse/scoop/apps/gcc-arm-none-eabi/current/bin/../lib/gcc/arm-none-eabi/10.3.1/../../../../arm-none-eabi/lib/thumb/v7e-m+dp/hard\libg.a(lib_a-strlen.o)
                0x08000e00                strlen
 *fill*         0x08000edc        0x4 
 .text          0x08000ee0       0xa0 c:/users/giuse/scoop/apps/gcc-arm-none-eabi/current/bin/../lib/gcc/arm-none-eabi/10.3.1/../../../../arm-none-eabi/lib/thumb/v7e-m+dp/hard\libg.a(lib_a-memchr.o)
                0x08000ee0                memchr
 *(.text*)
 .text.dt_model_acados_create_capsule
                0x08000f80        0x8 CMakeFiles/ITB_Nucleo_configuration.elf.dir/D_/DynamisGit/Timing/TVTests/c_generated_code/acados_solver_dt_model.c.obj
                0x08000f80                dt_model_acados_create_capsule
 .text.dt_model_acados_update_time_steps
                0x08000f88       0x84 CMakeFiles/ITB_Nucleo_configuration.elf.dir/D_/DynamisGit/Timing/TVTests/c_generated_code/acados_solver_dt_model.c.obj
                0x08000f88                dt_model_acados_update_time_steps
 .text.dt_model_acados_update_params
                0x0800100c       0x48 CMakeFiles/ITB_Nucleo_configuration.elf.dir/D_/DynamisGit/Timing/TVTests/c_generated_code/acados_solver_dt_model.c.obj
                0x0800100c                dt_model_acados_update_params
 *fill*         0x08001054        0x4 
 .text.dt_model_acados_create_with_discretization.part.0
                0x08001058      0xdc4 CMakeFiles/ITB_Nucleo_configuration.elf.dir/D_/DynamisGit/Timing/TVTests/c_generated_code/acados_solver_dt_model.c.obj
 .text.dt_model_acados_create
                0x08001e1c        0x8 CMakeFiles/ITB_Nucleo_configuration.elf.dir/D_/DynamisGit/Timing/TVTests/c_generated_code/acados_solver_dt_model.c.obj
                0x08001e1c                dt_model_acados_create
 .text.dt_model_acados_solve
                0x08001e24        0xc CMakeFiles/ITB_Nucleo_configuration.elf.dir/D_/DynamisGit/Timing/TVTests/c_generated_code/acados_solver_dt_model.c.obj
                0x08001e24                dt_model_acados_solve
 .text.dt_model_acados_get_nlp_in
                0x08001e30        0x4 CMakeFiles/ITB_Nucleo_configuration.elf.dir/D_/DynamisGit/Timing/TVTests/c_generated_code/acados_solver_dt_model.c.obj
                0x08001e30                dt_model_acados_get_nlp_in
 .text.dt_model_acados_get_nlp_out
                0x08001e34        0x4 CMakeFiles/ITB_Nucleo_configuration.elf.dir/D_/DynamisGit/Timing/TVTests/c_generated_code/acados_solver_dt_model.c.obj
                0x08001e34                dt_model_acados_get_nlp_out
 .text.dt_model_acados_get_nlp_config
                0x08001e38        0x4 CMakeFiles/ITB_Nucleo_configuration.elf.dir/D_/DynamisGit/Timing/TVTests/c_generated_code/acados_solver_dt_model.c.obj
                0x08001e38                dt_model_acados_get_nlp_config
 .text.dt_model_acados_get_nlp_dims
                0x08001e3c        0x4 CMakeFiles/ITB_Nucleo_configuration.elf.dir/D_/DynamisGit/Timing/TVTests/c_generated_code/acados_solver_dt_model.c.obj
                0x08001e3c                dt_model_acados_get_nlp_dims
 .text.dt_model_expl_ode_fun
                0x08001e40      0xb70 CMakeFiles/ITB_Nucleo_configuration.elf.dir/D_/DynamisGit/Timing/TVTests/c_generated_code/dt_model_model/dt_model_expl_ode_fun.c.obj
                0x08001e40                dt_model_expl_ode_fun
 .text.dt_model_expl_ode_fun_n_in
                0x080029b0        0x4 CMakeFiles/ITB_Nucleo_configuration.elf.dir/D_/DynamisGit/Timing/TVTests/c_generated_code/dt_model_model/dt_model_expl_ode_fun.c.obj
                0x080029b0                dt_model_expl_ode_fun_n_in
 .text.dt_model_expl_ode_fun_n_out
                0x080029b4        0x4 CMakeFiles/ITB_Nucleo_configuration.elf.dir/D_/DynamisGit/Timing/TVTests/c_generated_code/dt_model_model/dt_model_expl_ode_fun.c.obj
                0x080029b4                dt_model_expl_ode_fun_n_out
 .text.dt_model_expl_ode_fun_sparsity_in
                0x080029b8       0x14 CMakeFiles/ITB_Nucleo_configuration.elf.dir/D_/DynamisGit/Timing/TVTests/c_generated_code/dt_model_model/dt_model_expl_ode_fun.c.obj
                0x080029b8                dt_model_expl_ode_fun_sparsity_in
 .text.dt_model_expl_ode_fun_sparsity_out
                0x080029cc       0x10 CMakeFiles/ITB_Nucleo_configuration.elf.dir/D_/DynamisGit/Timing/TVTests/c_generated_code/dt_model_model/dt_model_expl_ode_fun.c.obj
                0x080029cc                dt_model_expl_ode_fun_sparsity_out
 .text.dt_model_expl_ode_fun_work
                0x080029dc       0x38 CMakeFiles/ITB_Nucleo_configuration.elf.dir/D_/DynamisGit/Timing/TVTests/c_generated_code/dt_model_model/dt_model_expl_ode_fun.c.obj
                0x080029dc                dt_model_expl_ode_fun_work
 .text.dt_model_expl_vde_forw_densify.part.0
                0x08002a14       0xec CMakeFiles/ITB_Nucleo_configuration.elf.dir/D_/DynamisGit/Timing/TVTests/c_generated_code/dt_model_model/dt_model_expl_vde_forw.c.obj
 .text.dt_model_expl_vde_forw_trans
                0x08002b00       0x64 CMakeFiles/ITB_Nucleo_configuration.elf.dir/D_/DynamisGit/Timing/TVTests/c_generated_code/dt_model_model/dt_model_expl_vde_forw.c.obj
                0x08002b00                dt_model_expl_vde_forw_trans
 *fill*         0x08002b64        0x4 
 .text.dt_model_expl_vde_forw
                0x08002b68     0x5198 CMakeFiles/ITB_Nucleo_configuration.elf.dir/D_/DynamisGit/Timing/TVTests/c_generated_code/dt_model_model/dt_model_expl_vde_forw.c.obj
                0x08002b68                dt_model_expl_vde_forw
 .text.dt_model_expl_vde_forw_n_in
                0x08007d00        0x4 CMakeFiles/ITB_Nucleo_configuration.elf.dir/D_/DynamisGit/Timing/TVTests/c_generated_code/dt_model_model/dt_model_expl_vde_forw.c.obj
                0x08007d00                dt_model_expl_vde_forw_n_in
 .text.dt_model_expl_vde_forw_n_out
                0x08007d04        0x4 CMakeFiles/ITB_Nucleo_configuration.elf.dir/D_/DynamisGit/Timing/TVTests/c_generated_code/dt_model_model/dt_model_expl_vde_forw.c.obj
                0x08007d04                dt_model_expl_vde_forw_n_out
 .text.dt_model_expl_vde_forw_sparsity_in
                0x08007d08       0x14 CMakeFiles/ITB_Nucleo_configuration.elf.dir/D_/DynamisGit/Timing/TVTests/c_generated_code/dt_model_model/dt_model_expl_vde_forw.c.obj
                0x08007d08                dt_model_expl_vde_forw_sparsity_in
 .text.dt_model_expl_vde_forw_sparsity_out
                0x08007d1c       0x14 CMakeFiles/ITB_Nucleo_configuration.elf.dir/D_/DynamisGit/Timing/TVTests/c_generated_code/dt_model_model/dt_model_expl_vde_forw.c.obj
                0x08007d1c                dt_model_expl_vde_forw_sparsity_out
 .text.dt_model_expl_vde_forw_work
                0x08007d30       0x3c CMakeFiles/ITB_Nucleo_configuration.elf.dir/D_/DynamisGit/Timing/TVTests/c_generated_code/dt_model_model/dt_model_expl_vde_forw.c.obj
                0x08007d30                dt_model_expl_vde_forw_work
 .text.HAL_InitTick
                0x08007d6c       0x4c CMakeFiles/ITB_Nucleo_configuration.elf.dir/Drivers/STM32H7xx_HAL_Driver/Src/stm32h7xx_hal.c.obj
                0x08007d6c                HAL_InitTick
 .text.HAL_Init
                0x08007db8       0x60 CMakeFiles/ITB_Nucleo_configuration.elf.dir/Drivers/STM32H7xx_HAL_Driver/Src/stm32h7xx_hal.c.obj
                0x08007db8                HAL_Init
 .text.HAL_IncTick
                0x08007e18       0x18 CMakeFiles/ITB_Nucleo_configuration.elf.dir/Drivers/STM32H7xx_HAL_Driver/Src/stm32h7xx_hal.c.obj
                0x08007e18                HAL_IncTick
 .text.HAL_GetTick
                0x08007e30        0xc CMakeFiles/ITB_Nucleo_configuration.elf.dir/Drivers/STM32H7xx_HAL_Driver/Src/stm32h7xx_hal.c.obj
                0x08007e30                HAL_GetTick
 .text.HAL_NVIC_SetPriorityGrouping
                0x08007e3c       0x24 CMakeFiles/ITB_Nucleo_configuration.elf.dir/Drivers/STM32H7xx_HAL_Driver/Src/stm32h7xx_hal_cortex.c.obj
                0x08007e3c                HAL_NVIC_SetPriorityGrouping
 .text.HAL_NVIC_SetPriority
                0x08007e60       0x7c CMakeFiles/ITB_Nucleo_configuration.elf.dir/Drivers/STM32H7xx_HAL_Driver/Src/stm32h7xx_hal_cortex.c.obj
                0x08007e60                HAL_NVIC_SetPriority
 .text.HAL_NVIC_EnableIRQ
                0x08007edc       0x1c CMakeFiles/ITB_Nucleo_configuration.elf.dir/Drivers/STM32H7xx_HAL_Driver/Src/stm32h7xx_hal_cortex.c.obj
                0x08007edc                HAL_NVIC_EnableIRQ
 .text.HAL_SYSTICK_Config
                0x08007ef8       0x2c CMakeFiles/ITB_Nucleo_configuration.elf.dir/Drivers/STM32H7xx_HAL_Driver/Src/stm32h7xx_hal_cortex.c.obj
                0x08007ef8                HAL_SYSTICK_Config
 .text.DMA_CalcBaseAndBitshift
                0x08007f24       0xf4 CMakeFiles/ITB_Nucleo_configuration.elf.dir/Drivers/STM32H7xx_HAL_Driver/Src/stm32h7xx_hal_dma.c.obj
 .text.DMA_CalcDMAMUXChannelBaseAndMask
                0x08008018       0xd8 CMakeFiles/ITB_Nucleo_configuration.elf.dir/Drivers/STM32H7xx_HAL_Driver/Src/stm32h7xx_hal_dma.c.obj
 .text.DMA_CalcDMAMUXRequestGenBaseAndMask
                0x080080f0       0xa4 CMakeFiles/ITB_Nucleo_configuration.elf.dir/Drivers/STM32H7xx_HAL_Driver/Src/stm32h7xx_hal_dma.c.obj
 .text.HAL_DMA_Init
                0x08008194      0x430 CMakeFiles/ITB_Nucleo_configuration.elf.dir/Drivers/STM32H7xx_HAL_Driver/Src/stm32h7xx_hal_dma.c.obj
                0x08008194                HAL_DMA_Init
 .text.HAL_DMA_Abort_IT
                0x080085c4      0x194 CMakeFiles/ITB_Nucleo_configuration.elf.dir/Drivers/STM32H7xx_HAL_Driver/Src/stm32h7xx_hal_dma.c.obj
                0x080085c4                HAL_DMA_Abort_IT
 .text.HAL_DMA_IRQHandler
                0x08008758      0x6a0 CMakeFiles/ITB_Nucleo_configuration.elf.dir/Drivers/STM32H7xx_HAL_Driver/Src/stm32h7xx_hal_dma.c.obj
                0x08008758                HAL_DMA_IRQHandler
 .text.HAL_GPIO_Init
                0x08008df8      0x270 CMakeFiles/ITB_Nucleo_configuration.elf.dir/Drivers/STM32H7xx_HAL_Driver/Src/stm32h7xx_hal_gpio.c.obj
                0x08008df8                HAL_GPIO_Init
 .text.HAL_GPIO_WritePin
                0x08009068        0x8 CMakeFiles/ITB_Nucleo_configuration.elf.dir/Drivers/STM32H7xx_HAL_Driver/Src/stm32h7xx_hal_gpio.c.obj
                0x08009068                HAL_GPIO_WritePin
 .text.HAL_PWREx_ConfigSupply
                0x08009070       0x48 CMakeFiles/ITB_Nucleo_configuration.elf.dir/Drivers/STM32H7xx_HAL_Driver/Src/stm32h7xx_hal_pwr_ex.c.obj
                0x08009070                HAL_PWREx_ConfigSupply
 .text.HAL_PWREx_EnableUSBVoltageDetector
                0x080090b8       0x10 CMakeFiles/ITB_Nucleo_configuration.elf.dir/Drivers/STM32H7xx_HAL_Driver/Src/stm32h7xx_hal_pwr_ex.c.obj
                0x080090b8                HAL_PWREx_EnableUSBVoltageDetector
 .text.HAL_RCC_GetSysClockFreq.part.0
                0x080090c8      0x130 CMakeFiles/ITB_Nucleo_configuration.elf.dir/Drivers/STM32H7xx_HAL_Driver/Src/stm32h7xx_hal_rcc.c.obj
 .text.HAL_RCC_OscConfig
                0x080091f8      0x500 CMakeFiles/ITB_Nucleo_configuration.elf.dir/Drivers/STM32H7xx_HAL_Driver/Src/stm32h7xx_hal_rcc.c.obj
                0x080091f8                HAL_RCC_OscConfig
 .text.HAL_RCC_GetSysClockFreq
                0x080096f8       0x44 CMakeFiles/ITB_Nucleo_configuration.elf.dir/Drivers/STM32H7xx_HAL_Driver/Src/stm32h7xx_hal_rcc.c.obj
                0x080096f8                HAL_RCC_GetSysClockFreq
 .text.HAL_RCC_ClockConfig
                0x0800973c      0x250 CMakeFiles/ITB_Nucleo_configuration.elf.dir/Drivers/STM32H7xx_HAL_Driver/Src/stm32h7xx_hal_rcc.c.obj
                0x0800973c                HAL_RCC_ClockConfig
 .text.HAL_RCC_GetHCLKFreq
                0x0800998c       0x80 CMakeFiles/ITB_Nucleo_configuration.elf.dir/Drivers/STM32H7xx_HAL_Driver/Src/stm32h7xx_hal_rcc.c.obj
                0x0800998c                HAL_RCC_GetHCLKFreq
 .text.HAL_RCC_GetPCLK1Freq
                0x08009a0c       0x24 CMakeFiles/ITB_Nucleo_configuration.elf.dir/Drivers/STM32H7xx_HAL_Driver/Src/stm32h7xx_hal_rcc.c.obj
                0x08009a0c                HAL_RCC_GetPCLK1Freq
 .text.HAL_RCC_GetPCLK2Freq
                0x08009a30       0x24 CMakeFiles/ITB_Nucleo_configuration.elf.dir/Drivers/STM32H7xx_HAL_Driver/Src/stm32h7xx_hal_rcc.c.obj
                0x08009a30                HAL_RCC_GetPCLK2Freq
 .text.RCCEx_PLL2_Config
                0x08009a54       0xf4 CMakeFiles/ITB_Nucleo_configuration.elf.dir/Drivers/STM32H7xx_HAL_Driver/Src/stm32h7xx_hal_rcc_ex.c.obj
 .text.RCCEx_PLL3_Config
                0x08009b48       0xf4 CMakeFiles/ITB_Nucleo_configuration.elf.dir/Drivers/STM32H7xx_HAL_Driver/Src/stm32h7xx_hal_rcc_ex.c.obj
 .text.HAL_RCCEx_PeriphCLKConfig
                0x08009c3c      0x9fc CMakeFiles/ITB_Nucleo_configuration.elf.dir/Drivers/STM32H7xx_HAL_Driver/Src/stm32h7xx_hal_rcc_ex.c.obj
                0x08009c3c                HAL_RCCEx_PeriphCLKConfig
 .text.HAL_RCCEx_GetD3PCLK1Freq
                0x0800a638       0x24 CMakeFiles/ITB_Nucleo_configuration.elf.dir/Drivers/STM32H7xx_HAL_Driver/Src/stm32h7xx_hal_rcc_ex.c.obj
                0x0800a638                HAL_RCCEx_GetD3PCLK1Freq
 .text.HAL_RCCEx_GetPLL2ClockFreq
                0x0800a65c      0x17c CMakeFiles/ITB_Nucleo_configuration.elf.dir/Drivers/STM32H7xx_HAL_Driver/Src/stm32h7xx_hal_rcc_ex.c.obj
                0x0800a65c                HAL_RCCEx_GetPLL2ClockFreq
 .text.HAL_RCCEx_GetPLL3ClockFreq
                0x0800a7d8      0x17c CMakeFiles/ITB_Nucleo_configuration.elf.dir/Drivers/STM32H7xx_HAL_Driver/Src/stm32h7xx_hal_rcc_ex.c.obj
                0x0800a7d8                HAL_RCCEx_GetPLL3ClockFreq
 .text.HAL_TIM_Base_Start_IT
                0x0800a954       0x40 CMakeFiles/ITB_Nucleo_configuration.elf.dir/Drivers/STM32H7xx_HAL_Driver/Src/stm32h7xx_hal_tim.c.obj
                0x0800a954                HAL_TIM_Base_Start_IT
 .text.HAL_TIM_OC_DelayElapsedCallback
                0x0800a994        0x4 CMakeFiles/ITB_Nucleo_configuration.elf.dir/Drivers/STM32H7xx_HAL_Driver/Src/stm32h7xx_hal_tim.c.obj
                0x0800a994                HAL_TIM_OC_DelayElapsedCallback
 .text.HAL_TIM_IC_CaptureCallback
                0x0800a998        0x4 CMakeFiles/ITB_Nucleo_configuration.elf.dir/Drivers/STM32H7xx_HAL_Driver/Src/stm32h7xx_hal_tim.c.obj
                0x0800a998                HAL_TIM_IC_CaptureCallback
 .text.HAL_TIM_PWM_PulseFinishedCallback
                0x0800a99c        0x4 CMakeFiles/ITB_Nucleo_configuration.elf.dir/Drivers/STM32H7xx_HAL_Driver/Src/stm32h7xx_hal_tim.c.obj
                0x0800a99c                HAL_TIM_PWM_PulseFinishedCallback
 .text.HAL_TIM_TriggerCallback
                0x0800a9a0        0x4 CMakeFiles/ITB_Nucleo_configuration.elf.dir/Drivers/STM32H7xx_HAL_Driver/Src/stm32h7xx_hal_tim.c.obj
                0x0800a9a0                HAL_TIM_TriggerCallback
 .text.HAL_TIM_IRQHandler
                0x0800a9a4      0x170 CMakeFiles/ITB_Nucleo_configuration.elf.dir/Drivers/STM32H7xx_HAL_Driver/Src/stm32h7xx_hal_tim.c.obj
                0x0800a9a4                HAL_TIM_IRQHandler
 .text.TIM_Base_SetConfig
                0x0800ab14      0x12c CMakeFiles/ITB_Nucleo_configuration.elf.dir/Drivers/STM32H7xx_HAL_Driver/Src/stm32h7xx_hal_tim.c.obj
                0x0800ab14                TIM_Base_SetConfig
 .text.HAL_TIM_Base_Init
                0x0800ac40       0x64 CMakeFiles/ITB_Nucleo_configuration.elf.dir/Drivers/STM32H7xx_HAL_Driver/Src/stm32h7xx_hal_tim.c.obj
                0x0800ac40                HAL_TIM_Base_Init
 .text.HAL_TIMEx_MasterConfigSynchronization
                0x0800aca4       0xc8 CMakeFiles/ITB_Nucleo_configuration.elf.dir/Drivers/STM32H7xx_HAL_Driver/Src/stm32h7xx_hal_tim_ex.c.obj
                0x0800aca4                HAL_TIMEx_MasterConfigSynchronization
 .text.HAL_TIMEx_CommutCallback
                0x0800ad6c        0x4 CMakeFiles/ITB_Nucleo_configuration.elf.dir/Drivers/STM32H7xx_HAL_Driver/Src/stm32h7xx_hal_tim_ex.c.obj
                0x0800ad6c                HAL_TIMEx_CommutCallback
 .text.HAL_TIMEx_BreakCallback
                0x0800ad70        0x4 CMakeFiles/ITB_Nucleo_configuration.elf.dir/Drivers/STM32H7xx_HAL_Driver/Src/stm32h7xx_hal_tim_ex.c.obj
                0x0800ad70                HAL_TIMEx_BreakCallback
 .text.HAL_TIMEx_Break2Callback
                0x0800ad74        0x4 CMakeFiles/ITB_Nucleo_configuration.elf.dir/Drivers/STM32H7xx_HAL_Driver/Src/stm32h7xx_hal_tim_ex.c.obj
                0x0800ad74                HAL_TIMEx_Break2Callback
 .text.HAL_UART_Receive_IT
                0x0800ad78      0x13c CMakeFiles/ITB_Nucleo_configuration.elf.dir/Drivers/STM32H7xx_HAL_Driver/Src/stm32h7xx_hal_uart.c.obj
                0x0800ad78                HAL_UART_Receive_IT
 .text.HAL_UART_TxCpltCallback
                0x0800aeb4        0x4 CMakeFiles/ITB_Nucleo_configuration.elf.dir/Drivers/STM32H7xx_HAL_Driver/Src/stm32h7xx_hal_uart.c.obj
                0x0800aeb4                HAL_UART_TxCpltCallback
 .text.HAL_UART_RxCpltCallback
                0x0800aeb8        0x4 CMakeFiles/ITB_Nucleo_configuration.elf.dir/Drivers/STM32H7xx_HAL_Driver/Src/stm32h7xx_hal_uart.c.obj
                0x0800aeb8                HAL_UART_RxCpltCallback
 .text.UART_RxISR_8BIT
                0x0800aebc       0x60 CMakeFiles/ITB_Nucleo_configuration.elf.dir/Drivers/STM32H7xx_HAL_Driver/Src/stm32h7xx_hal_uart.c.obj
 .text.UART_RxISR_16BIT
                0x0800af1c       0x60 CMakeFiles/ITB_Nucleo_configuration.elf.dir/Drivers/STM32H7xx_HAL_Driver/Src/stm32h7xx_hal_uart.c.obj
 .text.UART_RxISR_8BIT_FIFOEN
                0x0800af7c       0xb8 CMakeFiles/ITB_Nucleo_configuration.elf.dir/Drivers/STM32H7xx_HAL_Driver/Src/stm32h7xx_hal_uart.c.obj
 .text.UART_RxISR_16BIT_FIFOEN
                0x0800b034       0xb4 CMakeFiles/ITB_Nucleo_configuration.elf.dir/Drivers/STM32H7xx_HAL_Driver/Src/stm32h7xx_hal_uart.c.obj
 .text.HAL_UART_ErrorCallback
                0x0800b0e8        0x4 CMakeFiles/ITB_Nucleo_configuration.elf.dir/Drivers/STM32H7xx_HAL_Driver/Src/stm32h7xx_hal_uart.c.obj
                0x0800b0e8                HAL_UART_ErrorCallback
 .text.HAL_UART_IRQHandler
                0x0800b0ec      0x1f8 CMakeFiles/ITB_Nucleo_configuration.elf.dir/Drivers/STM32H7xx_HAL_Driver/Src/stm32h7xx_hal_uart.c.obj
                0x0800b0ec                HAL_UART_IRQHandler
 .text.UART_DMAAbortOnError
                0x0800b2e4       0x14 CMakeFiles/ITB_Nucleo_configuration.elf.dir/Drivers/STM32H7xx_HAL_Driver/Src/stm32h7xx_hal_uart.c.obj
 .text.UART_SetConfig
                0x0800b2f8      0x540 CMakeFiles/ITB_Nucleo_configuration.elf.dir/Drivers/STM32H7xx_HAL_Driver/Src/stm32h7xx_hal_uart.c.obj
                0x0800b2f8                UART_SetConfig
 .text.UART_AdvFeatureConfig
                0x0800b838       0xb0 CMakeFiles/ITB_Nucleo_configuration.elf.dir/Drivers/STM32H7xx_HAL_Driver/Src/stm32h7xx_hal_uart.c.obj
                0x0800b838                UART_AdvFeatureConfig
 .text.UART_WaitOnFlagUntilTimeout
                0x0800b8e8       0xb4 CMakeFiles/ITB_Nucleo_configuration.elf.dir/Drivers/STM32H7xx_HAL_Driver/Src/stm32h7xx_hal_uart.c.obj
                0x0800b8e8                UART_WaitOnFlagUntilTimeout
 .text.UART_CheckIdleState
                0x0800b99c       0x74 CMakeFiles/ITB_Nucleo_configuration.elf.dir/Drivers/STM32H7xx_HAL_Driver/Src/stm32h7xx_hal_uart.c.obj
                0x0800b99c                UART_CheckIdleState
 .text.HAL_UART_Init
                0x0800ba10       0x68 CMakeFiles/ITB_Nucleo_configuration.elf.dir/Drivers/STM32H7xx_HAL_Driver/Src/stm32h7xx_hal_uart.c.obj
                0x0800ba10                HAL_UART_Init
 .text.UARTEx_SetNbDataToProcess
                0x0800ba78       0x6c CMakeFiles/ITB_Nucleo_configuration.elf.dir/Drivers/STM32H7xx_HAL_Driver/Src/stm32h7xx_hal_uart_ex.c.obj
 .text.HAL_UARTEx_WakeupCallback
                0x0800bae4        0x4 CMakeFiles/ITB_Nucleo_configuration.elf.dir/Drivers/STM32H7xx_HAL_Driver/Src/stm32h7xx_hal_uart_ex.c.obj
                0x0800bae4                HAL_UARTEx_WakeupCallback
 .text.HAL_UARTEx_RxFifoFullCallback
                0x0800bae8        0x4 CMakeFiles/ITB_Nucleo_configuration.elf.dir/Drivers/STM32H7xx_HAL_Driver/Src/stm32h7xx_hal_uart_ex.c.obj
                0x0800bae8                HAL_UARTEx_RxFifoFullCallback
 .text.HAL_UARTEx_TxFifoEmptyCallback
                0x0800baec        0x4 CMakeFiles/ITB_Nucleo_configuration.elf.dir/Drivers/STM32H7xx_HAL_Driver/Src/stm32h7xx_hal_uart_ex.c.obj
                0x0800baec                HAL_UARTEx_TxFifoEmptyCallback
 .text.HAL_UARTEx_DisableFifoMode
                0x0800baf0       0x3c CMakeFiles/ITB_Nucleo_configuration.elf.dir/Drivers/STM32H7xx_HAL_Driver/Src/stm32h7xx_hal_uart_ex.c.obj
                0x0800baf0                HAL_UARTEx_DisableFifoMode
 .text.HAL_UARTEx_SetTxFifoThreshold
                0x0800bb2c       0x4c CMakeFiles/ITB_Nucleo_configuration.elf.dir/Drivers/STM32H7xx_HAL_Driver/Src/stm32h7xx_hal_uart_ex.c.obj
                0x0800bb2c                HAL_UARTEx_SetTxFifoThreshold
 .text.HAL_UARTEx_SetRxFifoThreshold
                0x0800bb78       0x4c CMakeFiles/ITB_Nucleo_configuration.elf.dir/Drivers/STM32H7xx_HAL_Driver/Src/stm32h7xx_hal_uart_ex.c.obj
                0x0800bb78                HAL_UARTEx_SetRxFifoThreshold
 .text.Acados_Caller
                0x0800bbc4      0x1a4 CMakeFiles/ITB_Nucleo_configuration.elf.dir/Src/acados_wrapper.c.obj
                0x0800bbc4                Acados_Caller
 .text.MX_DMA_Init
                0x0800bd68       0x48 CMakeFiles/ITB_Nucleo_configuration.elf.dir/Src/dma.c.obj
                0x0800bd68                MX_DMA_Init
 .text.MX_GPIO_Init
                0x0800bdb0      0x210 CMakeFiles/ITB_Nucleo_configuration.elf.dir/Src/gpio.c.obj
                0x0800bdb0                MX_GPIO_Init
 .text._gettimeofday
                0x0800bfc0       0x20 CMakeFiles/ITB_Nucleo_configuration.elf.dir/Src/main.c.obj
                0x0800bfc0                _gettimeofday
 .text.SystemClock_Config
                0x0800bfe0       0xbc CMakeFiles/ITB_Nucleo_configuration.elf.dir/Src/main.c.obj
                0x0800bfe0                SystemClock_Config
 .text.startup.main
                0x0800c09c       0xd4 CMakeFiles/ITB_Nucleo_configuration.elf.dir/Src/main.c.obj
                0x0800c09c                main
 .text.Error_Handler
                0x0800c170        0x4 CMakeFiles/ITB_Nucleo_configuration.elf.dir/Src/main.c.obj
                0x0800c170                Error_Handler
 .text.HAL_MspInit
                0x0800c174       0x24 CMakeFiles/ITB_Nucleo_configuration.elf.dir/Src/stm32h7xx_hal_msp.c.obj
                0x0800c174                HAL_MspInit
 .text.NMI_Handler
                0x0800c198        0x4 CMakeFiles/ITB_Nucleo_configuration.elf.dir/Src/stm32h7xx_it.c.obj
                0x0800c198                NMI_Handler
 .text.HardFault_Handler
                0x0800c19c        0x4 CMakeFiles/ITB_Nucleo_configuration.elf.dir/Src/stm32h7xx_it.c.obj
                0x0800c19c                HardFault_Handler
 .text.MemManage_Handler
                0x0800c1a0        0x4 CMakeFiles/ITB_Nucleo_configuration.elf.dir/Src/stm32h7xx_it.c.obj
                0x0800c1a0                MemManage_Handler
 .text.BusFault_Handler
                0x0800c1a4        0x4 CMakeFiles/ITB_Nucleo_configuration.elf.dir/Src/stm32h7xx_it.c.obj
                0x0800c1a4                BusFault_Handler
 .text.UsageFault_Handler
                0x0800c1a8        0x4 CMakeFiles/ITB_Nucleo_configuration.elf.dir/Src/stm32h7xx_it.c.obj
                0x0800c1a8                UsageFault_Handler
 .text.SVC_Handler
                0x0800c1ac        0x4 CMakeFiles/ITB_Nucleo_configuration.elf.dir/Src/stm32h7xx_it.c.obj
                0x0800c1ac                SVC_Handler
 .text.DebugMon_Handler
                0x0800c1b0        0x4 CMakeFiles/ITB_Nucleo_configuration.elf.dir/Src/stm32h7xx_it.c.obj
                0x0800c1b0                DebugMon_Handler
 .text.PendSV_Handler
                0x0800c1b4        0x4 CMakeFiles/ITB_Nucleo_configuration.elf.dir/Src/stm32h7xx_it.c.obj
                0x0800c1b4                PendSV_Handler
 .text.SysTick_Handler
                0x0800c1b8        0x4 CMakeFiles/ITB_Nucleo_configuration.elf.dir/Src/stm32h7xx_it.c.obj
                0x0800c1b8                SysTick_Handler
 .text.DMA1_Stream0_IRQHandler
                0x0800c1bc        0xc CMakeFiles/ITB_Nucleo_configuration.elf.dir/Src/stm32h7xx_it.c.obj
                0x0800c1bc                DMA1_Stream0_IRQHandler
 .text.DMA1_Stream1_IRQHandler
                0x0800c1c8        0xc CMakeFiles/ITB_Nucleo_configuration.elf.dir/Src/stm32h7xx_it.c.obj
                0x0800c1c8                DMA1_Stream1_IRQHandler
 .text.USART3_IRQHandler
                0x0800c1d4       0x30 CMakeFiles/ITB_Nucleo_configuration.elf.dir/Src/stm32h7xx_it.c.obj
                0x0800c1d4                USART3_IRQHandler
 .text.TIM6_DAC_IRQHandler
                0x0800c204        0xc CMakeFiles/ITB_Nucleo_configuration.elf.dir/Src/stm32h7xx_it.c.obj
                0x0800c204                TIM6_DAC_IRQHandler
 .text.TIM7_IRQHandler
                0x0800c210        0xc CMakeFiles/ITB_Nucleo_configuration.elf.dir/Src/stm32h7xx_it.c.obj
                0x0800c210                TIM7_IRQHandler
 .text._getpid  0x0800c21c        0x4 CMakeFiles/ITB_Nucleo_configuration.elf.dir/Src/syscalls.c.obj
                0x0800c21c                _getpid
 .text._kill    0x0800c220       0x14 CMakeFiles/ITB_Nucleo_configuration.elf.dir/Src/syscalls.c.obj
                0x0800c220                _kill
 .text._exit    0x0800c234        0xc CMakeFiles/ITB_Nucleo_configuration.elf.dir/Src/syscalls.c.obj
                0x0800c234                _exit
 .text._read    0x0800c240       0x1c CMakeFiles/ITB_Nucleo_configuration.elf.dir/Src/syscalls.c.obj
                0x0800c240                _read
 .text._write   0x0800c25c       0x1c CMakeFiles/ITB_Nucleo_configuration.elf.dir/Src/syscalls.c.obj
                0x0800c25c                _write
 .text._close   0x0800c278        0x8 CMakeFiles/ITB_Nucleo_configuration.elf.dir/Src/syscalls.c.obj
                0x0800c278                _close
 .text._fstat   0x0800c280        0xc CMakeFiles/ITB_Nucleo_configuration.elf.dir/Src/syscalls.c.obj
                0x0800c280                _fstat
 .text._isatty  0x0800c28c        0x4 CMakeFiles/ITB_Nucleo_configuration.elf.dir/Src/syscalls.c.obj
                0x0800c28c                _isatty
 .text._lseek   0x0800c290        0x4 CMakeFiles/ITB_Nucleo_configuration.elf.dir/Src/syscalls.c.obj
                0x0800c290                _lseek
 .text._sbrk    0x0800c294       0x48 CMakeFiles/ITB_Nucleo_configuration.elf.dir/Src/sysmem.c.obj
                0x0800c294                _sbrk
 .text.SystemInit
                0x0800c2dc       0xb4 CMakeFiles/ITB_Nucleo_configuration.elf.dir/Src/system_stm32h7xx.c.obj
                0x0800c2dc                SystemInit
 .text.MX_TIM6_Init
                0x0800c390       0x54 CMakeFiles/ITB_Nucleo_configuration.elf.dir/Src/tim.c.obj
                0x0800c390                MX_TIM6_Init
 .text.MX_TIM7_Init
                0x0800c3e4       0x54 CMakeFiles/ITB_Nucleo_configuration.elf.dir/Src/tim.c.obj
                0x0800c3e4                MX_TIM7_Init
 .text.HAL_TIM_Base_MspInit
                0x0800c438       0x84 CMakeFiles/ITB_Nucleo_configuration.elf.dir/Src/tim.c.obj
                0x0800c438                HAL_TIM_Base_MspInit
 .text.HAL_TIM_PeriodElapsedCallback
                0x0800c4bc       0x1c CMakeFiles/ITB_Nucleo_configuration.elf.dir/Src/tim.c.obj
                0x0800c4bc                HAL_TIM_PeriodElapsedCallback
 .text.MX_USART3_UART_Init
                0x0800c4d8       0x88 CMakeFiles/ITB_Nucleo_configuration.elf.dir/Src/usart.c.obj
                0x0800c4d8                MX_USART3_UART_Init
 .text.HAL_UART_MspInit
                0x0800c560       0xfc CMakeFiles/ITB_Nucleo_configuration.elf.dir/Src/usart.c.obj
                0x0800c560                HAL_UART_MspInit
 .text.IdleCallback
                0x0800c65c      0x164 CMakeFiles/ITB_Nucleo_configuration.elf.dir/Src/usart.c.obj
                0x0800c65c                IdleCallback
 .text.MX_USB_OTG_HS_USB_Init
                0x0800c7c0        0x4 CMakeFiles/ITB_Nucleo_configuration.elf.dir/Src/usb_otg.c.obj
                0x0800c7c0                MX_USB_OTG_HS_USB_Init
 .text.Reset_Handler
                0x0800c7c4       0x50 CMakeFiles/ITB_Nucleo_configuration.elf.dir/Startup/startup_stm32h723zgtx.s.obj
                0x0800c7c4                Reset_Handler
 .text.Default_Handler
                0x0800c814        0x2 CMakeFiles/ITB_Nucleo_configuration.elf.dir/Startup/startup_stm32h723zgtx.s.obj
                0x0800c814                RTC_Alarm_IRQHandler
                0x0800c814                EXTI2_IRQHandler
                0x0800c814                TIM8_CC_IRQHandler
                0x0800c814                UART8_IRQHandler
                0x0800c814                SPI4_IRQHandler
                0x0800c814                FDCAN3_IT0_IRQHandler
                0x0800c814                TIM1_CC_IRQHandler
                0x0800c814                BDMA_Channel6_IRQHandler
                0x0800c814                DMA2_Stream5_IRQHandler
                0x0800c814                DMA1_Stream5_IRQHandler
                0x0800c814                CORDIC_IRQHandler
                0x0800c814                BDMA_Channel1_IRQHandler
                0x0800c814                TAMP_STAMP_IRQHandler
                0x0800c814                EXTI3_IRQHandler
                0x0800c814                LPTIM4_IRQHandler
                0x0800c814                TIM8_TRG_COM_TIM14_IRQHandler
                0x0800c814                LPTIM2_IRQHandler
                0x0800c814                DFSDM1_FLT1_IRQHandler
                0x0800c814                DMAMUX2_OVR_IRQHandler
                0x0800c814                TIM8_UP_TIM13_IRQHandler
                0x0800c814                I2C3_ER_IRQHandler
                0x0800c814                DFSDM1_FLT2_IRQHandler
                0x0800c814                I2C5_EV_IRQHandler
                0x0800c814                USART10_IRQHandler
                0x0800c814                MDMA_IRQHandler
                0x0800c814                LPTIM3_IRQHandler
                0x0800c814                HSEM1_IRQHandler
                0x0800c814                EXTI0_IRQHandler
                0x0800c814                I2C2_EV_IRQHandler
                0x0800c814                DMA1_Stream2_IRQHandler
                0x0800c814                FPU_IRQHandler
                0x0800c814                OTG_HS_WKUP_IRQHandler
                0x0800c814                FDCAN1_IT1_IRQHandler
                0x0800c814                LTDC_ER_IRQHandler
                0x0800c814                DMA2_Stream2_IRQHandler
                0x0800c814                SPI1_IRQHandler
                0x0800c814                OCTOSPI1_IRQHandler
                0x0800c814                DMA2_Stream3_IRQHandler
                0x0800c814                OCTOSPI2_IRQHandler
                0x0800c814                DFSDM1_FLT3_IRQHandler
                0x0800c814                TIM23_IRQHandler
                0x0800c814                USART6_IRQHandler
                0x0800c814                TIM17_IRQHandler
                0x0800c814                BDMA_Channel7_IRQHandler
                0x0800c814                LPTIM5_IRQHandler
                0x0800c814                UART5_IRQHandler
                0x0800c814                ADC3_IRQHandler
                0x0800c814                DMA2_Stream0_IRQHandler
                0x0800c814                TIM4_IRQHandler
                0x0800c814                BDMA_Channel2_IRQHandler
                0x0800c814                I2C1_EV_IRQHandler
                0x0800c814                DMA1_Stream6_IRQHandler
                0x0800c814                DMAMUX1_OVR_IRQHandler
                0x0800c814                TIM16_IRQHandler
                0x0800c814                UART4_IRQHandler
                0x0800c814                BDMA_Channel5_IRQHandler
                0x0800c814                TIM3_IRQHandler
                0x0800c814                RCC_IRQHandler
                0x0800c814                UART9_IRQHandler
                0x0800c814                TIM8_BRK_TIM12_IRQHandler
                0x0800c814                TIM1_TRG_COM_IRQHandler
                0x0800c814                Default_Handler
                0x0800c814                ECC_IRQHandler
                0x0800c814                FMAC_IRQHandler
                0x0800c814                CEC_IRQHandler
                0x0800c814                EXTI15_10_IRQHandler
                0x0800c814                BDMA_Channel0_IRQHandler
                0x0800c814                ADC_IRQHandler
                0x0800c814                I2C5_ER_IRQHandler
                0x0800c814                DMA1_Stream7_IRQHandler
                0x0800c814                SPI5_IRQHandler
                0x0800c814                FDCAN3_IT1_IRQHandler
                0x0800c814                SDMMC1_IRQHandler
                0x0800c814                TIM5_IRQHandler
                0x0800c814                DMA2_Stream7_IRQHandler
                0x0800c814                TIM15_IRQHandler
                0x0800c814                PVD_AVD_IRQHandler
                0x0800c814                I2C3_EV_IRQHandler
                0x0800c814                EXTI9_5_IRQHandler
                0x0800c814                RTC_WKUP_IRQHandler
                0x0800c814                LTDC_IRQHandler
                0x0800c814                ETH_WKUP_IRQHandler
                0x0800c814                SPDIF_RX_IRQHandler
                0x0800c814                SPI2_IRQHandler
                0x0800c814                OTG_HS_EP1_IN_IRQHandler
                0x0800c814                TIM24_IRQHandler
                0x0800c814                CRS_IRQHandler
                0x0800c814                EXTI4_IRQHandler
                0x0800c814                RNG_IRQHandler
                0x0800c814                FDCAN2_IT1_IRQHandler
                0x0800c814                ETH_IRQHandler
                0x0800c814                TIM1_UP_IRQHandler
                0x0800c814                BDMA_Channel4_IRQHandler
                0x0800c814                OTG_HS_EP1_OUT_IRQHandler
                0x0800c814                WWDG_IRQHandler
                0x0800c814                SPI6_IRQHandler
                0x0800c814                MDIOS_IRQHandler
                0x0800c814                I2C4_EV_IRQHandler
                0x0800c814                FDCAN2_IT0_IRQHandler
                0x0800c814                LPUART1_IRQHandler
                0x0800c814                FDCAN1_IT0_IRQHandler
                0x0800c814                TIM2_IRQHandler
                0x0800c814                OTG_HS_IRQHandler
                0x0800c814                DMA2D_IRQHandler
                0x0800c814                TIM1_BRK_IRQHandler
                0x0800c814                EXTI1_IRQHandler
                0x0800c814                SDMMC2_IRQHandler
                0x0800c814                BDMA_Channel3_IRQHandler
                0x0800c814                DTS_IRQHandler
                0x0800c814                UART7_IRQHandler
                0x0800c814                MDIOS_WKUP_IRQHandler
                0x0800c814                USART2_IRQHandler
                0x0800c814                DFSDM1_FLT0_IRQHandler
                0x0800c814                SAI4_IRQHandler
                0x0800c814                I2C2_ER_IRQHandler
                0x0800c814                DMA2_Stream1_IRQHandler
                0x0800c814                FLASH_IRQHandler
                0x0800c814                DMA2_Stream4_IRQHandler
                0x0800c814                USART1_IRQHandler
                0x0800c814                SPI3_IRQHandler
                0x0800c814                WAKEUP_PIN_IRQHandler
                0x0800c814                DMA1_Stream4_IRQHandler
                0x0800c814                I2C1_ER_IRQHandler
                0x0800c814                FMC_IRQHandler
                0x0800c814                FDCAN_CAL_IRQHandler
                0x0800c814                SWPMI1_IRQHandler
                0x0800c814                COMP1_IRQHandler
                0x0800c814                LPTIM1_IRQHandler
                0x0800c814                DCMI_PSSI_IRQHandler
                0x0800c814                I2C4_ER_IRQHandler
                0x0800c814                DMA2_Stream6_IRQHandler
                0x0800c814                SAI1_IRQHandler
                0x0800c814                DMA1_Stream3_IRQHandler
 *fill*         0x0800c816        0x2 
 .text.ocp_nlp_dims_calculate_size_self
                0x0800c818       0x30 lib/acados/acados/libacados.a(ocp_nlp_common.c.obj)
 .text.ocp_nlp_get_violation.constprop.0
                0x0800c848       0xc0 lib/acados/acados/libacados.a(ocp_nlp_common.c.obj)
 .text.ocp_nlp_config_calculate_size
                0x0800c908       0x74 lib/acados/acados/libacados.a(ocp_nlp_common.c.obj)
                0x0800c908                ocp_nlp_config_calculate_size
 .text.ocp_nlp_config_assign
                0x0800c97c       0xc8 lib/acados/acados/libacados.a(ocp_nlp_common.c.obj)
                0x0800c97c                ocp_nlp_config_assign
 .text.ocp_nlp_dims_calculate_size
                0x0800ca44       0x68 lib/acados/acados/libacados.a(ocp_nlp_common.c.obj)
                0x0800ca44                ocp_nlp_dims_calculate_size
 .text.ocp_nlp_dims_assign
                0x0800caac      0x1dc lib/acados/acados/libacados.a(ocp_nlp_common.c.obj)
                0x0800caac                ocp_nlp_dims_assign
 .text.ocp_nlp_dims_set_opt_vars
                0x0800cc88      0x470 lib/acados/acados/libacados.a(ocp_nlp_common.c.obj)
                0x0800cc88                ocp_nlp_dims_set_opt_vars
 .text.ocp_nlp_dims_set_constraints
                0x0800d0f8      0x20c lib/acados/acados/libacados.a(ocp_nlp_common.c.obj)
                0x0800d0f8                ocp_nlp_dims_set_constraints
 .text.ocp_nlp_dims_set_cost
                0x0800d304       0x20 lib/acados/acados/libacados.a(ocp_nlp_common.c.obj)
                0x0800d304                ocp_nlp_dims_set_cost
 .text.ocp_nlp_in_calculate_size
                0x0800d324       0x8c lib/acados/acados/libacados.a(ocp_nlp_common.c.obj)
                0x0800d324                ocp_nlp_in_calculate_size
 .text.ocp_nlp_in_assign_self
                0x0800d3b0       0x48 lib/acados/acados/libacados.a(ocp_nlp_common.c.obj)
                0x0800d3b0                ocp_nlp_in_assign_self
 .text.ocp_nlp_in_assign
                0x0800d3f8      0x104 lib/acados/acados/libacados.a(ocp_nlp_common.c.obj)
                0x0800d3f8                ocp_nlp_in_assign
 .text.ocp_nlp_out_calculate_size
                0x0800d4fc       0xc8 lib/acados/acados/libacados.a(ocp_nlp_common.c.obj)
                0x0800d4fc                ocp_nlp_out_calculate_size
 *fill*         0x0800d5c4        0x4 
 .text.ocp_nlp_out_assign
                0x0800d5c8      0x24c lib/acados/acados/libacados.a(ocp_nlp_common.c.obj)
                0x0800d5c8                ocp_nlp_out_assign
 .text.ocp_nlp_opts_calculate_size
                0x0800d814       0xb4 lib/acados/acados/libacados.a(ocp_nlp_common.c.obj)
                0x0800d814                ocp_nlp_opts_calculate_size
 .text.ocp_nlp_opts_assign
                0x0800d8c8      0x168 lib/acados/acados/libacados.a(ocp_nlp_common.c.obj)
                0x0800d8c8                ocp_nlp_opts_assign
 .text.ocp_nlp_opts_initialize_default
                0x0800da30       0xf8 lib/acados/acados/libacados.a(ocp_nlp_common.c.obj)
                0x0800da30                ocp_nlp_opts_initialize_default
 .text.ocp_nlp_opts_update
                0x0800db28       0x8c lib/acados/acados/libacados.a(ocp_nlp_common.c.obj)
                0x0800db28                ocp_nlp_opts_update
 .text.ocp_nlp_opts_set
                0x0800dbb4      0x304 lib/acados/acados/libacados.a(ocp_nlp_common.c.obj)
                0x0800dbb4                ocp_nlp_opts_set
 .text.ocp_nlp_opts_set_at_stage
                0x0800deb8       0xf4 lib/acados/acados/libacados.a(ocp_nlp_common.c.obj)
                0x0800deb8                ocp_nlp_opts_set_at_stage
 .text.ocp_nlp_workspace_calculate_size
                0x0800dfac      0x1ec lib/acados/acados/libacados.a(ocp_nlp_common.c.obj)
                0x0800dfac                ocp_nlp_workspace_calculate_size
 .text.ocp_nlp_workspace_assign
                0x0800e198      0x294 lib/acados/acados/libacados.a(ocp_nlp_common.c.obj)
                0x0800e198                ocp_nlp_workspace_assign
 .text.ocp_nlp_alias_memory_to_submodules
                0x0800e42c      0x33c lib/acados/acados/libacados.a(ocp_nlp_common.c.obj)
                0x0800e42c                ocp_nlp_alias_memory_to_submodules
 .text.ocp_nlp_initialize_qp
                0x0800e768       0xcc lib/acados/acados/libacados.a(ocp_nlp_common.c.obj)
                0x0800e768                ocp_nlp_initialize_qp
 .text.ocp_nlp_initialize_t_slacks
                0x0800e834       0xf0 lib/acados/acados/libacados.a(ocp_nlp_common.c.obj)
                0x0800e834                ocp_nlp_initialize_t_slacks
 *fill*         0x0800e924        0x4 
 .text.ocp_nlp_approximate_qp_matrices
                0x0800e928      0x310 lib/acados/acados/libacados.a(ocp_nlp_common.c.obj)
                0x0800e928                ocp_nlp_approximate_qp_matrices
 .text.ocp_nlp_approximate_qp_vectors_sqp
                0x0800ec38       0x88 lib/acados/acados/libacados.a(ocp_nlp_common.c.obj)
                0x0800ec38                ocp_nlp_approximate_qp_vectors_sqp
 .text.ocp_nlp_embed_initial_value
                0x0800ecc0       0x68 lib/acados/acados/libacados.a(ocp_nlp_common.c.obj)
                0x0800ecc0                ocp_nlp_embed_initial_value
 .text.ocp_nlp_compute_merit_gradient
                0x0800ed28      0x3bc lib/acados/acados/libacados.a(ocp_nlp_common.c.obj)
                0x0800ed28                ocp_nlp_compute_merit_gradient
 *fill*         0x0800f0e4        0x4 
 .text.ocp_nlp_evaluate_merit_fun
                0x0800f0e8      0x210 lib/acados/acados/libacados.a(ocp_nlp_common.c.obj)
                0x0800f0e8                ocp_nlp_evaluate_merit_fun
 .text.ocp_nlp_line_search
                0x0800f2f8      0x3f4 lib/acados/acados/libacados.a(ocp_nlp_common.c.obj)
                0x0800f2f8                ocp_nlp_line_search
 .text.ocp_nlp_update_variables_sqp
                0x0800f6ec      0x20c lib/acados/acados/libacados.a(ocp_nlp_common.c.obj)
                0x0800f6ec                ocp_nlp_update_variables_sqp
 .text.ocp_nlp_res_calculate_size
                0x0800f8f8       0xa0 lib/acados/acados/libacados.a(ocp_nlp_common.c.obj)
                0x0800f8f8                ocp_nlp_res_calculate_size
 .text.ocp_nlp_memory_calculate_size
                0x0800f998      0x290 lib/acados/acados/libacados.a(ocp_nlp_common.c.obj)
                0x0800f998                ocp_nlp_memory_calculate_size
 .text.ocp_nlp_res_assign
                0x0800fc28       0xf4 lib/acados/acados/libacados.a(ocp_nlp_common.c.obj)
                0x0800fc28                ocp_nlp_res_assign
 *fill*         0x0800fd1c        0x4 
 .text.ocp_nlp_memory_assign
                0x0800fd20      0x430 lib/acados/acados/libacados.a(ocp_nlp_common.c.obj)
                0x0800fd20                ocp_nlp_memory_assign
 .text.ocp_nlp_res_compute
                0x08010150      0x23c lib/acados/acados/libacados.a(ocp_nlp_common.c.obj)
                0x08010150                ocp_nlp_res_compute
 .text.ocp_nlp_res_get_inf_norm
                0x0801038c       0x3c lib/acados/acados/libacados.a(ocp_nlp_common.c.obj)
                0x0801038c                ocp_nlp_res_get_inf_norm
 .text.ocp_nlp_constraints_config_calculate_size
                0x080103c8        0x4 lib/acados/acados/libacados.a(ocp_nlp_constraints_common.c.obj)
                0x080103c8                ocp_nlp_constraints_config_calculate_size
 .text.ocp_nlp_constraints_config_assign
                0x080103cc        0x4 lib/acados/acados/libacados.a(ocp_nlp_constraints_common.c.obj)
                0x080103cc                ocp_nlp_constraints_config_assign
 .text.ocp_nlp_cost_config_calculate_size
                0x080103d0        0x4 lib/acados/acados/libacados.a(ocp_nlp_cost_common.c.obj)
                0x080103d0                ocp_nlp_cost_config_calculate_size
 .text.ocp_nlp_cost_config_assign
                0x080103d4        0x4 lib/acados/acados/libacados.a(ocp_nlp_cost_common.c.obj)
                0x080103d4                ocp_nlp_cost_config_assign
 .text.ocp_nlp_dynamics_config_calculate_size
                0x080103d8        0xc lib/acados/acados/libacados.a(ocp_nlp_dynamics_common.c.obj)
                0x080103d8                ocp_nlp_dynamics_config_calculate_size
 .text.ocp_nlp_dynamics_config_assign
                0x080103e4       0x14 lib/acados/acados/libacados.a(ocp_nlp_dynamics_common.c.obj)
                0x080103e4                ocp_nlp_dynamics_config_assign
 .text.ocp_nlp_reg_config_calculate_size
                0x080103f8        0x4 lib/acados/acados/libacados.a(ocp_nlp_reg_common.c.obj)
                0x080103f8                ocp_nlp_reg_config_calculate_size
 .text.ocp_nlp_reg_config_assign
                0x080103fc        0x4 lib/acados/acados/libacados.a(ocp_nlp_reg_common.c.obj)
                0x080103fc                ocp_nlp_reg_config_assign
 .text.ocp_nlp_reg_dims_calculate_size
                0x08010400        0xc lib/acados/acados/libacados.a(ocp_nlp_reg_common.c.obj)
                0x08010400                ocp_nlp_reg_dims_calculate_size
 .text.ocp_nlp_reg_dims_assign
                0x0801040c       0x98 lib/acados/acados/libacados.a(ocp_nlp_reg_common.c.obj)
                0x0801040c                ocp_nlp_reg_dims_assign
 .text.ocp_nlp_reg_dims_set
                0x080104a4       0xa4 lib/acados/acados/libacados.a(ocp_nlp_reg_common.c.obj)
                0x080104a4                ocp_nlp_reg_dims_set
 .text.acados_reconstruct_A
                0x08010548       0x98 lib/acados/acados/libacados.a(ocp_nlp_reg_common.c.obj)
                0x08010548                acados_reconstruct_A
 .text.acados_mirror
                0x080105e0       0x78 lib/acados/acados/libacados.a(ocp_nlp_reg_common.c.obj)
                0x080105e0                acados_mirror
 .text.acados_project
                0x08010658       0x54 lib/acados/acados/libacados.a(ocp_nlp_reg_common.c.obj)
                0x08010658                acados_project
 .text.ocp_qp_solver_config_calculate_size
                0x080106ac        0x4 lib/acados/acados/libacados.a(ocp_qp_common.c.obj)
                0x080106ac                ocp_qp_solver_config_calculate_size
 .text.ocp_qp_solver_config_assign
                0x080106b0        0x4 lib/acados/acados/libacados.a(ocp_qp_common.c.obj)
                0x080106b0                ocp_qp_solver_config_assign
 .text.ocp_qp_condensing_config_calculate_size
                0x080106b4        0x4 lib/acados/acados/libacados.a(ocp_qp_common.c.obj)
                0x080106b4                ocp_qp_condensing_config_calculate_size
 .text.ocp_qp_condensing_config_assign
                0x080106b8        0x4 lib/acados/acados/libacados.a(ocp_qp_common.c.obj)
                0x080106b8                ocp_qp_condensing_config_assign
 .text.ocp_qp_dims_calculate_size
                0x080106bc       0x28 lib/acados/acados/libacados.a(ocp_qp_common.c.obj)
                0x080106bc                ocp_qp_dims_calculate_size
 .text.ocp_qp_dims_assign
                0x080106e4       0x74 lib/acados/acados/libacados.a(ocp_qp_common.c.obj)
                0x080106e4                ocp_qp_dims_assign
 .text.ocp_qp_dims_set
                0x08010758       0x10 lib/acados/acados/libacados.a(ocp_qp_common.c.obj)
                0x08010758                ocp_qp_dims_set
 .text.ocp_qp_in_calculate_size
                0x08010768       0x48 lib/acados/acados/libacados.a(ocp_qp_common.c.obj)
                0x08010768                ocp_qp_in_calculate_size
 .text.ocp_qp_in_assign
                0x080107b0       0x9c lib/acados/acados/libacados.a(ocp_qp_common.c.obj)
                0x080107b0                ocp_qp_in_assign
 .text.ocp_qp_out_calculate_size
                0x0801084c       0x48 lib/acados/acados/libacados.a(ocp_qp_common.c.obj)
                0x0801084c                ocp_qp_out_calculate_size
 .text.ocp_qp_out_assign
                0x08010894       0xa8 lib/acados/acados/libacados.a(ocp_qp_common.c.obj)
                0x08010894                ocp_qp_out_assign
 .text.ocp_qp_res_calculate_size
                0x0801093c        0xc lib/acados/acados/libacados.a(ocp_qp_common.c.obj)
                0x0801093c                ocp_qp_res_calculate_size
 .text.ocp_qp_res_assign
                0x08010948       0x48 lib/acados/acados/libacados.a(ocp_qp_common.c.obj)
                0x08010948                ocp_qp_res_assign
 .text.ocp_qp_res_workspace_calculate_size
                0x08010990        0xc lib/acados/acados/libacados.a(ocp_qp_common.c.obj)
                0x08010990                ocp_qp_res_workspace_calculate_size
 .text.ocp_qp_res_workspace_assign
                0x0801099c       0x48 lib/acados/acados/libacados.a(ocp_qp_common.c.obj)
                0x0801099c                ocp_qp_res_workspace_assign
 .text.ocp_qp_res_compute_nrm_inf
                0x080109e4      0x1a8 lib/acados/acados/libacados.a(ocp_qp_common.c.obj)
                0x080109e4                ocp_qp_res_compute_nrm_inf
 .text.ocp_qp_compute_t
                0x08010b8c      0x128 lib/acados/acados/libacados.a(ocp_qp_common.c.obj)
                0x08010b8c                ocp_qp_compute_t
 .text.ocp_qp_res_compute
                0x08010cb4       0x3c lib/acados/acados/libacados.a(ocp_qp_common.c.obj)
                0x08010cb4                ocp_qp_res_compute
 .text.ocp_qp_xcond_solver_opts_calculate_size
                0x08010cf0       0x34 lib/acados/acados/libacados.a(ocp_qp_xcond_solver.c.obj)
                0x08010cf0                ocp_qp_xcond_solver_opts_calculate_size
 .text.ocp_qp_xcond_solver_opts_initialize_default
                0x08010d24       0x3c lib/acados/acados/libacados.a(ocp_qp_xcond_solver.c.obj)
                0x08010d24                ocp_qp_xcond_solver_opts_initialize_default
 .text.ocp_qp_xcond_solver_opts_update
                0x08010d60       0x3c lib/acados/acados/libacados.a(ocp_qp_xcond_solver.c.obj)
                0x08010d60                ocp_qp_xcond_solver_opts_update
 .text.ocp_qp_xcond_solver_memory_calculate_size
                0x08010d9c       0x40 lib/acados/acados/libacados.a(ocp_qp_xcond_solver.c.obj)
                0x08010d9c                ocp_qp_xcond_solver_memory_calculate_size
 .text.ocp_qp_xcond_solver_workspace_calculate_size
                0x08010ddc       0x38 lib/acados/acados/libacados.a(ocp_qp_xcond_solver.c.obj)
                0x08010ddc                ocp_qp_xcond_solver_workspace_calculate_size
 .text.ocp_qp_xcond_solver_dims_calculate_size
                0x08010e14       0x24 lib/acados/acados/libacados.a(ocp_qp_xcond_solver.c.obj)
                0x08010e14                ocp_qp_xcond_solver_dims_calculate_size
 .text.ocp_qp_xcond_solver_opts_assign
                0x08010e38       0xa4 lib/acados/acados/libacados.a(ocp_qp_xcond_solver.c.obj)
                0x08010e38                ocp_qp_xcond_solver_opts_assign
 .text.ocp_qp_xcond_solver_memory_assign
                0x08010edc       0xe0 lib/acados/acados/libacados.a(ocp_qp_xcond_solver.c.obj)
                0x08010edc                ocp_qp_xcond_solver_memory_assign
 .text.ocp_qp_xcond_solver_dims_set_
                0x08010fbc       0x34 lib/acados/acados/libacados.a(ocp_qp_xcond_solver.c.obj)
                0x08010fbc                ocp_qp_xcond_solver_dims_set_
 .text.ocp_qp_xcond_solver_opts_set_
                0x08010ff0       0x70 lib/acados/acados/libacados.a(ocp_qp_xcond_solver.c.obj)
                0x08010ff0                ocp_qp_xcond_solver_opts_set_
 .text.ocp_qp_xcond_solver_memory_get
                0x08011060       0x70 lib/acados/acados/libacados.a(ocp_qp_xcond_solver.c.obj)
                0x08011060                ocp_qp_xcond_solver_memory_get
 .text.cast_workspace.constprop.0
                0x080110d0       0x80 lib/acados/acados/libacados.a(ocp_qp_xcond_solver.c.obj)
 .text.ocp_qp_xcond_solver
                0x08011150       0xec lib/acados/acados/libacados.a(ocp_qp_xcond_solver.c.obj)
                0x08011150                ocp_qp_xcond_solver
 .text.ocp_qp_xcond_solver_eval_sens
                0x0801123c       0x60 lib/acados/acados/libacados.a(ocp_qp_xcond_solver.c.obj)
                0x0801123c                ocp_qp_xcond_solver_eval_sens
 .text.ocp_qp_xcond_solver_dims_assign
                0x0801129c       0x6c lib/acados/acados/libacados.a(ocp_qp_xcond_solver.c.obj)
                0x0801129c                ocp_qp_xcond_solver_dims_assign
 .text.ocp_qp_xcond_solver_config_calculate_size
                0x08011308       0x14 lib/acados/acados/libacados.a(ocp_qp_xcond_solver.c.obj)
                0x08011308                ocp_qp_xcond_solver_config_calculate_size
 .text.ocp_qp_xcond_solver_config_assign
                0x0801131c       0x24 lib/acados/acados/libacados.a(ocp_qp_xcond_solver.c.obj)
                0x0801131c                ocp_qp_xcond_solver_config_assign
 .text.ocp_qp_xcond_solver_config_initialize_default
                0x08011340       0x78 lib/acados/acados/libacados.a(ocp_qp_xcond_solver.c.obj)
                0x08011340                ocp_qp_xcond_solver_config_initialize_default
 .text.sim_config_calculate_size
                0x080113b8        0x4 lib/acados/acados/libacados.a(sim_common.c.obj)
                0x080113b8                sim_config_calculate_size
 .text.sim_config_assign
                0x080113bc        0x4 lib/acados/acados/libacados.a(sim_common.c.obj)
                0x080113bc                sim_config_assign
 .text.sim_in_calculate_size
                0x080113c0       0x70 lib/acados/acados/libacados.a(sim_common.c.obj)
                0x080113c0                sim_in_calculate_size
 .text.sim_in_assign
                0x08011430       0xd4 lib/acados/acados/libacados.a(sim_common.c.obj)
                0x08011430                sim_in_assign
 .text.sim_out_calculate_size
                0x08011504       0x6c lib/acados/acados/libacados.a(sim_common.c.obj)
                0x08011504                sim_out_calculate_size
 .text.sim_out_assign
                0x08011570       0xe8 lib/acados/acados/libacados.a(sim_common.c.obj)
                0x08011570                sim_out_assign
 .text.sim_opts_set_
                0x08011658      0x118 lib/acados/acados/libacados.a(sim_common.c.obj)
                0x08011658                sim_opts_set_
 .text.sim_opts_get_
                0x08011770       0x58 lib/acados/acados/libacados.a(sim_common.c.obj)
                0x08011770                sim_opts_get_
 .text.acados_eigen_decomposition
                0x080117c8      0x720 lib/acados/acados/libacados.a(math.c.obj)
                0x080117c8                acados_eigen_decomposition
 .text.neville_algorithm
                0x08011ee8       0x68 lib/acados/acados/libacados.a(math.c.obj)
                0x08011ee8                neville_algorithm
 .text.make_int_multiple_of
                0x08011f50       0x18 lib/acados/acados/libacados.a(mem.c.obj)
                0x08011f50                make_int_multiple_of
 .text.align_char_to
                0x08011f68       0x18 lib/acados/acados/libacados.a(mem.c.obj)
                0x08011f68                align_char_to
 .text.acados_malloc
                0x08011f80        0x4 lib/acados/acados/libacados.a(mem.c.obj)
                0x08011f80                acados_malloc
 .text.acados_calloc
                0x08011f84        0x4 lib/acados/acados/libacados.a(mem.c.obj)
                0x08011f84                acados_calloc
 .text.assign_and_advance_double_ptrs
                0x08011f88       0x2c lib/acados/acados/libacados.a(mem.c.obj)
                0x08011f88                assign_and_advance_double_ptrs
 .text.assign_and_advance_blasfeo_dvec_structs
                0x08011fb4       0x30 lib/acados/acados/libacados.a(mem.c.obj)
                0x08011fb4                assign_and_advance_blasfeo_dvec_structs
 .text.assign_and_advance_blasfeo_dmat_structs
                0x08011fe4       0x30 lib/acados/acados/libacados.a(mem.c.obj)
                0x08011fe4                assign_and_advance_blasfeo_dmat_structs
 .text.assign_and_advance_int
                0x08012014        0xc lib/acados/acados/libacados.a(mem.c.obj)
                0x08012014                assign_and_advance_int
 .text.assign_and_advance_bool
                0x08012020        0xc lib/acados/acados/libacados.a(mem.c.obj)
                0x08012020                assign_and_advance_bool
 .text.assign_and_advance_double
                0x0801202c       0x2c lib/acados/acados/libacados.a(mem.c.obj)
                0x0801202c                assign_and_advance_double
 .text.assign_and_advance_blasfeo_dvec_mem
                0x08012058       0x34 lib/acados/acados/libacados.a(mem.c.obj)
                0x08012058                assign_and_advance_blasfeo_dvec_mem
 .text.assign_and_advance_blasfeo_dmat_mem
                0x0801208c       0x34 lib/acados/acados/libacados.a(mem.c.obj)
                0x0801208c                assign_and_advance_blasfeo_dmat_mem
 .text.acados_tic
                0x080120c0        0x8 lib/acados/acados/libacados.a(timing.c.obj)
                0x080120c0                acados_tic
 .text.acados_toc
                0x080120c8       0x74 lib/acados/acados/libacados.a(timing.c.obj)
                0x080120c8                acados_toc
 .text.external_function_param_casadi_create
                0x0801213c       0x38 lib/acados/acados/libacados.a(external_function_interface.c.obj)
                0x0801213c                external_function_param_casadi_create
 .text.ocp_nlp_plan_create
                0x08012174       0xb4 lib/acados/acados/libacados.a(ocp_nlp_interface.c.obj)
                0x08012174                ocp_nlp_plan_create
 .text.ocp_nlp_config_create
                0x08012228      0x250 lib/acados/acados/libacados.a(ocp_nlp_interface.c.obj)
                0x08012228                ocp_nlp_config_create
 .text.ocp_nlp_dims_create
                0x08012478       0x3c lib/acados/acados/libacados.a(ocp_nlp_interface.c.obj)
                0x08012478                ocp_nlp_dims_create
 .text.ocp_nlp_in_create
                0x080124b4       0x40 lib/acados/acados/libacados.a(ocp_nlp_interface.c.obj)
                0x080124b4                ocp_nlp_in_create
 .text.ocp_nlp_in_set
                0x080124f4       0x38 lib/acados/acados/libacados.a(ocp_nlp_interface.c.obj)
                0x080124f4                ocp_nlp_in_set
 .text.ocp_nlp_dynamics_model_set
                0x0801252c       0x28 lib/acados/acados/libacados.a(ocp_nlp_interface.c.obj)
                0x0801252c                ocp_nlp_dynamics_model_set
 .text.ocp_nlp_cost_model_set
                0x08012554       0x28 lib/acados/acados/libacados.a(ocp_nlp_interface.c.obj)
                0x08012554                ocp_nlp_cost_model_set
 .text.ocp_nlp_constraints_model_set
                0x0801257c       0x28 lib/acados/acados/libacados.a(ocp_nlp_interface.c.obj)
                0x0801257c                ocp_nlp_constraints_model_set
 .text.ocp_nlp_out_create
                0x080125a4       0x40 lib/acados/acados/libacados.a(ocp_nlp_interface.c.obj)
                0x080125a4                ocp_nlp_out_create
 .text.ocp_nlp_out_set
                0x080125e4      0x1c0 lib/acados/acados/libacados.a(ocp_nlp_interface.c.obj)
                0x080125e4                ocp_nlp_out_set
 .text.ocp_nlp_out_get
                0x080127a4      0x180 lib/acados/acados/libacados.a(ocp_nlp_interface.c.obj)
                0x080127a4                ocp_nlp_out_get
 .text.ocp_nlp_solver_opts_create
                0x08012924       0x48 lib/acados/acados/libacados.a(ocp_nlp_interface.c.obj)
                0x08012924                ocp_nlp_solver_opts_create
 .text.ocp_nlp_solver_opts_set
                0x0801296c        0xc lib/acados/acados/libacados.a(ocp_nlp_interface.c.obj)
                0x0801296c                ocp_nlp_solver_opts_set
 .text.ocp_nlp_solver_opts_set_at_stage
                0x08012978        0xc lib/acados/acados/libacados.a(ocp_nlp_interface.c.obj)
                0x08012978                ocp_nlp_solver_opts_set_at_stage
 .text.ocp_nlp_solver_create
                0x08012984       0xc0 lib/acados/acados/libacados.a(ocp_nlp_interface.c.obj)
                0x08012984                ocp_nlp_solver_create
 .text.ocp_nlp_solve
                0x08012a44       0x24 lib/acados/acados/libacados.a(ocp_nlp_interface.c.obj)
                0x08012a44                ocp_nlp_solve
 .text.ocp_nlp_precompute
                0x08012a68       0x24 lib/acados/acados/libacados.a(ocp_nlp_interface.c.obj)
                0x08012a68                ocp_nlp_precompute
 .text.ocp_qp_xcond_solver_config_initialize_from_plan
                0x08012a8c       0x64 lib/acados/acados/libacados.a(ocp_qp_interface.c.obj)
                0x08012a8c                ocp_qp_xcond_solver_config_initialize_from_plan
 .text.ocp_qp_out_get
                0x08012af0       0x30 lib/acados/acados/libacados.a(ocp_qp_interface.c.obj)
                0x08012af0                ocp_qp_out_get
 .text.dense_qp_hpipm_opts_update
                0x08012b20        0x4 lib/acados/acados/libacados.a(dense_qp_hpipm.c.obj)
                0x08012b20                dense_qp_hpipm_opts_update
 .text.dense_qp_hpipm_workspace_calculate_size
                0x08012b24        0x4 lib/acados/acados/libacados.a(dense_qp_hpipm.c.obj)
                0x08012b24                dense_qp_hpipm_workspace_calculate_size
 .text.dense_qp_hpipm_opts_calculate_size
                0x08012b28       0x28 lib/acados/acados/libacados.a(dense_qp_hpipm.c.obj)
                0x08012b28                dense_qp_hpipm_opts_calculate_size
 .text.dense_qp_hpipm_opts_initialize_default
                0x08012b50       0x54 lib/acados/acados/libacados.a(dense_qp_hpipm.c.obj)
                0x08012b50                dense_qp_hpipm_opts_initialize_default
 .text.dense_qp_hpipm_opts_set
                0x08012ba4        0xc lib/acados/acados/libacados.a(dense_qp_hpipm.c.obj)
                0x08012ba4                dense_qp_hpipm_opts_set
 .text.dense_qp_hpipm_memory_calculate_size
                0x08012bb0       0x2c lib/acados/acados/libacados.a(dense_qp_hpipm.c.obj)
                0x08012bb0                dense_qp_hpipm_memory_calculate_size
 *fill*         0x08012bdc        0x4 
 .text.dense_qp_hpipm
                0x08012be0       0xb0 lib/acados/acados/libacados.a(dense_qp_hpipm.c.obj)
                0x08012be0                dense_qp_hpipm
 .text.dense_qp_hpipm_eval_sens
                0x08012c90       0x14 lib/acados/acados/libacados.a(dense_qp_hpipm.c.obj)
                0x08012c90                dense_qp_hpipm_eval_sens
 .text.dense_qp_hpipm_memory_get
                0x08012ca4       0x48 lib/acados/acados/libacados.a(dense_qp_hpipm.c.obj)
                0x08012ca4                dense_qp_hpipm_memory_get
 .text.dense_qp_hpipm_opts_assign
                0x08012cec       0x74 lib/acados/acados/libacados.a(dense_qp_hpipm.c.obj)
                0x08012cec                dense_qp_hpipm_opts_assign
 .text.dense_qp_hpipm_memory_assign
                0x08012d60       0x7c lib/acados/acados/libacados.a(dense_qp_hpipm.c.obj)
                0x08012d60                dense_qp_hpipm_memory_assign
 .text.dense_qp_hpipm_config_initialize_default
                0x08012ddc       0x68 lib/acados/acados/libacados.a(dense_qp_hpipm.c.obj)
                0x08012ddc                dense_qp_hpipm_config_initialize_default
 .text.ocp_nlp_constraints_bgh_dims_initialize
                0x08012e44       0x28 lib/acados/acados/libacados.a(ocp_nlp_constraints_bgh.c.obj)
                0x08012e44                ocp_nlp_constraints_bgh_dims_initialize
 .text.ocp_nlp_constraints_bgh_opts_calculate_size
                0x08012e6c        0x4 lib/acados/acados/libacados.a(ocp_nlp_constraints_bgh.c.obj)
                0x08012e6c                ocp_nlp_constraints_bgh_opts_calculate_size
 .text.ocp_nlp_constraints_bgh_opts_assign
                0x08012e70        0x4 lib/acados/acados/libacados.a(ocp_nlp_constraints_bgh.c.obj)
                0x08012e70                ocp_nlp_constraints_bgh_opts_assign
 .text.ocp_nlp_constraints_bgh_opts_initialize_default
                0x08012e74        0xc lib/acados/acados/libacados.a(ocp_nlp_constraints_bgh.c.obj)
                0x08012e74                ocp_nlp_constraints_bgh_opts_initialize_default
 .text.ocp_nlp_constraints_bgh_opts_update
                0x08012e80        0x4 lib/acados/acados/libacados.a(ocp_nlp_constraints_bgh.c.obj)
                0x08012e80                ocp_nlp_constraints_bgh_opts_update
 .text.ocp_nlp_constraints_bgh_memory_get_fun_ptr
                0x08012e84        0x4 lib/acados/acados/libacados.a(ocp_nlp_constraints_bgh.c.obj)
                0x08012e84                ocp_nlp_constraints_bgh_memory_get_fun_ptr
 .text.ocp_nlp_constraints_bgh_memory_get_adj_ptr
                0x08012e88        0x4 lib/acados/acados/libacados.a(ocp_nlp_constraints_bgh.c.obj)
                0x08012e88                ocp_nlp_constraints_bgh_memory_get_adj_ptr
 .text.ocp_nlp_constraints_bgh_memory_set_ux_ptr
                0x08012e8c        0x4 lib/acados/acados/libacados.a(ocp_nlp_constraints_bgh.c.obj)
                0x08012e8c                ocp_nlp_constraints_bgh_memory_set_ux_ptr
 .text.ocp_nlp_constraints_bgh_memory_set_tmp_ux_ptr
                0x08012e90        0x4 lib/acados/acados/libacados.a(ocp_nlp_constraints_bgh.c.obj)
                0x08012e90                ocp_nlp_constraints_bgh_memory_set_tmp_ux_ptr
 .text.ocp_nlp_constraints_bgh_memory_set_lam_ptr
                0x08012e94        0x4 lib/acados/acados/libacados.a(ocp_nlp_constraints_bgh.c.obj)
                0x08012e94                ocp_nlp_constraints_bgh_memory_set_lam_ptr
 .text.ocp_nlp_constraints_bgh_memory_set_tmp_lam_ptr
                0x08012e98        0x4 lib/acados/acados/libacados.a(ocp_nlp_constraints_bgh.c.obj)
                0x08012e98                ocp_nlp_constraints_bgh_memory_set_tmp_lam_ptr
 .text.ocp_nlp_constraints_bgh_memory_set_DCt_ptr
                0x08012e9c        0x4 lib/acados/acados/libacados.a(ocp_nlp_constraints_bgh.c.obj)
                0x08012e9c                ocp_nlp_constraints_bgh_memory_set_DCt_ptr
 .text.ocp_nlp_constraints_bgh_memory_set_RSQrq_ptr
                0x08012ea0        0x4 lib/acados/acados/libacados.a(ocp_nlp_constraints_bgh.c.obj)
                0x08012ea0                ocp_nlp_constraints_bgh_memory_set_RSQrq_ptr
 .text.ocp_nlp_constraints_bgh_memory_set_z_alg_ptr
                0x08012ea4        0x4 lib/acados/acados/libacados.a(ocp_nlp_constraints_bgh.c.obj)
                0x08012ea4                ocp_nlp_constraints_bgh_memory_set_z_alg_ptr
 .text.ocp_nlp_constraints_bgh_memory_set_dzduxt_ptr
                0x08012ea8        0x4 lib/acados/acados/libacados.a(ocp_nlp_constraints_bgh.c.obj)
                0x08012ea8                ocp_nlp_constraints_bgh_memory_set_dzduxt_ptr
 .text.ocp_nlp_constraints_bgh_memory_set_idxb_ptr
                0x08012eac        0x4 lib/acados/acados/libacados.a(ocp_nlp_constraints_bgh.c.obj)
                0x08012eac                ocp_nlp_constraints_bgh_memory_set_idxb_ptr
 .text.ocp_nlp_constraints_bgh_memory_set_idxs_rev_ptr
                0x08012eb0        0x4 lib/acados/acados/libacados.a(ocp_nlp_constraints_bgh.c.obj)
                0x08012eb0                ocp_nlp_constraints_bgh_memory_set_idxs_rev_ptr
 .text.ocp_nlp_constraints_bgh_memory_set_idxe_ptr
                0x08012eb4        0x4 lib/acados/acados/libacados.a(ocp_nlp_constraints_bgh.c.obj)
                0x08012eb4                ocp_nlp_constraints_bgh_memory_set_idxe_ptr
 .text.ocp_nlp_constraints_bgh_config_initialize_default
                0x08012eb8      0x11c lib/acados/acados/libacados.a(ocp_nlp_constraints_bgh.c.obj)
                0x08012eb8                ocp_nlp_constraints_bgh_config_initialize_default
 .text.ocp_nlp_constraints_bgh_dims_calculate_size
                0x08012fd4       0x18 lib/acados/acados/libacados.a(ocp_nlp_constraints_bgh.c.obj)
                0x08012fd4                ocp_nlp_constraints_bgh_dims_calculate_size
 .text.ocp_nlp_constraints_bgh_dims_assign
                0x08012fec       0x60 lib/acados/acados/libacados.a(ocp_nlp_constraints_bgh.c.obj)
                0x08012fec                ocp_nlp_constraints_bgh_dims_assign
 .text.ocp_nlp_constraints_bgh_memory_calculate_size
                0x0801304c       0x4c lib/acados/acados/libacados.a(ocp_nlp_constraints_bgh.c.obj)
                0x0801304c                ocp_nlp_constraints_bgh_memory_calculate_size
 .text.ocp_nlp_constraints_bgh_model_calculate_size
                0x08013098       0x60 lib/acados/acados/libacados.a(ocp_nlp_constraints_bgh.c.obj)
                0x08013098                ocp_nlp_constraints_bgh_model_calculate_size
 .text.ocp_nlp_constraints_bgh_workspace_calculate_size
                0x080130f8       0x74 lib/acados/acados/libacados.a(ocp_nlp_constraints_bgh.c.obj)
                0x080130f8                ocp_nlp_constraints_bgh_workspace_calculate_size
 .text.ocp_nlp_constraints_bgh_memory_assign
                0x0801316c       0x9c lib/acados/acados/libacados.a(ocp_nlp_constraints_bgh.c.obj)
                0x0801316c                ocp_nlp_constraints_bgh_memory_assign
 .text.ocp_nlp_constraints_bgh_cast_workspace
                0x08013208       0xd8 lib/acados/acados/libacados.a(ocp_nlp_constraints_bgh.c.obj)
 .text.ocp_nlp_constraints_bgh_model_assign
                0x080132e0      0x104 lib/acados/acados/libacados.a(ocp_nlp_constraints_bgh.c.obj)
                0x080132e0                ocp_nlp_constraints_bgh_model_assign
 .text.ocp_nlp_constraints_bgh_model_set
                0x080133e4      0x608 lib/acados/acados/libacados.a(ocp_nlp_constraints_bgh.c.obj)
                0x080133e4                ocp_nlp_constraints_bgh_model_set
 .text.ocp_nlp_constraints_bgh_initialize
                0x080139ec       0xa0 lib/acados/acados/libacados.a(ocp_nlp_constraints_bgh.c.obj)
                0x080139ec                ocp_nlp_constraints_bgh_initialize
 .text.ocp_nlp_constraints_bgh_bounds_update
                0x08013a8c       0x70 lib/acados/acados/libacados.a(ocp_nlp_constraints_bgh.c.obj)
                0x08013a8c                ocp_nlp_constraints_bgh_bounds_update
 *fill*         0x08013afc        0x4 
 .text.ocp_nlp_constraints_bgh_compute_fun
                0x08013b00      0x190 lib/acados/acados/libacados.a(ocp_nlp_constraints_bgh.c.obj)
                0x08013b00                ocp_nlp_constraints_bgh_compute_fun
 .text.ocp_nlp_constraints_bgh_update_qp_matrices
                0x08013c90      0x44c lib/acados/acados/libacados.a(ocp_nlp_constraints_bgh.c.obj)
                0x08013c90                ocp_nlp_constraints_bgh_update_qp_matrices
 .text.ocp_nlp_constraints_bgh_dims_set
                0x080140dc      0x198 lib/acados/acados/libacados.a(ocp_nlp_constraints_bgh.c.obj)
                0x080140dc                ocp_nlp_constraints_bgh_dims_set
 .text.ocp_nlp_constraints_bgh_dims_get
                0x08014274      0x1ac lib/acados/acados/libacados.a(ocp_nlp_constraints_bgh.c.obj)
                0x08014274                ocp_nlp_constraints_bgh_dims_get
 .text.ocp_nlp_constraints_bgh_opts_set
                0x08014420       0x44 lib/acados/acados/libacados.a(ocp_nlp_constraints_bgh.c.obj)
                0x08014420                ocp_nlp_constraints_bgh_opts_set
 .text.ocp_nlp_constraints_bgp_dims_calculate_size
                0x08014464        0x4 lib/acados/acados/libacados.a(ocp_nlp_constraints_bgp.c.obj)
                0x08014464                ocp_nlp_constraints_bgp_dims_calculate_size
 .text.ocp_nlp_constraints_bgp_dims_assign
                0x08014468       0x2c lib/acados/acados/libacados.a(ocp_nlp_constraints_bgp.c.obj)
                0x08014468                ocp_nlp_constraints_bgp_dims_assign
 .text.ocp_nlp_constraints_bgp_dims_initialize
                0x08014494       0x2c lib/acados/acados/libacados.a(ocp_nlp_constraints_bgp.c.obj)
                0x08014494                ocp_nlp_constraints_bgp_dims_initialize
 .text.ocp_nlp_constraints_bgp_opts_calculate_size
                0x080144c0        0x4 lib/acados/acados/libacados.a(ocp_nlp_constraints_bgp.c.obj)
                0x080144c0                ocp_nlp_constraints_bgp_opts_calculate_size
 .text.ocp_nlp_constraints_bgp_opts_assign
                0x080144c4        0x4 lib/acados/acados/libacados.a(ocp_nlp_constraints_bgp.c.obj)
                0x080144c4                ocp_nlp_constraints_bgp_opts_assign
 .text.ocp_nlp_constraints_bgp_opts_initialize_default
                0x080144c8        0xc lib/acados/acados/libacados.a(ocp_nlp_constraints_bgp.c.obj)
                0x080144c8                ocp_nlp_constraints_bgp_opts_initialize_default
 .text.ocp_nlp_constraints_bgp_opts_update
                0x080144d4        0x4 lib/acados/acados/libacados.a(ocp_nlp_constraints_bgp.c.obj)
                0x080144d4                ocp_nlp_constraints_bgp_opts_update
 .text.ocp_nlp_constraints_bgp_memory_get_fun_ptr
                0x080144d8        0x4 lib/acados/acados/libacados.a(ocp_nlp_constraints_bgp.c.obj)
                0x080144d8                ocp_nlp_constraints_bgp_memory_get_fun_ptr
 .text.ocp_nlp_constraints_bgp_memory_get_adj_ptr
                0x080144dc        0x4 lib/acados/acados/libacados.a(ocp_nlp_constraints_bgp.c.obj)
                0x080144dc                ocp_nlp_constraints_bgp_memory_get_adj_ptr
 .text.ocp_nlp_constraints_bgp_memory_set_ux_ptr
                0x080144e0        0x4 lib/acados/acados/libacados.a(ocp_nlp_constraints_bgp.c.obj)
                0x080144e0                ocp_nlp_constraints_bgp_memory_set_ux_ptr
 .text.ocp_nlp_constraints_bgp_memory_set_tmp_ux_ptr
                0x080144e4        0x4 lib/acados/acados/libacados.a(ocp_nlp_constraints_bgp.c.obj)
                0x080144e4                ocp_nlp_constraints_bgp_memory_set_tmp_ux_ptr
 .text.ocp_nlp_constraints_bgp_memory_set_lam_ptr
                0x080144e8        0x4 lib/acados/acados/libacados.a(ocp_nlp_constraints_bgp.c.obj)
                0x080144e8                ocp_nlp_constraints_bgp_memory_set_lam_ptr
 .text.ocp_nlp_constraints_bgp_memory_set_tmp_lam_ptr
                0x080144ec        0x4 lib/acados/acados/libacados.a(ocp_nlp_constraints_bgp.c.obj)
                0x080144ec                ocp_nlp_constraints_bgp_memory_set_tmp_lam_ptr
 .text.ocp_nlp_constraints_bgp_memory_set_DCt_ptr
                0x080144f0        0x4 lib/acados/acados/libacados.a(ocp_nlp_constraints_bgp.c.obj)
                0x080144f0                ocp_nlp_constraints_bgp_memory_set_DCt_ptr
 .text.ocp_nlp_constraints_bgp_memory_set_RSQrq_ptr
                0x080144f4        0x4 lib/acados/acados/libacados.a(ocp_nlp_constraints_bgp.c.obj)
                0x080144f4                ocp_nlp_constraints_bgp_memory_set_RSQrq_ptr
 .text.ocp_nlp_constraints_bgp_memory_set_z_alg_ptr
                0x080144f8        0x4 lib/acados/acados/libacados.a(ocp_nlp_constraints_bgp.c.obj)
                0x080144f8                ocp_nlp_constraints_bgp_memory_set_z_alg_ptr
 .text.ocp_nlp_constraints_bgp_memory_set_dzduxt_ptr
                0x080144fc        0x4 lib/acados/acados/libacados.a(ocp_nlp_constraints_bgp.c.obj)
                0x080144fc                ocp_nlp_constraints_bgp_memory_set_dzduxt_ptr
 .text.ocp_nlp_constraints_bgp_memory_set_idxb_ptr
                0x08014500        0x4 lib/acados/acados/libacados.a(ocp_nlp_constraints_bgp.c.obj)
                0x08014500                ocp_nlp_constraints_bgp_memory_set_idxb_ptr
 .text.ocp_nlp_constraints_bgp_memory_set_idxs_rev_ptr
                0x08014504        0x4 lib/acados/acados/libacados.a(ocp_nlp_constraints_bgp.c.obj)
                0x08014504                ocp_nlp_constraints_bgp_memory_set_idxs_rev_ptr
 .text.ocp_nlp_constraints_bgp_memory_set_idxe_ptr
                0x08014508        0x4 lib/acados/acados/libacados.a(ocp_nlp_constraints_bgp.c.obj)
                0x08014508                ocp_nlp_constraints_bgp_memory_set_idxe_ptr
 .text.ocp_nlp_constraints_bgp_config_initialize_default
                0x0801450c      0x11c lib/acados/acados/libacados.a(ocp_nlp_constraints_bgp.c.obj)
                0x0801450c                ocp_nlp_constraints_bgp_config_initialize_default
 .text.ocp_nlp_constraints_bgp_memory_calculate_size
                0x08014628       0x2c lib/acados/acados/libacados.a(ocp_nlp_constraints_bgp.c.obj)
                0x08014628                ocp_nlp_constraints_bgp_memory_calculate_size
 .text.ocp_nlp_constraints_bgp_model_calculate_size
                0x08014654       0x44 lib/acados/acados/libacados.a(ocp_nlp_constraints_bgp.c.obj)
                0x08014654                ocp_nlp_constraints_bgp_model_calculate_size
 .text.ocp_nlp_constraints_bgp_workspace_calculate_size
                0x08014698       0x78 lib/acados/acados/libacados.a(ocp_nlp_constraints_bgp.c.obj)
                0x08014698                ocp_nlp_constraints_bgp_workspace_calculate_size
 .text.ocp_nlp_constraints_bgp_cast_workspace
                0x08014710       0xd8 lib/acados/acados/libacados.a(ocp_nlp_constraints_bgp.c.obj)
 .text.ocp_nlp_constraints_bgp_model_assign
                0x080147e8       0xf4 lib/acados/acados/libacados.a(ocp_nlp_constraints_bgp.c.obj)
                0x080147e8                ocp_nlp_constraints_bgp_model_assign
 .text.ocp_nlp_constraints_bgp_model_set
                0x080148dc      0x5f4 lib/acados/acados/libacados.a(ocp_nlp_constraints_bgp.c.obj)
                0x080148dc                ocp_nlp_constraints_bgp_model_set
 .text.ocp_nlp_constraints_bgp_initialize
                0x08014ed0       0xa0 lib/acados/acados/libacados.a(ocp_nlp_constraints_bgp.c.obj)
                0x08014ed0                ocp_nlp_constraints_bgp_initialize
 .text.ocp_nlp_constraints_bgp_bounds_update
                0x08014f70       0x70 lib/acados/acados/libacados.a(ocp_nlp_constraints_bgp.c.obj)
                0x08014f70                ocp_nlp_constraints_bgp_bounds_update
 .text.ocp_nlp_constraints_bgp_compute_fun
                0x08014fe0      0x190 lib/acados/acados/libacados.a(ocp_nlp_constraints_bgp.c.obj)
                0x08014fe0                ocp_nlp_constraints_bgp_compute_fun
 .text.ocp_nlp_constraints_bgp_update_qp_matrices
                0x08015170      0x3b4 lib/acados/acados/libacados.a(ocp_nlp_constraints_bgp.c.obj)
                0x08015170                ocp_nlp_constraints_bgp_update_qp_matrices
 .text.ocp_nlp_constraints_bgp_dims_set
                0x08015524      0x1a8 lib/acados/acados/libacados.a(ocp_nlp_constraints_bgp.c.obj)
                0x08015524                ocp_nlp_constraints_bgp_dims_set
 .text.ocp_nlp_constraints_bgp_dims_get
                0x080156cc      0x190 lib/acados/acados/libacados.a(ocp_nlp_constraints_bgp.c.obj)
                0x080156cc                ocp_nlp_constraints_bgp_dims_get
 .text.ocp_nlp_constraints_bgp_opts_set
                0x0801585c       0x44 lib/acados/acados/libacados.a(ocp_nlp_constraints_bgp.c.obj)
                0x0801585c                ocp_nlp_constraints_bgp_opts_set
 .text.ocp_nlp_constraints_bgp_memory_assign
                0x080158a0       0xa0 lib/acados/acados/libacados.a(ocp_nlp_constraints_bgp.c.obj)
                0x080158a0                ocp_nlp_constraints_bgp_memory_assign
 .text.ocp_nlp_cost_external_dims_calculate_size
                0x08015940        0x4 lib/acados/acados/libacados.a(ocp_nlp_cost_external.c.obj)
                0x08015940                ocp_nlp_cost_external_dims_calculate_size
 .text.ocp_nlp_cost_external_dims_assign
                0x08015944        0x4 lib/acados/acados/libacados.a(ocp_nlp_cost_external.c.obj)
                0x08015944                ocp_nlp_cost_external_dims_assign
 .text.ocp_nlp_cost_external_dims_initialize
                0x08015948        0xc lib/acados/acados/libacados.a(ocp_nlp_cost_external.c.obj)
                0x08015948                ocp_nlp_cost_external_dims_initialize
 .text.ocp_nlp_cost_external_opts_initialize_default
                0x08015954        0x8 lib/acados/acados/libacados.a(ocp_nlp_cost_external.c.obj)
                0x08015954                ocp_nlp_cost_external_opts_initialize_default
 .text.ocp_nlp_cost_external_opts_update
                0x0801595c        0x4 lib/acados/acados/libacados.a(ocp_nlp_cost_external.c.obj)
                0x0801595c                ocp_nlp_cost_external_opts_update
 .text.ocp_nlp_cost_external_memory_get_fun_ptr
                0x08015960        0x4 lib/acados/acados/libacados.a(ocp_nlp_cost_external.c.obj)
                0x08015960                ocp_nlp_cost_external_memory_get_fun_ptr
 .text.ocp_nlp_cost_external_memory_get_grad_ptr
                0x08015964        0x4 lib/acados/acados/libacados.a(ocp_nlp_cost_external.c.obj)
                0x08015964                ocp_nlp_cost_external_memory_get_grad_ptr
 .text.ocp_nlp_cost_external_memory_set_RSQrq_ptr
                0x08015968        0x4 lib/acados/acados/libacados.a(ocp_nlp_cost_external.c.obj)
                0x08015968                ocp_nlp_cost_external_memory_set_RSQrq_ptr
 .text.ocp_nlp_cost_external_memory_set_Z_ptr
                0x0801596c        0x4 lib/acados/acados/libacados.a(ocp_nlp_cost_external.c.obj)
                0x0801596c                ocp_nlp_cost_external_memory_set_Z_ptr
 .text.ocp_nlp_cost_external_memory_set_ux_ptr
                0x08015970        0x4 lib/acados/acados/libacados.a(ocp_nlp_cost_external.c.obj)
                0x08015970                ocp_nlp_cost_external_memory_set_ux_ptr
 .text.ocp_nlp_cost_external_memory_set_tmp_ux_ptr
                0x08015974        0x4 lib/acados/acados/libacados.a(ocp_nlp_cost_external.c.obj)
                0x08015974                ocp_nlp_cost_external_memory_set_tmp_ux_ptr
 .text.ocp_nlp_cost_external_memory_set_z_alg_ptr
                0x08015978        0x4 lib/acados/acados/libacados.a(ocp_nlp_cost_external.c.obj)
                0x08015978                ocp_nlp_cost_external_memory_set_z_alg_ptr
 .text.ocp_nlp_cost_external_memory_set_dzdux_tran_ptr
                0x0801597c        0x4 lib/acados/acados/libacados.a(ocp_nlp_cost_external.c.obj)
                0x0801597c                ocp_nlp_cost_external_memory_set_dzdux_tran_ptr
 .text.ocp_nlp_cost_external_config_initialize_default
                0x08015980       0xe8 lib/acados/acados/libacados.a(ocp_nlp_cost_external.c.obj)
                0x08015980                ocp_nlp_cost_external_config_initialize_default
 .text.ocp_nlp_cost_external_dims_get
                0x08015a68       0x14 lib/acados/acados/libacados.a(ocp_nlp_cost_external.c.obj)
                0x08015a68                ocp_nlp_cost_external_dims_get
 .text.ocp_nlp_cost_external_model_calculate_size
                0x08015a7c       0x20 lib/acados/acados/libacados.a(ocp_nlp_cost_external.c.obj)
                0x08015a7c                ocp_nlp_cost_external_model_calculate_size
 .text.ocp_nlp_cost_external_memory_calculate_size
                0x08015a9c       0x18 lib/acados/acados/libacados.a(ocp_nlp_cost_external.c.obj)
                0x08015a9c                ocp_nlp_cost_external_memory_calculate_size
 .text.ocp_nlp_cost_external_workspace_calculate_size
                0x08015ab4       0x20 lib/acados/acados/libacados.a(ocp_nlp_cost_external.c.obj)
                0x08015ab4                ocp_nlp_cost_external_workspace_calculate_size
 .text.ocp_nlp_cost_external_model_set
                0x08015ad4      0x190 lib/acados/acados/libacados.a(ocp_nlp_cost_external.c.obj)
                0x08015ad4                ocp_nlp_cost_external_model_set
 .text.ocp_nlp_cost_external_opts_calculate_size
                0x08015c64       0x1c lib/acados/acados/libacados.a(ocp_nlp_cost_external.c.obj)
                0x08015c64                ocp_nlp_cost_external_opts_calculate_size
 .text.ocp_nlp_cost_external_initialize
                0x08015c80       0x24 lib/acados/acados/libacados.a(ocp_nlp_cost_external.c.obj)
                0x08015c80                ocp_nlp_cost_external_initialize
 .text.ocp_nlp_cost_external_dims_set
                0x08015ca4       0x74 lib/acados/acados/libacados.a(ocp_nlp_cost_external.c.obj)
                0x08015ca4                ocp_nlp_cost_external_dims_set
 .text.ocp_nlp_cost_external_opts_set